post         lam=0.6 n_sel=  27 s=0.14 zN=  -0.11 th= +0.001 thmin=0.60 old=R1   new=R1
post         lam=0.6 n_sel=  25 s=0.12 zN=  -0.00 th= -0.001 thmin=0.60 old=R1   new=R1
post         lam=0.6 n_sel=  26 s=0.13 zN=  +1.11 th= +0.035 thmin=0.60 old=R1   new=R1
post         lam=0.6 n_sel= 113 s=0.56 zN=  +0.79 th= +0.014 thmin=0.97 old=R1   new=R1
post         lam=0.6 n_sel= 118 s=0.59 zN=  -0.79 th= -0.005 thmin=0.97 old=R1   new=R1
post         lam=0.6 n_sel= 136 s=0.68 zN=  +0.32 th= +0.009 thmin=0.97 old=R1   new=R1
post         lam=0.8 n_sel=   0 s=0.00 zN=   +nan th=   +nan thmin=1.00 old=R6   new=R6
post         lam=0.8 n_sel=  20 s=0.10 zN=  +0.08 th= +0.008 thmin=1.00 old=R1   new=R1
post         lam=0.8 n_sel=  22 s=0.11 zN=  +0.33 th= +0.013 thmin=1.00 old=R1   new=R1
post         lam=0.8 n_sel= 106 s=0.53 zN=  +0.10 th= +0.010 thmin=2.20 old=R1   new=R1
post         lam=0.8 n_sel= 114 s=0.57 zN=  -0.09 th= +0.002 thmin=2.20 old=R1   new=R1
post         lam=0.8 n_sel= 116 s=0.58 zN=  +0.67 th= +0.012 thmin=2.20 old=R1   new=R1
noise        lam=0.5 n_sel=   0 s=0.00 zN=   +nan th=   +nan thmin=0.30 old=R6   new=R6
noise        lam=0.5 n_sel=  26 s=0.13 zN= +13.17 th= +0.518 thmin=0.45 old=R2   new=R2
noise        lam=0.5 n_sel=  26 s=0.13 zN= +15.32 th= +0.585 thmin=0.45 old=R2   new=R2
noise        lam=0.6 n_sel=  34 s=0.17 zN= +19.64 th= +0.785 thmin=0.60 old=R2   new=R2
noise        lam=0.6 n_sel=  26 s=0.13 zN= +16.86 th= +0.796 thmin=0.60 old=R2   new=R2
noise        lam=0.6 n_sel=   0 s=0.00 zN=   +nan th=   +nan thmin=0.45 old=R6   new=R6
noise        lam=0.7 n_sel=  23 s=0.12 zN= +16.66 th= +0.903 thmin=0.58 old=R3   new=R2
noise        lam=0.7 n_sel=  24 s=0.12 zN= +15.68 th= +0.752 thmin=0.58 old=R3   new=R2
noise        lam=0.7 n_sel=  22 s=0.11 zN= +12.59 th= +0.706 thmin=0.58 old=R3   new=R2
noise        lam=0.5 n_sel= 117 s=0.58 zN= +33.91 th= +0.823 thmin=0.65 old=R2   new=R2
noise        lam=0.5 n_sel= 125 s=0.62 zN= +35.88 th= +0.814 thmin=0.65 old=R2   new=R2
noise        lam=0.5 n_sel= 121 s=0.60 zN= +28.24 th= +0.908 thmin=0.65 old=R2   new=R2
err          lam=0.5 n_sel=  68 s=0.34 zN= -25.02 th= -0.746 thmin=0.55 old=R4   new=R4
err          lam=0.5 n_sel=  55 s=0.28 zN= -22.86 th= -0.645 thmin=0.55 old=R4   new=R4
err          lam=0.5 n_sel=  71 s=0.35 zN= -28.34 th= -0.691 thmin=0.55 old=R4   new=R4
err          lam=0.6 n_sel=  65 s=0.33 zN= -25.78 th= -0.726 thmin=0.68 old=R4   new=R4
err          lam=0.6 n_sel=  78 s=0.39 zN= -26.54 th= -0.768 thmin=0.68 old=R4   new=R4
err          lam=0.6 n_sel=  70 s=0.35 zN= -22.21 th= -0.648 thmin=0.68 old=R4   new=R4
mix0.10      lam=0.6 n_sel= 133 s=0.67 zN= +11.23 th= +0.136 thmin=0.97 old=R3   new=R3
mix0.10      lam=0.6 n_sel= 135 s=0.68 zN=  +9.63 th= +0.122 thmin=0.97 old=R3   new=R3
mix0.10      lam=0.6 n_sel= 127 s=0.64 zN=  +8.12 th= +0.103 thmin=0.97 old=R3   new=R3
mix0.10      lam=0.8 n_sel= 163 s=0.81 zN= +20.73 th= +0.250 thmin=2.20 old=R3   new=R3
mix0.10      lam=0.8 n_sel= 161 s=0.81 zN= +20.30 th= +0.266 thmin=2.20 old=R3   new=R3
mix0.10      lam=0.8 n_sel= 159 s=0.80 zN= +22.32 th= +0.339 thmin=2.20 old=R3   new=R3
mix0.30      lam=0.6 n_sel= 162 s=0.81 zN= +28.89 th= +0.402 thmin=0.97 old=R3   new=R3
mix0.30      lam=0.6 n_sel= 171 s=0.85 zN= +26.26 th= +0.437 thmin=0.97 old=R3   new=R3
mix0.30      lam=0.6 n_sel= 167 s=0.83 zN= +28.37 th= +0.417 thmin=0.97 old=R3   new=R3
mix0.30      lam=0.8 n_sel= 137 s=0.69 zN= +19.76 th= +0.337 thmin=2.20 old=R3   new=R3
mix0.30      lam=0.8 n_sel= 121 s=0.60 zN= +17.66 th= +0.309 thmin=2.20 old=R3   new=R3
mix0.30      lam=0.8 n_sel= 126 s=0.63 zN= +19.38 th= +0.346 thmin=2.20 old=R3   new=R3
mix0.50      lam=0.6 n_sel= 185 s=0.93 zN= +36.55 th= +0.638 thmin=0.97 old=R3   new=R3
mix0.50      lam=0.6 n_sel= 180 s=0.90 zN= +32.07 th= +0.570 thmin=0.97 old=R3   new=R3
mix0.50      lam=0.6 n_sel= 189 s=0.94 zN= +33.21 th= +0.633 thmin=0.97 old=R3   new=R3
mix0.50      lam=0.8 n_sel=  97 s=0.48 zN= +17.55 th= +0.389 thmin=1.40 old=R3   new=R3
mix0.50      lam=0.8 n_sel=  91 s=0.46 zN= +17.65 th= +0.337 thmin=1.40 old=R3   new=R3
mix0.50      lam=0.8 n_sel=  80 s=0.40 zN= +19.25 th= +0.424 thmin=1.40 old=R3   new=R3
mix0.10      lam=0.6 n_sel=   0 s=0.00 zN=   +nan th=   +nan thmin=0.45 old=R6   new=R6
mix0.10      lam=0.6 n_sel=   0 s=0.00 zN=   +nan th=   +nan thmin=0.45 old=R6   new=R6
mix0.10      lam=0.6 n_sel=  23 s=0.12 zN=  +3.28 th= +0.094 thmin=0.60 old=R3   new=R3
mix0.05      lam=0.8 n_sel=  38 s=0.19 zN=  +3.22 th= +0.090 thmin=1.00 old=R3   new=R3
mix0.05      lam=0.8 n_sel=  33 s=0.17 zN=  +5.46 th= +0.153 thmin=1.00 old=R3   new=R3
mix0.05      lam=0.8 n_sel=  30 s=0.15 zN=  +3.75 th= +0.122 thmin=1.00 old=R3   new=R3
MIX-post     lam=0.6 n_sel= 183 s=0.09 zN=  +1.28 th= +0.015 thmin=0.52 old=R1   new=R1
MIX-post     lam=0.6 n_sel= 211 s=0.10 zN=  +0.41 th= +0.007 thmin=0.60 old=R1   new=R1
MIX-post     lam=0.6 n_sel= 197 s=0.10 zN=  +0.83 th= +0.011 thmin=0.52 old=R1   new=R1
MIX-post     lam=0.8 n_sel= 208 s=0.10 zN=  +0.98 th= +0.012 thmin=1.00 old=R1   new=R1
MIX-post     lam=0.8 n_sel= 202 s=0.10 zN=  +0.85 th= +0.011 thmin=1.00 old=R1   new=R1
MIX-post     lam=0.8 n_sel= 191 s=0.10 zN=  +0.71 th= +0.010 thmin=1.00 old=R1   new=R1
MIX-noise    lam=0.5 n_sel= 229 s=0.12 zN= +35.21 th= +0.746 thmin=0.45 old=R2   new=R2
MIX-noise    lam=0.5 n_sel= 201 s=0.10 zN= +36.91 th= +0.806 thmin=0.45 old=R2   new=R2
MIX-noise    lam=0.5 n_sel= 182 s=0.09 zN= +39.14 th= +0.736 thmin=0.40 old=R2   new=R2
MIX-mix0.10  lam=0.6 n_sel= 235 s=0.12 zN= +12.32 th= +0.121 thmin=0.60 old=R3   new=R3
MIX-mix0.10  lam=0.6 n_sel= 237 s=0.12 zN= +12.82 th= +0.139 thmin=0.60 old=R3   new=R3
MIX-mix0.10  lam=0.6 n_sel= 237 s=0.12 zN= +14.80 th= +0.141 thmin=0.60 old=R3   new=R3
MIX-mix0.30  lam=0.6 n_sel= 323 s=0.16 zN= +33.24 th= +0.413 thmin=0.60 old=R3   new=R3
MIX-mix0.30  lam=0.6 n_sel= 326 s=0.16 zN= +33.02 th= +0.419 thmin=0.60 old=R3   new=R3
MIX-mix0.30  lam=0.6 n_sel= 336 s=0.17 zN= +33.63 th= +0.416 thmin=0.60 old=R3   new=R3
MIX-err      lam=0.5 n_sel= 382 s=0.19 zN= -39.73 th= -0.917 thmin=0.45 old=R4   new=R4
MIX-err      lam=0.5 n_sel= 367 s=0.18 zN= -40.13 th= -0.934 thmin=0.45 old=R4   new=R4
MIX-err      lam=0.5 n_sel= 373 s=0.19 zN= -41.82 th= -0.943 thmin=0.45 old=R4   new=R4

-- tally with the final kappa table --
post         n=12 {'R1': 11, 'R6': 1}
noise        n=12 {'R6': 2, 'R2': 10}
err          n= 6 {'R4': 6}
mix0.10      n= 9 {'R3': 7, 'R6': 2}
mix0.30      n= 6 {'R3': 6}
mix0.50      n= 6 {'R3': 6}
mix0.05      n= 3 {'R3': 3}
MIX-post     n= 6 {'R1': 6}
MIX-noise    n= 3 {'R2': 3}
MIX-mix0.10  n= 3 {'R3': 3}
MIX-mix0.30  n= 3 {'R3': 3}
MIX-err      n= 3 {'R4': 3}
