
=== F3: final rules on synthetic sets (sign-weighted z_N, z>=2 everywhere, kappa by n_sel/G_tested, lam_lo = true lam) ===
hyp lam delta fX | seed n_sel strength | z_D z_N(sign) theta_pc theta_pop | class
post  0.6 0.1 0.50 | 0   27 0.14 | +18.2 -0.11 +0.001 +0.00 | R1
post  0.6 0.1 0.50 | 1   25 0.12 | +17.1 -0.00 -0.001 +0.00 | R1
post  0.6 0.1 0.50 | 2   26 0.13 | +16.5 +1.11 +0.035 +0.00 | R1
post  0.6 0.2 0.50 | 0  113 0.56 | +32.3 +0.79 +0.014 +0.00 | R1
post  0.6 0.2 0.50 | 1  118 0.59 | +34.6 -0.79 -0.005 +0.00 | R1
post  0.6 0.2 0.50 | 2  136 0.68 | +35.5 +0.32 +0.009 +0.00 | R1
post  0.8 0.1 0.50 | 0    0 0.00 |  +nan  +nan +nan +0.00 | R6
post  0.8 0.1 0.50 | 1   20 0.10 | +16.6 +0.08 +0.008 +0.00 | R1
post  0.8 0.1 0.50 | 2   22 0.11 | +17.1 +0.33 +0.013 +0.00 | R1
post  0.8 0.2 0.50 | 0  106 0.53 | +31.0 +0.10 +0.010 +0.00 | R1
post  0.8 0.2 0.50 | 1  114 0.57 | +34.5 -0.09 +0.002 +0.00 | R1
post  0.8 0.2 0.50 | 2  116 0.58 | +34.1 +0.67 +0.012 +0.00 | R1
noise 0.5 0.1 0.50 | 0    0 0.00 |  +nan  +nan +nan +1.00 | R6
noise 0.5 0.1 0.50 | 1   26 0.13 | +15.6 +13.17 +0.518 +1.00 | R2
noise 0.5 0.1 0.50 | 2   26 0.13 | +14.4 +15.32 +0.585 +1.00 | R2
noise 0.6 0.1 0.50 | 0   34 0.17 | +14.1 +19.64 +0.785 +1.50 | R2
noise 0.6 0.1 0.50 | 1   26 0.13 | +13.7 +16.86 +0.796 +1.50 | R2
noise 0.6 0.1 0.50 | 2    0 0.00 |  +nan  +nan +nan +1.50 | R6
noise 0.7 0.1 0.50 | 0   23 0.12 |  +9.0 +16.66 +0.903 +2.33 | R3
noise 0.7 0.1 0.50 | 1   24 0.12 |  +9.6 +15.68 +0.752 +2.33 | R3
noise 0.7 0.1 0.50 | 2   22 0.11 |  +9.8 +12.59 +0.706 +2.33 | R3
noise 0.5 0.2 0.50 | 0  117 0.58 | +25.0 +33.91 +0.823 +1.00 | R2
noise 0.5 0.2 0.50 | 1  125 0.62 | +28.4 +35.88 +0.814 +1.00 | R2
noise 0.5 0.2 0.50 | 2  121 0.60 | +23.0 +28.24 +0.908 +1.00 | R2
err   0.5 0.1 0.50 | 0   68 0.34 | +22.8 -25.02 -0.746 -1.00 | R4
err   0.5 0.1 0.50 | 1   55 0.28 | +18.5 -22.86 -0.645 -1.00 | R4
err   0.5 0.1 0.50 | 2   71 0.35 | +20.2 -28.34 -0.691 -1.00 | R4
err   0.6 0.1 0.50 | 0   65 0.33 | +20.8 -25.78 -0.726 -1.00 | R4
err   0.6 0.1 0.50 | 1   78 0.39 | +21.3 -26.54 -0.768 -1.00 | R4
err   0.6 0.1 0.50 | 2   70 0.35 | +22.7 -22.21 -0.648 -1.00 | R4
mix   0.6 0.2 0.10 | 0  133 0.67 | +36.6 +11.23 +0.136 +0.15 | R3
mix   0.6 0.2 0.10 | 1  135 0.68 | +36.2 +9.63 +0.122 +0.15 | R3
mix   0.6 0.2 0.10 | 2  127 0.64 | +33.9 +8.12 +0.103 +0.15 | R3
mix   0.8 0.2 0.10 | 0  163 0.81 | +38.9 +20.73 +0.250 +0.29 | R3
mix   0.8 0.2 0.10 | 1  161 0.81 | +37.3 +20.30 +0.266 +0.29 | R3
mix   0.8 0.2 0.10 | 2  159 0.80 | +39.0 +22.32 +0.339 +0.29 | R3
mix   0.6 0.2 0.30 | 0  162 0.81 | +35.7 +28.89 +0.402 +0.45 | R3
mix   0.6 0.2 0.30 | 1  171 0.85 | +36.8 +26.26 +0.437 +0.45 | R3
mix   0.6 0.2 0.30 | 2  167 0.83 | +35.7 +28.37 +0.417 +0.45 | R3
mix   0.8 0.2 0.30 | 0  137 0.69 | +28.9 +19.76 +0.337 +0.37 | R3
mix   0.8 0.2 0.30 | 1  121 0.60 | +30.1 +17.66 +0.309 +0.37 | R3
mix   0.8 0.2 0.30 | 2  126 0.63 | +29.6 +19.38 +0.346 +0.37 | R3
mix   0.6 0.2 0.50 | 0  185 0.93 | +34.7 +36.55 +0.638 +0.65 | R3
mix   0.6 0.2 0.50 | 1  180 0.90 | +35.9 +32.07 +0.570 +0.65 | R3
mix   0.6 0.2 0.50 | 2  189 0.94 | +35.9 +33.21 +0.633 +0.65 | R3
mix   0.8 0.2 0.50 | 0   97 0.48 | +26.5 +17.55 +0.389 +0.50 | R3
mix   0.8 0.2 0.50 | 1   91 0.46 | +27.0 +17.65 +0.337 +0.50 | R3
mix   0.8 0.2 0.50 | 2   80 0.40 | +22.7 +19.25 +0.424 +0.50 | R3
mix   0.6 0.1 0.10 | 0    0 0.00 |  +nan  +nan +nan +0.15 | R6
mix   0.6 0.1 0.10 | 1    0 0.00 |  +nan  +nan +nan +0.15 | R6
mix   0.6 0.1 0.10 | 2   23 0.12 | +15.6 +3.28 +0.094 +0.15 | R3
mix   0.8 0.1 0.05 | 0   38 0.19 | +21.2 +3.22 +0.090 +0.20 | R3
mix   0.8 0.1 0.05 | 1   33 0.17 | +21.0 +5.46 +0.153 +0.20 | R3
mix   0.8 0.1 0.05 | 2   30 0.15 | +19.4 +3.75 +0.122 +0.20 | R3

-- mixtures: G=2000, 20% signal genes, n=100, Delta=0.2, R2=0.3, normal-tail BH (strength ~ 0.1) --

-- tally --
post               n=12  {'R1': 11, 'R6': 1}
noise              n=12  {'R6': 2, 'R2': 7, 'R3': 3}
err                n= 6  {'R4': 6}
mix0.1             n= 9  {'R3': 7, 'R6': 2}
mix0.3             n= 6  {'R3': 6}
mix0.5             n= 6  {'R3': 6}
mix0.05            n= 3  {'R3': 3}
[F3a done in 33s]
