[1/120] noise R2=0.1 lam=0.50 delta=0.10 fX=nan feas=False sel=  0 incr_p=-0.2063(pop 0.0905) theta_set_sel=+nan(pop +1.00) S_cross_sel=+nan null=+nan aggz=+nan Nz=+nan [1s]
[2/120] post  R2=0.1 lam=0.50 delta=0.10 fX=nan feas=True sel=  0 incr_p=-0.2128(pop 0.1000) theta_set_sel=+nan(pop +0.00) S_cross_sel=+nan null=+nan aggz=+nan Nz=+nan [1s]
[3/120] err   R2=0.1 lam=0.50 delta=0.10 fX=nan feas=False sel=  0 incr_p=-0.2037(pop 0.0905) theta_set_sel=+nan(pop -1.00) S_cross_sel=+nan null=+nan aggz=+nan Nz=+nan [1s]
[4/120] mix   R2=0.1 lam=0.50 delta=0.10 fX=0.1 feas=True sel=  0 incr_p=-0.1558(pop 0.1011) theta_set_sel=+nan(pop +0.10) S_cross_sel=+nan null=+nan aggz=+nan Nz=+nan [1s]
[5/120] mix   R2=0.1 lam=0.50 delta=0.10 fX=0.3 feas=True sel=  0 incr_p=-0.1935(pop 0.1129) theta_set_sel=+nan(pop +0.30) S_cross_sel=+nan null=+nan aggz=+nan Nz=+nan [1s]
[6/120] mix   R2=0.1 lam=0.50 delta=0.10 fX=0.5 feas=False sel=  5 incr_p=-0.1351(pop 0.1405) theta_set_sel=+0.51(pop +0.49) S_cross_sel=+0.228 null=+0.013 aggz=+3.9 Nz=+8.6 [1s]
[7/120] noise R2=0.1 lam=0.50 delta=0.20 fX=nan feas=False sel=  0 incr_p=-0.1681(pop 0.0905) theta_set_sel=+nan(pop +1.00) S_cross_sel=+nan null=+nan aggz=+nan Nz=+nan [1s]
[8/120] post  R2=0.1 lam=0.50 delta=0.20 fX=nan feas=True sel= 20 incr_p=-0.0365(pop 0.2000) theta_set_sel=+0.01(pop +0.00) S_cross_sel=-0.113 null=+0.008 aggz=-4.5 Nz=+0.9 [1s]
[9/120] err   R2=0.1 lam=0.50 delta=0.20 fX=nan feas=False sel=  0 incr_p=-0.1972(pop 0.0905) theta_set_sel=+nan(pop -1.00) S_cross_sel=+nan null=+nan aggz=+nan Nz=+nan [1s]
[10/120] mix   R2=0.1 lam=0.50 delta=0.20 fX=0.1 feas=True sel= 10 incr_p=-0.0843(pop 0.2050) theta_set_sel=+0.03(pop +0.10) S_cross_sel=-0.074 null=+0.008 aggz=-1.5 Nz=+1.8 [1s]
[11/120] mix   R2=0.1 lam=0.50 delta=0.20 fX=0.3 feas=False sel= 22 incr_p=-0.0053(pop 0.2305) theta_set_sel=+0.20(pop +0.25) S_cross_sel=+0.107 null=+0.007 aggz=+4.2 Nz=+12.5 [1s]
[12/120] mix   R2=0.1 lam=0.50 delta=0.20 fX=0.5 feas=False sel= 15 incr_p=-0.0499(pop 0.1905) theta_set_sel=+0.17(pop +0.32) S_cross_sel=+0.100 null=+0.006 aggz=+3.1 Nz=+10.1 [1s]
[13/120] noise R2=0.1 lam=0.60 delta=0.10 fX=nan feas=False sel=  0 incr_p=-0.2339(pop 0.0589) theta_set_sel=+nan(pop +1.50) S_cross_sel=+nan null=+nan aggz=+nan Nz=+nan [1s]
[14/120] post  R2=0.1 lam=0.60 delta=0.10 fX=nan feas=True sel=  6 incr_p=-0.1635(pop 0.1000) theta_set_sel=-0.04(pop +0.00) S_cross_sel=-0.173 null=+0.004 aggz=-4.4 Nz=-1.7 [1s]
[15/120] err   R2=0.1 lam=0.60 delta=0.10 fX=nan feas=False sel=  0 incr_p=-0.2071(pop 0.0613) theta_set_sel=+nan(pop -1.00) S_cross_sel=+nan null=+nan aggz=+nan Nz=+nan [1s]
[16/120] mix   R2=0.1 lam=0.60 delta=0.10 fX=0.1 feas=True sel=  0 incr_p=-0.1628(pop 0.1029) theta_set_sel=+nan(pop +0.15) S_cross_sel=+nan null=+nan aggz=+nan Nz=+nan [1s]
[17/120] mix   R2=0.1 lam=0.60 delta=0.10 fX=0.3 feas=False sel=  5 incr_p=-0.1143(pop 0.1289) theta_set_sel=+0.19(pop +0.40) S_cross_sel=+0.103 null=+0.006 aggz=+1.5 Nz=+6.2 [1s]
[18/120] mix   R2=0.1 lam=0.60 delta=0.10 fX=0.5 feas=False sel=  9 incr_p=-0.1320(pop 0.1089) theta_set_sel=+0.22(pop +0.50) S_cross_sel=+0.067 null=+0.006 aggz=+1.9 Nz=+7.0 [1s]
[19/120] noise R2=0.1 lam=0.60 delta=0.20 fX=nan feas=False sel=  0 incr_p=-0.2577(pop 0.0589) theta_set_sel=+nan(pop +1.50) S_cross_sel=+nan null=+nan aggz=+nan Nz=+nan [1s]
[20/120] post  R2=0.1 lam=0.60 delta=0.20 fX=nan feas=True sel= 14 incr_p=-0.0484(pop 0.2000) theta_set_sel=+0.01(pop +0.00) S_cross_sel=-0.133 null=+0.009 aggz=-3.6 Nz=+0.5 [1s]
[21/120] err   R2=0.1 lam=0.60 delta=0.20 fX=nan feas=False sel=  0 incr_p=-0.2638(pop 0.0613) theta_set_sel=+nan(pop -1.00) S_cross_sel=+nan null=+nan aggz=+nan Nz=+nan [1s]
[22/120] mix   R2=0.1 lam=0.60 delta=0.20 fX=0.1 feas=True sel= 20 incr_p=+0.0064(pop 0.2164) theta_set_sel=+0.14(pop +0.15) S_cross_sel=+0.020 null=+0.009 aggz=+0.4 Nz=+9.0 [1s]
[23/120] mix   R2=0.1 lam=0.60 delta=0.20 fX=0.3 feas=False sel= 19 incr_p=-0.0386(pop 0.1989) theta_set_sel=+0.17(pop +0.23) S_cross_sel=+0.085 null=+0.005 aggz=+3.0 Nz=+9.8 [1s]
[24/120] mix   R2=0.1 lam=0.60 delta=0.20 fX=0.5 feas=False sel=  7 incr_p=-0.0857(pop 0.1589) theta_set_sel=+0.26(pop +0.30) S_cross_sel=+0.098 null=+0.009 aggz=+0.9 Nz=+7.4 [1s]
[25/120] noise R2=0.1 lam=0.70 delta=0.10 fX=nan feas=False sel=  0 incr_p=-0.2433(pop 0.0365) theta_set_sel=+nan(pop +2.33) S_cross_sel=+nan null=+nan aggz=+nan Nz=+nan [1s]
[26/120] post  R2=0.1 lam=0.70 delta=0.10 fX=nan feas=True sel=  0 incr_p=-0.1936(pop 0.1000) theta_set_sel=+nan(pop +0.00) S_cross_sel=+nan null=+nan aggz=+nan Nz=+nan [1s]
[27/120] err   R2=0.1 lam=0.70 delta=0.10 fX=nan feas=False sel=  0 incr_p=-0.2442(pop 0.0399) theta_set_sel=+nan(pop -1.00) S_cross_sel=+nan null=+nan aggz=+nan Nz=+nan [1s]
[28/120] mix   R2=0.1 lam=0.70 delta=0.10 fX=0.1 feas=True sel=  6 incr_p=-0.1254(pop 0.1120) theta_set_sel=+0.17(pop +0.23) S_cross_sel=+0.019 null=+0.003 aggz=+0.1 Nz=+4.4 [1s]
[29/120] mix   R2=0.1 lam=0.70 delta=0.10 fX=0.3 feas=False sel=  0 incr_p=-0.1713(pop 0.1065) theta_set_sel=+nan(pop +0.35) S_cross_sel=+nan null=+nan aggz=+nan Nz=+nan [1s]
[30/120] mix   R2=0.1 lam=0.70 delta=0.10 fX=0.5 feas=False sel=  0 incr_p=-0.1656(pop 0.0865) theta_set_sel=+nan(pop +0.46) S_cross_sel=+nan null=+nan aggz=+nan Nz=+nan [1s]
[31/120] noise R2=0.1 lam=0.70 delta=0.20 fX=nan feas=False sel=  0 incr_p=-0.2998(pop 0.0365) theta_set_sel=+nan(pop +2.33) S_cross_sel=+nan null=+nan aggz=+nan Nz=+nan [1s]
[32/120] post  R2=0.1 lam=0.70 delta=0.20 fX=nan feas=True sel= 11 incr_p=-0.0877(pop 0.2000) theta_set_sel=+0.00(pop +0.00) S_cross_sel=-0.112 null=+0.003 aggz=-3.7 Nz=+0.2 [1s]
[33/120] err   R2=0.1 lam=0.70 delta=0.20 fX=nan feas=False sel=  0 incr_p=-0.2688(pop 0.0399) theta_set_sel=+nan(pop -1.00) S_cross_sel=+nan null=+nan aggz=+nan Nz=+nan [1s]
[34/120] mix   R2=0.1 lam=0.70 delta=0.20 fX=0.1 feas=False sel= 16 incr_p=-0.0387(pop 0.2165) theta_set_sel=+0.12(pop +0.15) S_cross_sel=-0.026 null=+0.007 aggz=-0.8 Nz=+5.7 [1s]
[35/120] mix   R2=0.1 lam=0.70 delta=0.20 fX=0.3 feas=False sel= 13 incr_p=-0.0709(pop 0.1765) theta_set_sel=+0.12(pop +0.19) S_cross_sel=+0.002 null=+0.004 aggz=-0.9 Nz=+5.0 [1s]
[36/120] mix   R2=0.1 lam=0.70 delta=0.20 fX=0.5 feas=False sel=  9 incr_p=-0.0864(pop 0.1365) theta_set_sel=+0.20(pop +0.25) S_cross_sel=+0.107 null=+0.013 aggz=+1.7 Nz=+6.6 [1s]
[37/120] noise R2=0.1 lam=0.80 delta=0.10 fX=nan feas=False sel=  0 incr_p=-0.2762(pop 0.0198) theta_set_sel=+nan(pop +4.00) S_cross_sel=+nan null=+nan aggz=+nan Nz=+nan [1s]
[38/120] post  R2=0.1 lam=0.80 delta=0.10 fX=nan feas=True sel=  0 incr_p=-0.1774(pop 0.1000) theta_set_sel=+nan(pop +0.00) S_cross_sel=+nan null=+nan aggz=+nan Nz=+nan [1s]
[39/120] err   R2=0.1 lam=0.80 delta=0.10 fX=nan feas=False sel=  0 incr_p=-0.2777(pop 0.0235) theta_set_sel=+nan(pop -1.00) S_cross_sel=+nan null=+nan aggz=+nan Nz=+nan [1s]
[40/120] mix   R2=0.1 lam=0.80 delta=0.10 fX=0.1 feas=False sel=  0 incr_p=-0.2063(pop 0.1098) theta_set_sel=+nan(pop +0.20) S_cross_sel=+nan null=+nan aggz=+nan Nz=+nan [1s]
[41/120] mix   R2=0.1 lam=0.80 delta=0.10 fX=0.3 feas=False sel=  0 incr_p=-0.2112(pop 0.0898) theta_set_sel=+nan(pop +0.25) S_cross_sel=+nan null=+nan aggz=+nan Nz=+nan [1s]
[42/120] mix   R2=0.1 lam=0.80 delta=0.10 fX=0.5 feas=False sel=  0 incr_p=-0.2282(pop 0.0698) theta_set_sel=+nan(pop +0.35) S_cross_sel=+nan null=+nan aggz=+nan Nz=+nan [1s]
[43/120] noise R2=0.1 lam=0.80 delta=0.20 fX=nan feas=False sel=  0 incr_p=-0.2632(pop 0.0198) theta_set_sel=+nan(pop +4.00) S_cross_sel=+nan null=+nan aggz=+nan Nz=+nan [1s]
[44/120] post  R2=0.1 lam=0.80 delta=0.20 fX=nan feas=True sel= 18 incr_p=-0.0457(pop 0.2000) theta_set_sel=-0.01(pop +0.00) S_cross_sel=-0.139 null=+0.010 aggz=-5.1 Nz=-0.7 [1s]
[45/120] err   R2=0.1 lam=0.80 delta=0.20 fX=nan feas=False sel=  0 incr_p=-0.2700(pop 0.0235) theta_set_sel=+nan(pop -1.00) S_cross_sel=+nan null=+nan aggz=+nan Nz=+nan [1s]
[46/120] mix   R2=0.1 lam=0.80 delta=0.20 fX=0.1 feas=False sel= 16 incr_p=-0.0311(pop 0.1998) theta_set_sel=+0.09(pop +0.10) S_cross_sel=-0.034 null=+0.007 aggz=-0.4 Nz=+4.6 [1s]
[47/120] mix   R2=0.1 lam=0.80 delta=0.20 fX=0.3 feas=False sel= 10 incr_p=-0.1014(pop 0.1598) theta_set_sel=+0.08(pop +0.13) S_cross_sel=-0.039 null=+0.008 aggz=-1.1 Nz=+3.2 [1s]
[48/120] mix   R2=0.1 lam=0.80 delta=0.20 fX=0.5 feas=False sel=  6 incr_p=-0.1399(pop 0.1198) theta_set_sel=+0.16(pop +0.18) S_cross_sel=+0.024 null=+0.003 aggz=-0.4 Nz=+4.0 [1s]
[49/120] noise R2=0.1 lam=0.90 delta=0.10 fX=nan feas=False sel=  0 incr_p=-0.3103(pop 0.0073) theta_set_sel=+nan(pop +9.00) S_cross_sel=+nan null=+nan aggz=+nan Nz=+nan [1s]
[50/120] post  R2=0.1 lam=0.90 delta=0.10 fX=nan feas=True sel=  4 incr_p=-0.2105(pop 0.1000) theta_set_sel=+0.07(pop +0.00) S_cross_sel=-0.062 null=+0.003 aggz=+nan Nz=+nan [1s]
[51/120] err   R2=0.1 lam=0.90 delta=0.10 fX=nan feas=False sel=  0 incr_p=-0.3050(pop 0.0105) theta_set_sel=+nan(pop -1.00) S_cross_sel=+nan null=+nan aggz=+nan Nz=+nan [1s]
[52/120] mix   R2=0.1 lam=0.90 delta=0.10 fX=0.1 feas=False sel=  0 incr_p=-0.2003(pop 0.0973) theta_set_sel=+nan(pop +0.10) S_cross_sel=+nan null=+nan aggz=+nan Nz=+nan [1s]
[53/120] mix   R2=0.1 lam=0.90 delta=0.10 fX=0.3 feas=False sel=  0 incr_p=-0.2100(pop 0.0773) theta_set_sel=+nan(pop +0.13) S_cross_sel=+nan null=+nan aggz=+nan Nz=+nan [1s]
[54/120] mix   R2=0.1 lam=0.90 delta=0.10 fX=0.5 feas=False sel=  0 incr_p=-0.2093(pop 0.0573) theta_set_sel=+nan(pop +0.19) S_cross_sel=+nan null=+nan aggz=+nan Nz=+nan [1s]
[55/120] noise R2=0.1 lam=0.90 delta=0.20 fX=nan feas=False sel=  0 incr_p=-0.2923(pop 0.0073) theta_set_sel=+nan(pop +9.00) S_cross_sel=+nan null=+nan aggz=+nan Nz=+nan [1s]
[56/120] post  R2=0.1 lam=0.90 delta=0.20 fX=nan feas=True sel= 17 incr_p=-0.0391(pop 0.2000) theta_set_sel=+0.01(pop +0.00) S_cross_sel=-0.124 null=+0.007 aggz=-4.1 Nz=+0.4 [1s]
[57/120] err   R2=0.1 lam=0.90 delta=0.20 fX=nan feas=False sel=  0 incr_p=-0.2731(pop 0.0105) theta_set_sel=+nan(pop -1.00) S_cross_sel=+nan null=+nan aggz=+nan Nz=+nan [1s]
[58/120] mix   R2=0.1 lam=0.90 delta=0.20 fX=0.1 feas=False sel= 18 incr_p=-0.0409(pop 0.1873) theta_set_sel=+0.04(pop +0.05) S_cross_sel=-0.068 null=+0.011 aggz=-2.6 Nz=+2.4 [1s]
[59/120] mix   R2=0.1 lam=0.90 delta=0.20 fX=0.3 feas=False sel= 10 incr_p=-0.1329(pop 0.1473) theta_set_sel=+0.04(pop +0.07) S_cross_sel=-0.058 null=+0.014 aggz=-2.2 Nz=+1.5 [1s]
[60/120] mix   R2=0.1 lam=0.90 delta=0.20 fX=0.5 feas=False sel=  5 incr_p=-0.1341(pop 0.1073) theta_set_sel=+0.05(pop +0.09) S_cross_sel=-0.015 null=+0.020 aggz=-1.4 Nz=+1.2 [1s]
[61/120] noise R2=0.3 lam=0.50 delta=0.10 fX=nan feas=True sel=  0 incr_p=-0.1365(pop 0.1000) theta_set_sel=+nan(pop +1.00) S_cross_sel=+nan null=+nan aggz=+nan Nz=+nan [1s]
[62/120] post  R2=0.3 lam=0.50 delta=0.10 fX=nan feas=True sel=  3 incr_p=-0.1056(pop 0.1000) theta_set_sel=-0.05(pop +0.00) S_cross_sel=-0.234 null=+0.006 aggz=+nan Nz=+nan [1s]
[63/120] err   R2=0.3 lam=0.50 delta=0.10 fX=nan feas=True sel= 17 incr_p=-0.0224(pop 0.1500) theta_set_sel=-0.78(pop -1.00) S_cross_sel=-0.451 null=+0.010 aggz=-13.0 Nz=-15.1 [1s]
[64/120] mix   R2=0.3 lam=0.50 delta=0.10 fX=0.1 feas=True sel=  0 incr_p=-0.1095(pop 0.1003) theta_set_sel=+nan(pop +0.10) S_cross_sel=+nan null=+nan aggz=+nan Nz=+nan [1s]
[65/120] mix   R2=0.3 lam=0.50 delta=0.10 fX=0.3 feas=True sel= 10 incr_p=-0.0903(pop 0.1033) theta_set_sel=+0.25(pop +0.30) S_cross_sel=-0.107 null=+0.013 aggz=-2.6 Nz=+4.7 [1s]
[66/120] mix   R2=0.3 lam=0.50 delta=0.10 fX=0.5 feas=True sel=  6 incr_p=-0.0757(pop 0.1100) theta_set_sel=+0.32(pop +0.50) S_cross_sel=-0.020 null=+0.019 aggz=-0.9 Nz=+5.4 [1s]
[67/120] noise R2=0.3 lam=0.50 delta=0.20 fX=nan feas=True sel= 32 incr_p=+0.0747(pop 0.2000) theta_set_sel=+0.81(pop +1.00) S_cross_sel=+0.192 null=+0.014 aggz=+7.5 Nz=+23.8 [1s]
[68/120] post  R2=0.3 lam=0.50 delta=0.20 fX=nan feas=False sel= 18 incr_p=-0.0117(pop 0.1900) theta_set_sel=-0.03(pop +0.00) S_cross_sel=-0.253 null=+0.019 aggz=-7.9 Nz=-1.1 [1s]
[69/120] err   R2=0.3 lam=0.50 delta=0.20 fX=nan feas=False sel= 38 incr_p=+0.1440(pop 0.2714) theta_set_sel=-0.94(pop -1.00) S_cross_sel=-0.534 null=+0.018 aggz=-18.8 Nz=-26.3 [1s]
[70/120] mix   R2=0.3 lam=0.50 delta=0.20 fX=0.1 feas=True sel= 24 incr_p=+0.0111(pop 0.2014) theta_set_sel=+0.13(pop +0.10) S_cross_sel=-0.180 null=+0.013 aggz=-5.9 Nz=+4.8 [1s]
[71/120] mix   R2=0.3 lam=0.50 delta=0.20 fX=0.3 feas=True sel= 34 incr_p=+0.0724(pop 0.2150) theta_set_sel=+0.28(pop +0.30) S_cross_sel=-0.069 null=+0.017 aggz=-3.7 Nz=+11.8 [1s]
[72/120] mix   R2=0.3 lam=0.50 delta=0.20 fX=0.5 feas=True sel= 34 incr_p=+0.1113(pop 0.2500) theta_set_sel=+0.43(pop +0.50) S_cross_sel=+0.046 null=+0.013 aggz=+1.1 Nz=+20.0 [1s]
[73/120] noise R2=0.3 lam=0.60 delta=0.10 fX=nan feas=True sel=  0 incr_p=-0.1197(pop 0.1000) theta_set_sel=+nan(pop +1.50) S_cross_sel=+nan null=+nan aggz=+nan Nz=+nan [1s]
[74/120] post  R2=0.3 lam=0.60 delta=0.10 fX=nan feas=True sel=  3 incr_p=-0.1245(pop 0.1000) theta_set_sel=+0.08(pop +0.00) S_cross_sel=-0.158 null=+0.022 aggz=+nan Nz=+nan [1s]
[75/120] err   R2=0.3 lam=0.60 delta=0.10 fX=nan feas=True sel=  8 incr_p=-0.0593(pop 0.1500) theta_set_sel=-0.63(pop -1.00) S_cross_sel=-0.467 null=+0.015 aggz=-10.5 Nz=-10.2 [1s]
[76/120] mix   R2=0.3 lam=0.60 delta=0.10 fX=0.1 feas=True sel=  3 incr_p=-0.1304(pop 0.1008) theta_set_sel=-0.05(pop +0.15) S_cross_sel=-0.205 null=+0.014 aggz=+nan Nz=+nan [1s]
[77/120] mix   R2=0.3 lam=0.60 delta=0.10 fX=0.3 feas=True sel=  8 incr_p=-0.0942(pop 0.1087) theta_set_sel=+0.24(pop +0.45) S_cross_sel=-0.072 null=+0.010 aggz=-1.4 Nz=+3.9 [1s]
[78/120] mix   R2=0.3 lam=0.60 delta=0.10 fX=0.5 feas=True sel= 15 incr_p=-0.0571(pop 0.1300) theta_set_sel=+0.55(pop +0.75) S_cross_sel=+0.074 null=+0.012 aggz=+1.0 Nz=+13.4 [1s]
[79/120] noise R2=0.3 lam=0.60 delta=0.20 fX=nan feas=False sel= 21 incr_p=+0.0068(pop 0.1767) theta_set_sel=+1.16(pop +1.50) S_cross_sel=+0.242 null=+0.006 aggz=+6.2 Nz=+21.1 [1s]
[80/120] post  R2=0.3 lam=0.60 delta=0.20 fX=nan feas=True sel= 22 incr_p=+0.0075(pop 0.2000) theta_set_sel=-0.03(pop +0.00) S_cross_sel=-0.250 null=+0.015 aggz=-9.4 Nz=-1.2 [1s]
[81/120] err   R2=0.3 lam=0.60 delta=0.20 fX=nan feas=False sel= 18 incr_p=-0.0076(pop 0.1839) theta_set_sel=-0.83(pop -1.00) S_cross_sel=-0.519 null=+0.010 aggz=-16.9 Nz=-22.4 [1s]
[82/120] mix   R2=0.3 lam=0.60 delta=0.20 fX=0.1 feas=True sel= 30 incr_p=+0.0477(pop 0.2035) theta_set_sel=+0.12(pop +0.15) S_cross_sel=-0.178 null=+0.013 aggz=-7.2 Nz=+5.6 [1s]
[83/120] mix   R2=0.3 lam=0.60 delta=0.20 fX=0.3 feas=True sel= 35 incr_p=+0.1108(pop 0.2491) theta_set_sel=+0.47(pop +0.45) S_cross_sel=+0.021 null=+0.015 aggz=-0.3 Nz=+18.6 [1s]
[84/120] mix   R2=0.3 lam=0.60 delta=0.20 fX=0.5 feas=False sel= 37 incr_p=+0.1276(pop 0.2767) theta_set_sel=+0.66(pop +0.65) S_cross_sel=+0.130 null=+0.012 aggz=+4.9 Nz=+23.7 [1s]
[85/120] noise R2=0.3 lam=0.70 delta=0.10 fX=nan feas=True sel=  7 incr_p=-0.1326(pop 0.1000) theta_set_sel=+1.30(pop +2.33) S_cross_sel=+0.201 null=+0.014 aggz=+3.6 Nz=+10.8 [1s]
[86/120] post  R2=0.3 lam=0.70 delta=0.10 fX=nan feas=True sel= 12 incr_p=-0.0890(pop 0.1000) theta_set_sel=-0.05(pop +0.00) S_cross_sel=-0.238 null=+0.013 aggz=-6.0 Nz=-1.1 [1s]
[87/120] err   R2=0.3 lam=0.70 delta=0.10 fX=nan feas=False sel=  3 incr_p=-0.1179(pop 0.1196) theta_set_sel=-0.51(pop -1.00) S_cross_sel=-0.486 null=+0.015 aggz=+nan Nz=+nan [1s]
[88/120] mix   R2=0.3 lam=0.70 delta=0.10 fX=0.1 feas=True sel=  9 incr_p=-0.0783(pop 0.1022) theta_set_sel=+0.14(pop +0.23) S_cross_sel=-0.145 null=+0.009 aggz=-3.2 Nz=+3.4 [1s]
[89/120] mix   R2=0.3 lam=0.70 delta=0.10 fX=0.3 feas=True sel= 11 incr_p=-0.0821(pop 0.1359) theta_set_sel=+0.47(pop +0.70) S_cross_sel=+0.040 null=+0.018 aggz=+1.9 Nz=+9.7 [1s]
[90/120] mix   R2=0.3 lam=0.70 delta=0.10 fX=0.5 feas=False sel= 14 incr_p=-0.0230(pop 0.1594) theta_set_sel=+0.64(pop +0.99) S_cross_sel=+0.094 null=+0.013 aggz=+0.4 Nz=+12.2 [1s]
[91/120] noise R2=0.3 lam=0.70 delta=0.20 fX=nan feas=False sel=  0 incr_p=-0.1347(pop 0.1094) theta_set_sel=+nan(pop +2.33) S_cross_sel=+nan null=+nan aggz=+nan Nz=+nan [1s]
[92/120] post  R2=0.3 lam=0.70 delta=0.20 fX=nan feas=True sel= 28 incr_p=+0.0581(pop 0.2000) theta_set_sel=+0.02(pop +0.00) S_cross_sel=-0.230 null=+0.013 aggz=-10.1 Nz=+1.2 [1s]
[93/120] err   R2=0.3 lam=0.70 delta=0.20 fX=nan feas=False sel=  0 incr_p=-0.1216(pop 0.1196) theta_set_sel=+nan(pop -1.00) S_cross_sel=+nan null=+nan aggz=+nan Nz=+nan [1s]
[94/120] mix   R2=0.3 lam=0.70 delta=0.20 fX=0.1 feas=True sel= 27 incr_p=+0.0533(pop 0.2114) theta_set_sel=+0.25(pop +0.23) S_cross_sel=-0.089 null=+0.015 aggz=-3.7 Nz=+10.1 [1s]
[95/120] mix   R2=0.3 lam=0.70 delta=0.20 fX=0.3 feas=False sel= 34 incr_p=+0.1022(pop 0.2494) theta_set_sel=+0.45(pop +0.48) S_cross_sel=+0.017 null=+0.011 aggz=+0.9 Nz=+19.2 [1s]
[96/120] mix   R2=0.3 lam=0.70 delta=0.20 fX=0.5 feas=False sel= 30 incr_p=+0.0391(pop 0.2094) theta_set_sel=+0.59(pop +0.63) S_cross_sel=+0.105 null=+0.014 aggz=+3.7 Nz=+17.5 [1s]
[97/120] noise R2=0.3 lam=0.80 delta=0.10 fX=nan feas=False sel=  0 incr_p=-0.1572(pop 0.0594) theta_set_sel=+nan(pop +4.00) S_cross_sel=+nan null=+nan aggz=+nan Nz=+nan [1s]
[98/120] post  R2=0.3 lam=0.80 delta=0.10 fX=nan feas=True sel=  9 incr_p=-0.0835(pop 0.1000) theta_set_sel=+0.02(pop +0.00) S_cross_sel=-0.224 null=+0.016 aggz=-5.3 Nz=+0.3 [1s]
[99/120] err   R2=0.3 lam=0.80 delta=0.10 fX=nan feas=False sel=  0 incr_p=-0.1260(pop 0.0704) theta_set_sel=+nan(pop -1.00) S_cross_sel=+nan null=+nan aggz=+nan Nz=+nan [1s]
[100/120] mix   R2=0.3 lam=0.80 delta=0.10 fX=0.1 feas=True sel=  6 incr_p=-0.0975(pop 0.1114) theta_set_sel=+0.21(pop +0.40) S_cross_sel=-0.111 null=+0.020 aggz=-3.0 Nz=+3.8 [1s]
[101/120] mix   R2=0.3 lam=0.80 delta=0.10 fX=0.3 feas=False sel= 17 incr_p=-0.0592(pop 0.1294) theta_set_sel=+0.50(pop +0.68) S_cross_sel=+0.059 null=+0.014 aggz=+1.1 Nz=+11.2 [1s]
[102/120] mix   R2=0.3 lam=0.80 delta=0.10 fX=0.5 feas=False sel=  8 incr_p=-0.0748(pop 0.1094) theta_set_sel=+0.86(pop +0.89) S_cross_sel=+0.100 null=+0.011 aggz=+1.8 Nz=+7.8 [1s]
[103/120] noise R2=0.3 lam=0.80 delta=0.20 fX=nan feas=False sel=  0 incr_p=-0.1841(pop 0.0594) theta_set_sel=+nan(pop +4.00) S_cross_sel=+nan null=+nan aggz=+nan Nz=+nan [1s]
[104/120] post  R2=0.3 lam=0.80 delta=0.20 fX=nan feas=True sel= 22 incr_p=+0.0009(pop 0.2000) theta_set_sel=+0.03(pop +0.00) S_cross_sel=-0.225 null=+0.016 aggz=-7.5 Nz=+0.8 [1s]
[105/120] err   R2=0.3 lam=0.80 delta=0.20 fX=nan feas=False sel=  0 incr_p=-0.1492(pop 0.0704) theta_set_sel=+nan(pop -1.00) S_cross_sel=+nan null=+nan aggz=+nan Nz=+nan [1s]
[106/120] mix   R2=0.3 lam=0.80 delta=0.20 fX=0.1 feas=False sel= 29 incr_p=+0.0733(pop 0.2394) theta_set_sel=+0.27(pop +0.29) S_cross_sel=-0.075 null=+0.014 aggz=-4.2 Nz=+11.7 [1s]
[107/120] mix   R2=0.3 lam=0.80 delta=0.20 fX=0.3 feas=False sel= 24 incr_p=+0.0146(pop 0.1994) theta_set_sel=+0.37(pop +0.37) S_cross_sel=-0.005 null=+0.013 aggz=-0.5 Nz=+10.8 [1s]
[108/120] mix   R2=0.3 lam=0.80 delta=0.20 fX=0.5 feas=False sel= 20 incr_p=-0.0159(pop 0.1594) theta_set_sel=+0.49(pop +0.50) S_cross_sel=+0.021 null=+0.013 aggz=+0.7 Nz=+10.6 [1s]
[109/120] noise R2=0.3 lam=0.90 delta=0.10 fX=nan feas=False sel=  0 incr_p=-0.2273(pop 0.0218) theta_set_sel=+nan(pop +9.00) S_cross_sel=+nan null=+nan aggz=+nan Nz=+nan [1s]
[110/120] post  R2=0.3 lam=0.90 delta=0.10 fX=nan feas=True sel=  9 incr_p=-0.1011(pop 0.1000) theta_set_sel=-0.06(pop +0.00) S_cross_sel=-0.253 null=+0.021 aggz=-5.9 Nz=-1.9 [1s]
[111/120] err   R2=0.3 lam=0.90 delta=0.10 fX=nan feas=False sel=  0 incr_p=-0.1761(pop 0.0315) theta_set_sel=+nan(pop -1.00) S_cross_sel=+nan null=+nan aggz=+nan Nz=+nan [1s]
[112/120] mix   R2=0.3 lam=0.90 delta=0.10 fX=0.1 feas=False sel=  7 incr_p=-0.0882(pop 0.1118) theta_set_sel=+0.12(pop +0.31) S_cross_sel=-0.132 null=+0.020 aggz=-3.4 Nz=+2.4 [1s]
[113/120] mix   R2=0.3 lam=0.90 delta=0.10 fX=0.3 feas=False sel=  8 incr_p=-0.0821(pop 0.0918) theta_set_sel=+0.05(pop +0.39) S_cross_sel=-0.159 null=+0.008 aggz=-4.0 Nz=+1.1 [1s]
[114/120] mix   R2=0.3 lam=0.90 delta=0.10 fX=0.5 feas=False sel=  4 incr_p=-0.1403(pop 0.0718) theta_set_sel=+0.16(pop +0.54) S_cross_sel=-0.111 null=+0.021 aggz=+nan Nz=+nan [1s]
[115/120] noise R2=0.3 lam=0.90 delta=0.20 fX=nan feas=False sel=  0 incr_p=-0.2177(pop 0.0218) theta_set_sel=+nan(pop +9.00) S_cross_sel=+nan null=+nan aggz=+nan Nz=+nan [1s]
[116/120] post  R2=0.3 lam=0.90 delta=0.20 fX=nan feas=True sel= 31 incr_p=+0.0492(pop 0.2000) theta_set_sel=-0.00(pop +0.00) S_cross_sel=-0.241 null=+0.014 aggz=-9.4 Nz=-0.0 [1s]
[117/120] err   R2=0.3 lam=0.90 delta=0.20 fX=nan feas=False sel=  0 incr_p=-0.1937(pop 0.0315) theta_set_sel=+nan(pop -1.00) S_cross_sel=+nan null=+nan aggz=+nan Nz=+nan [1s]
[118/120] mix   R2=0.3 lam=0.90 delta=0.20 fX=0.1 feas=False sel= 26 incr_p=+0.0305(pop 0.2018) theta_set_sel=+0.13(pop +0.16) S_cross_sel=-0.160 null=+0.015 aggz=-5.7 Nz=+4.7 [1s]
[119/120] mix   R2=0.3 lam=0.90 delta=0.20 fX=0.3 feas=False sel= 19 incr_p=-0.0359(pop 0.1618) theta_set_sel=+0.12(pop +0.20) S_cross_sel=-0.134 null=+0.009 aggz=-3.7 Nz=+4.0 [1s]
[120/120] mix   R2=0.3 lam=0.90 delta=0.20 fX=0.5 feas=False sel=  6 incr_p=-0.0671(pop 0.1218) theta_set_sel=+0.17(pop +0.28) S_cross_sel=-0.140 null=+0.013 aggz=-2.6 Nz=+2.9 [1s]
wrote sim_grid_n100_G40.csv  (88s total)
