[1/120] noise R2=0.1 lam=0.50 delta=0.10 fX=nan feas=False sel=  0 incr_p=-0.1897(pop 0.0905) theta_set_sel=+nan(pop +1.00) S_cross_sel=+nan null=+nan aggz=+nan Nz=+nan Ncz=+nan NcRej=nan [3s]
[2/120] post  R2=0.1 lam=0.50 delta=0.10 fX=nan feas=True sel=  0 incr_p=-0.1817(pop 0.1000) theta_set_sel=+nan(pop +0.00) S_cross_sel=+nan null=+nan aggz=+nan Nz=+nan Ncz=+nan NcRej=nan [3s]
[3/120] err   R2=0.1 lam=0.50 delta=0.10 fX=nan feas=False sel=  0 incr_p=-0.1883(pop 0.0905) theta_set_sel=+nan(pop -1.00) S_cross_sel=+nan null=+nan aggz=+nan Nz=+nan Ncz=+nan NcRej=nan [3s]
[4/120] mix   R2=0.1 lam=0.50 delta=0.10 fX=0.1 feas=True sel=  0 incr_p=-0.1718(pop 0.1011) theta_set_sel=+nan(pop +0.10) S_cross_sel=+nan null=+nan aggz=+nan Nz=+nan Ncz=+nan NcRej=nan [3s]
[5/120] mix   R2=0.1 lam=0.50 delta=0.10 fX=0.3 feas=True sel=  0 incr_p=-0.1631(pop 0.1129) theta_set_sel=+nan(pop +0.30) S_cross_sel=+nan null=+nan aggz=+nan Nz=+nan Ncz=+nan NcRej=nan [3s]
[6/120] mix   R2=0.1 lam=0.50 delta=0.10 fX=0.5 feas=False sel= 42 incr_p=-0.1192(pop 0.1405) theta_set_sel=+0.28(pop +0.49) S_cross_sel=+0.184 null=+0.007 aggz=+8.7 Nz=+20.3 Ncz=+17.5 NcRej=0.81 [3s]
[7/120] noise R2=0.1 lam=0.50 delta=0.20 fX=nan feas=False sel=  0 incr_p=-0.1730(pop 0.0905) theta_set_sel=+nan(pop +1.00) S_cross_sel=+nan null=+nan aggz=+nan Nz=+nan Ncz=+nan NcRej=nan [3s]
[8/120] post  R2=0.1 lam=0.50 delta=0.20 fX=nan feas=True sel= 74 incr_p=-0.0483(pop 0.2000) theta_set_sel=+0.01(pop +0.00) S_cross_sel=-0.117 null=+0.008 aggz=-9.6 Nz=+1.3 Ncz=+1.1 NcRej=0.01 [3s]
[9/120] err   R2=0.1 lam=0.50 delta=0.20 fX=nan feas=False sel=  0 incr_p=-0.1984(pop 0.0905) theta_set_sel=+nan(pop -1.00) S_cross_sel=+nan null=+nan aggz=+nan Nz=+nan Ncz=+nan NcRej=nan [3s]
[10/120] mix   R2=0.1 lam=0.50 delta=0.20 fX=0.1 feas=True sel= 90 incr_p=-0.0312(pop 0.2050) theta_set_sel=+0.09(pop +0.10) S_cross_sel=-0.034 null=+0.008 aggz=-2.9 Nz=+11.2 Ncz=+9.1 NcRej=0.16 [3s]
[11/120] mix   R2=0.1 lam=0.50 delta=0.20 fX=0.3 feas=False sel= 96 incr_p=-0.0061(pop 0.2305) theta_set_sel=+0.21(pop +0.25) S_cross_sel=+0.108 null=+0.007 aggz=+7.5 Nz=+24.9 Ncz=+21.0 NcRej=0.56 [3s]
[12/120] mix   R2=0.1 lam=0.50 delta=0.20 fX=0.5 feas=False sel= 69 incr_p=-0.0699(pop 0.1905) theta_set_sel=+0.29(pop +0.32) S_cross_sel=+0.171 null=+0.006 aggz=+8.6 Nz=+22.9 Ncz=+19.8 NcRej=0.81 [3s]
[13/120] noise R2=0.1 lam=0.60 delta=0.10 fX=nan feas=False sel=  0 incr_p=-0.2410(pop 0.0589) theta_set_sel=+nan(pop +1.50) S_cross_sel=+nan null=+nan aggz=+nan Nz=+nan Ncz=+nan NcRej=nan [3s]
[14/120] post  R2=0.1 lam=0.60 delta=0.10 fX=nan feas=True sel= 19 incr_p=-0.1643(pop 0.1000) theta_set_sel=+0.02(pop +0.00) S_cross_sel=-0.101 null=+0.006 aggz=-3.5 Nz=+1.0 Ncz=+1.0 NcRej=0.05 [3s]
[15/120] err   R2=0.1 lam=0.60 delta=0.10 fX=nan feas=False sel=  0 incr_p=-0.2167(pop 0.0613) theta_set_sel=+nan(pop -1.00) S_cross_sel=+nan null=+nan aggz=+nan Nz=+nan Ncz=+nan NcRej=nan [3s]
[16/120] mix   R2=0.1 lam=0.60 delta=0.10 fX=0.1 feas=True sel=  0 incr_p=-0.1846(pop 0.1029) theta_set_sel=+nan(pop +0.15) S_cross_sel=+nan null=+nan aggz=+nan Nz=+nan Ncz=+nan NcRej=nan [3s]
[17/120] mix   R2=0.1 lam=0.60 delta=0.10 fX=0.3 feas=False sel= 22 incr_p=-0.1374(pop 0.1289) theta_set_sel=+0.23(pop +0.40) S_cross_sel=+0.112 null=+0.010 aggz=+4.1 Nz=+11.3 Ncz=+10.0 NcRej=0.59 [3s]
[18/120] mix   R2=0.1 lam=0.60 delta=0.10 fX=0.5 feas=False sel= 33 incr_p=-0.1434(pop 0.1089) theta_set_sel=+0.26(pop +0.50) S_cross_sel=+0.149 null=+0.007 aggz=+6.5 Nz=+16.0 Ncz=+14.5 NcRej=0.55 [3s]
[19/120] noise R2=0.1 lam=0.60 delta=0.20 fX=nan feas=False sel=  0 incr_p=-0.2317(pop 0.0589) theta_set_sel=+nan(pop +1.50) S_cross_sel=+nan null=+nan aggz=+nan Nz=+nan Ncz=+nan NcRej=nan [3s]
[20/120] post  R2=0.1 lam=0.60 delta=0.20 fX=nan feas=True sel= 80 incr_p=-0.0411(pop 0.2000) theta_set_sel=-0.00(pop +0.00) S_cross_sel=-0.139 null=+0.008 aggz=-10.1 Nz=-0.1 Ncz=-0.1 NcRej=0.03 [3s]
[21/120] err   R2=0.1 lam=0.60 delta=0.20 fX=nan feas=False sel=  0 incr_p=-0.2470(pop 0.0613) theta_set_sel=+nan(pop -1.00) S_cross_sel=+nan null=+nan aggz=+nan Nz=+nan Ncz=+nan NcRej=nan [3s]
[22/120] mix   R2=0.1 lam=0.60 delta=0.20 fX=0.1 feas=True sel=107 incr_p=+0.0051(pop 0.2164) theta_set_sel=+0.12(pop +0.15) S_cross_sel=+0.018 null=+0.008 aggz=+1.0 Nz=+16.0 Ncz=+13.2 NcRej=0.29 [3s]
[23/120] mix   R2=0.1 lam=0.60 delta=0.20 fX=0.3 feas=False sel= 72 incr_p=-0.0444(pop 0.1989) theta_set_sel=+0.18(pop +0.23) S_cross_sel=+0.094 null=+0.005 aggz=+5.3 Nz=+18.9 Ncz=+16.3 NcRej=0.53 [3s]
[24/120] mix   R2=0.1 lam=0.60 delta=0.20 fX=0.5 feas=False sel= 38 incr_p=-0.1229(pop 0.1589) theta_set_sel=+0.25(pop +0.30) S_cross_sel=+0.119 null=+0.010 aggz=+4.7 Nz=+15.4 Ncz=+13.1 NcRej=0.61 [3s]
[25/120] noise R2=0.1 lam=0.70 delta=0.10 fX=nan feas=False sel=  0 incr_p=-0.2461(pop 0.0365) theta_set_sel=+nan(pop +2.33) S_cross_sel=+nan null=+nan aggz=+nan Nz=+nan Ncz=+nan NcRej=nan [3s]
[26/120] post  R2=0.1 lam=0.70 delta=0.10 fX=nan feas=True sel=  0 incr_p=-0.1715(pop 0.1000) theta_set_sel=+nan(pop +0.00) S_cross_sel=+nan null=+nan aggz=+nan Nz=+nan Ncz=+nan NcRej=nan [3s]
[27/120] err   R2=0.1 lam=0.70 delta=0.10 fX=nan feas=False sel=  0 incr_p=-0.2532(pop 0.0399) theta_set_sel=+nan(pop -1.00) S_cross_sel=+nan null=+nan aggz=+nan Nz=+nan Ncz=+nan NcRej=nan [3s]
[28/120] mix   R2=0.1 lam=0.70 delta=0.10 fX=0.1 feas=True sel=  0 incr_p=-0.1524(pop 0.1120) theta_set_sel=+nan(pop +0.23) S_cross_sel=+nan null=+nan aggz=+nan Nz=+nan Ncz=+nan NcRej=nan [3s]
[29/120] mix   R2=0.1 lam=0.70 delta=0.10 fX=0.3 feas=False sel=  0 incr_p=-0.1774(pop 0.1065) theta_set_sel=+nan(pop +0.35) S_cross_sel=+nan null=+nan aggz=+nan Nz=+nan Ncz=+nan NcRej=nan [3s]
[30/120] mix   R2=0.1 lam=0.70 delta=0.10 fX=0.5 feas=False sel=  0 incr_p=-0.2025(pop 0.0865) theta_set_sel=+nan(pop +0.46) S_cross_sel=+nan null=+nan aggz=+nan Nz=+nan Ncz=+nan NcRej=nan [3s]
[31/120] noise R2=0.1 lam=0.70 delta=0.20 fX=nan feas=False sel=  0 incr_p=-0.2657(pop 0.0365) theta_set_sel=+nan(pop +2.33) S_cross_sel=+nan null=+nan aggz=+nan Nz=+nan Ncz=+nan NcRej=nan [3s]
[32/120] post  R2=0.1 lam=0.70 delta=0.20 fX=nan feas=True sel= 87 incr_p=-0.0361(pop 0.2000) theta_set_sel=+0.01(pop +0.00) S_cross_sel=-0.140 null=+0.010 aggz=-11.6 Nz=+0.7 Ncz=+0.8 NcRej=0.07 [3s]
[33/120] err   R2=0.1 lam=0.70 delta=0.20 fX=nan feas=False sel=  0 incr_p=-0.2617(pop 0.0399) theta_set_sel=+nan(pop -1.00) S_cross_sel=+nan null=+nan aggz=+nan Nz=+nan Ncz=+nan NcRej=nan [3s]
[34/120] mix   R2=0.1 lam=0.70 delta=0.20 fX=0.1 feas=False sel= 80 incr_p=-0.0406(pop 0.2165) theta_set_sel=+0.14(pop +0.15) S_cross_sel=+0.040 null=+0.005 aggz=+2.8 Nz=+16.3 Ncz=+13.4 NcRej=0.29 [3s]
[35/120] mix   R2=0.1 lam=0.70 delta=0.20 fX=0.3 feas=False sel= 59 incr_p=-0.0866(pop 0.1765) theta_set_sel=+0.16(pop +0.19) S_cross_sel=+0.042 null=+0.011 aggz=+2.5 Nz=+14.4 Ncz=+12.1 NcRej=0.27 [3s]
[36/120] mix   R2=0.1 lam=0.70 delta=0.20 fX=0.5 feas=False sel= 34 incr_p=-0.1162(pop 0.1365) theta_set_sel=+0.13(pop +0.25) S_cross_sel=+0.048 null=+0.005 aggz=+1.3 Nz=+10.3 Ncz=+8.9 NcRej=0.35 [3s]
[37/120] noise R2=0.1 lam=0.80 delta=0.10 fX=nan feas=False sel=  0 incr_p=-0.2869(pop 0.0198) theta_set_sel=+nan(pop +4.00) S_cross_sel=+nan null=+nan aggz=+nan Nz=+nan Ncz=+nan NcRej=nan [3s]
[38/120] post  R2=0.1 lam=0.80 delta=0.10 fX=nan feas=True sel=  0 incr_p=-0.1800(pop 0.1000) theta_set_sel=+nan(pop +0.00) S_cross_sel=+nan null=+nan aggz=+nan Nz=+nan Ncz=+nan NcRej=nan [3s]
[39/120] err   R2=0.1 lam=0.80 delta=0.10 fX=nan feas=False sel=  0 incr_p=-0.2913(pop 0.0235) theta_set_sel=+nan(pop -1.00) S_cross_sel=+nan null=+nan aggz=+nan Nz=+nan Ncz=+nan NcRej=nan [3s]
[40/120] mix   R2=0.1 lam=0.80 delta=0.10 fX=0.1 feas=False sel=  0 incr_p=-0.1585(pop 0.1098) theta_set_sel=+nan(pop +0.20) S_cross_sel=+nan null=+nan aggz=+nan Nz=+nan Ncz=+nan NcRej=nan [3s]
[41/120] mix   R2=0.1 lam=0.80 delta=0.10 fX=0.3 feas=False sel=  0 incr_p=-0.1780(pop 0.0898) theta_set_sel=+nan(pop +0.25) S_cross_sel=+nan null=+nan aggz=+nan Nz=+nan Ncz=+nan NcRej=nan [3s]
[42/120] mix   R2=0.1 lam=0.80 delta=0.10 fX=0.5 feas=False sel=  0 incr_p=-0.2091(pop 0.0698) theta_set_sel=+nan(pop +0.35) S_cross_sel=+nan null=+nan aggz=+nan Nz=+nan Ncz=+nan NcRej=nan [3s]
[43/120] noise R2=0.1 lam=0.80 delta=0.20 fX=nan feas=False sel=  0 incr_p=-0.2845(pop 0.0198) theta_set_sel=+nan(pop +4.00) S_cross_sel=+nan null=+nan aggz=+nan Nz=+nan Ncz=+nan NcRej=nan [3s]
[44/120] post  R2=0.1 lam=0.80 delta=0.20 fX=nan feas=True sel= 68 incr_p=-0.0654(pop 0.2000) theta_set_sel=-0.00(pop +0.00) S_cross_sel=-0.128 null=+0.004 aggz=-7.4 Nz=-0.2 Ncz=-0.1 NcRej=0.01 [3s]
[45/120] err   R2=0.1 lam=0.80 delta=0.20 fX=nan feas=False sel=  0 incr_p=-0.2885(pop 0.0235) theta_set_sel=+nan(pop -1.00) S_cross_sel=+nan null=+nan aggz=+nan Nz=+nan Ncz=+nan NcRej=nan [3s]
[46/120] mix   R2=0.1 lam=0.80 delta=0.20 fX=0.1 feas=False sel= 65 incr_p=-0.0567(pop 0.1998) theta_set_sel=+0.07(pop +0.10) S_cross_sel=-0.039 null=+0.005 aggz=-3.4 Nz=+9.0 Ncz=+7.5 NcRej=0.08 [3s]
[47/120] mix   R2=0.1 lam=0.80 delta=0.20 fX=0.3 feas=False sel= 52 incr_p=-0.0840(pop 0.1598) theta_set_sel=+0.08(pop +0.13) S_cross_sel=-0.021 null=+0.009 aggz=-1.1 Nz=+7.9 Ncz=+6.7 NcRej=0.06 [3s]
[48/120] mix   R2=0.1 lam=0.80 delta=0.20 fX=0.5 feas=False sel= 17 incr_p=-0.1454(pop 0.1198) theta_set_sel=+0.08(pop +0.18) S_cross_sel=-0.031 null=+0.006 aggz=-0.8 Nz=+3.9 Ncz=+3.2 NcRej=0.00 [3s]
[49/120] noise R2=0.1 lam=0.90 delta=0.10 fX=nan feas=False sel=  0 incr_p=-0.2871(pop 0.0073) theta_set_sel=+nan(pop +9.00) S_cross_sel=+nan null=+nan aggz=+nan Nz=+nan Ncz=+nan NcRej=nan [3s]
[50/120] post  R2=0.1 lam=0.90 delta=0.10 fX=nan feas=True sel=  0 incr_p=-0.1777(pop 0.1000) theta_set_sel=+nan(pop +0.00) S_cross_sel=+nan null=+nan aggz=+nan Nz=+nan Ncz=+nan NcRej=nan [3s]
[51/120] err   R2=0.1 lam=0.90 delta=0.10 fX=nan feas=False sel=  0 incr_p=-0.2856(pop 0.0105) theta_set_sel=+nan(pop -1.00) S_cross_sel=+nan null=+nan aggz=+nan Nz=+nan Ncz=+nan NcRej=nan [3s]
[52/120] mix   R2=0.1 lam=0.90 delta=0.10 fX=0.1 feas=False sel=  0 incr_p=-0.1666(pop 0.0973) theta_set_sel=+nan(pop +0.10) S_cross_sel=+nan null=+nan aggz=+nan Nz=+nan Ncz=+nan NcRej=nan [3s]
[53/120] mix   R2=0.1 lam=0.90 delta=0.10 fX=0.3 feas=False sel=  0 incr_p=-0.2056(pop 0.0773) theta_set_sel=+nan(pop +0.13) S_cross_sel=+nan null=+nan aggz=+nan Nz=+nan Ncz=+nan NcRej=nan [3s]
[54/120] mix   R2=0.1 lam=0.90 delta=0.10 fX=0.5 feas=False sel=  0 incr_p=-0.2489(pop 0.0573) theta_set_sel=+nan(pop +0.19) S_cross_sel=+nan null=+nan aggz=+nan Nz=+nan Ncz=+nan NcRej=nan [3s]
[55/120] noise R2=0.1 lam=0.90 delta=0.20 fX=nan feas=False sel=  0 incr_p=-0.2988(pop 0.0073) theta_set_sel=+nan(pop +9.00) S_cross_sel=+nan null=+nan aggz=+nan Nz=+nan Ncz=+nan NcRej=nan [3s]
[56/120] post  R2=0.1 lam=0.90 delta=0.20 fX=nan feas=True sel= 86 incr_p=-0.0493(pop 0.2000) theta_set_sel=-0.00(pop +0.00) S_cross_sel=-0.139 null=+0.008 aggz=-9.4 Nz=-0.6 Ncz=-0.4 NcRej=0.07 [3s]
[57/120] err   R2=0.1 lam=0.90 delta=0.20 fX=nan feas=False sel=  0 incr_p=-0.3040(pop 0.0105) theta_set_sel=+nan(pop -1.00) S_cross_sel=+nan null=+nan aggz=+nan Nz=+nan Ncz=+nan NcRej=nan [3s]
[58/120] mix   R2=0.1 lam=0.90 delta=0.20 fX=0.1 feas=False sel= 69 incr_p=-0.0503(pop 0.1873) theta_set_sel=+0.04(pop +0.05) S_cross_sel=-0.064 null=+0.007 aggz=-4.5 Nz=+5.2 Ncz=+4.5 NcRej=0.04 [3s]
[59/120] mix   R2=0.1 lam=0.90 delta=0.20 fX=0.3 feas=False sel= 39 incr_p=-0.1144(pop 0.1473) theta_set_sel=+0.04(pop +0.07) S_cross_sel=-0.083 null=+0.008 aggz=-3.9 Nz=+3.0 Ncz=+2.4 NcRej=0.00 [3s]
[60/120] mix   R2=0.1 lam=0.90 delta=0.20 fX=0.5 feas=False sel=  0 incr_p=-0.1728(pop 0.1073) theta_set_sel=+nan(pop +0.09) S_cross_sel=+nan null=+nan aggz=+nan Nz=+nan Ncz=+nan NcRej=nan [3s]
[61/120] noise R2=0.3 lam=0.50 delta=0.10 fX=nan feas=True sel= 34 incr_p=-0.1017(pop 0.1000) theta_set_sel=+0.56(pop +1.00) S_cross_sel=+0.080 null=+0.011 aggz=+3.2 Nz=+18.1 Ncz=+15.9 NcRej=0.88 [3s]
[62/120] post  R2=0.3 lam=0.50 delta=0.10 fX=nan feas=True sel=  0 incr_p=-0.1242(pop 0.1000) theta_set_sel=+nan(pop +0.00) S_cross_sel=+nan null=+nan aggz=+nan Nz=+nan Ncz=+nan NcRej=nan [3s]
[63/120] err   R2=0.3 lam=0.50 delta=0.10 fX=nan feas=True sel= 65 incr_p=-0.0456(pop 0.1500) theta_set_sel=-0.76(pop -1.00) S_cross_sel=-0.441 null=+0.016 aggz=-22.7 Nz=-26.1 Ncz=-22.7 NcRej=0.92 [3s]
[64/120] mix   R2=0.3 lam=0.50 delta=0.10 fX=0.1 feas=True sel= 23 incr_p=-0.1139(pop 0.1003) theta_set_sel=+0.10(pop +0.10) S_cross_sel=-0.163 null=+0.012 aggz=-6.5 Nz=+3.6 Ncz=+3.1 NcRej=0.13 [3s]
[65/120] mix   R2=0.3 lam=0.50 delta=0.10 fX=0.3 feas=True sel= 33 incr_p=-0.0912(pop 0.1033) theta_set_sel=+0.14(pop +0.30) S_cross_sel=-0.129 null=+0.015 aggz=-5.9 Nz=+5.7 Ncz=+5.0 NcRej=0.09 [3s]
[66/120] mix   R2=0.3 lam=0.50 delta=0.10 fX=0.5 feas=True sel= 28 incr_p=-0.0999(pop 0.1100) theta_set_sel=+0.29(pop +0.50) S_cross_sel=-0.031 null=+0.012 aggz=-1.4 Nz=+11.2 Ncz=+9.7 NcRej=0.54 [3s]
[67/120] noise R2=0.3 lam=0.50 delta=0.20 fX=nan feas=True sel=130 incr_p=+0.0343(pop 0.2000) theta_set_sel=+0.96(pop +1.00) S_cross_sel=+0.192 null=+0.013 aggz=+13.0 Nz=+37.7 Ncz=+32.9 NcRej=0.98 [3s]
[68/120] post  R2=0.3 lam=0.50 delta=0.20 fX=nan feas=False sel=124 incr_p=+0.0335(pop 0.1900) theta_set_sel=-0.01(pop +0.00) S_cross_sel=-0.243 null=+0.012 aggz=-17.7 Nz=-0.6 Ncz=-0.2 NcRej=0.09 [3s]
[69/120] err   R2=0.3 lam=0.50 delta=0.20 fX=nan feas=False sel=190 incr_p=+0.1431(pop 0.2714) theta_set_sel=-1.02(pop -1.00) S_cross_sel=-0.547 null=+0.014 aggz=-36.2 Nz=-41.9 Ncz=-35.9 NcRej=1.00 [3s]
[70/120] mix   R2=0.3 lam=0.50 delta=0.20 fX=0.1 feas=True sel=146 incr_p=+0.0511(pop 0.2014) theta_set_sel=+0.08(pop +0.10) S_cross_sel=-0.194 null=+0.011 aggz=-15.4 Nz=+8.1 Ncz=+6.8 NcRej=0.10 [3s]
[71/120] mix   R2=0.3 lam=0.50 delta=0.20 fX=0.3 feas=True sel=136 incr_p=+0.0488(pop 0.2150) theta_set_sel=+0.28(pop +0.30) S_cross_sel=-0.078 null=+0.012 aggz=-6.7 Nz=+24.5 Ncz=+19.8 NcRej=0.47 [3s]
[72/120] mix   R2=0.3 lam=0.50 delta=0.20 fX=0.5 feas=True sel=177 incr_p=+0.1056(pop 0.2500) theta_set_sel=+0.48(pop +0.50) S_cross_sel=+0.035 null=+0.013 aggz=+0.7 Nz=+35.4 Ncz=+28.9 NcRej=0.84 [3s]
[73/120] noise R2=0.3 lam=0.60 delta=0.10 fX=nan feas=True sel= 25 incr_p=-0.1164(pop 0.1000) theta_set_sel=+0.74(pop +1.50) S_cross_sel=+0.125 null=+0.010 aggz=+3.3 Nz=+18.9 Ncz=+16.4 NcRej=0.96 [3s]
[74/120] post  R2=0.3 lam=0.60 delta=0.10 fX=nan feas=True sel= 40 incr_p=-0.0931(pop 0.1000) theta_set_sel=-0.03(pop +0.00) S_cross_sel=-0.224 null=+0.010 aggz=-11.1 Nz=-1.7 Ncz=-1.4 NcRej=0.07 [3s]
[75/120] err   R2=0.3 lam=0.60 delta=0.10 fX=nan feas=True sel= 77 incr_p=-0.0363(pop 0.1500) theta_set_sel=-0.74(pop -1.00) S_cross_sel=-0.468 null=+0.010 aggz=-25.9 Nz=-30.1 Ncz=-26.0 NcRej=0.96 [3s]
[76/120] mix   R2=0.3 lam=0.60 delta=0.10 fX=0.1 feas=True sel=  0 incr_p=-0.1157(pop 0.1008) theta_set_sel=+nan(pop +0.15) S_cross_sel=+nan null=+nan aggz=+nan Nz=+nan Ncz=+nan NcRej=nan [3s]
[77/120] mix   R2=0.3 lam=0.60 delta=0.10 fX=0.3 feas=True sel= 26 incr_p=-0.0961(pop 0.1087) theta_set_sel=+0.26(pop +0.45) S_cross_sel=-0.063 null=+0.012 aggz=-2.2 Nz=+8.2 Ncz=+7.1 NcRej=0.42 [3s]
[78/120] mix   R2=0.3 lam=0.60 delta=0.10 fX=0.5 feas=True sel= 37 incr_p=-0.0844(pop 0.1300) theta_set_sel=+0.54(pop +0.75) S_cross_sel=+0.057 null=+0.012 aggz=+1.6 Nz=+18.1 Ncz=+15.6 NcRej=0.86 [3s]
[79/120] noise R2=0.3 lam=0.60 delta=0.20 fX=nan feas=False sel=105 incr_p=+0.0029(pop 0.1767) theta_set_sel=+1.18(pop +1.50) S_cross_sel=+0.241 null=+0.012 aggz=+17.3 Nz=+36.2 Ncz=+33.6 NcRej=0.99 [3s]
[80/120] post  R2=0.3 lam=0.60 delta=0.20 fX=nan feas=True sel=134 incr_p=+0.0426(pop 0.2000) theta_set_sel=+0.01(pop +0.00) S_cross_sel=-0.240 null=+0.014 aggz=-19.3 Nz=+0.4 Ncz=+0.6 NcRej=0.04 [3s]
[81/120] err   R2=0.3 lam=0.60 delta=0.20 fX=nan feas=False sel=110 incr_p=+0.0131(pop 0.1839) theta_set_sel=-0.77(pop -1.00) S_cross_sel=-0.490 null=+0.014 aggz=-32.5 Nz=-36.5 Ncz=-31.0 NcRej=0.95 [3s]
[82/120] mix   R2=0.3 lam=0.60 delta=0.20 fX=0.1 feas=True sel=132 incr_p=+0.0485(pop 0.2035) theta_set_sel=+0.13(pop +0.15) S_cross_sel=-0.159 null=+0.012 aggz=-13.5 Nz=+13.3 Ncz=+10.7 NcRej=0.17 [3s]
[83/120] mix   R2=0.3 lam=0.60 delta=0.20 fX=0.3 feas=True sel=171 incr_p=+0.1062(pop 0.2491) theta_set_sel=+0.45(pop +0.45) S_cross_sel=+0.023 null=+0.013 aggz=+1.7 Nz=+32.8 Ncz=+26.8 NcRej=0.80 [3s]
[84/120] mix   R2=0.3 lam=0.60 delta=0.20 fX=0.5 feas=False sel=181 incr_p=+0.1441(pop 0.2767) theta_set_sel=+0.67(pop +0.65) S_cross_sel=+0.115 null=+0.015 aggz=+8.5 Nz=+38.1 Ncz=+31.5 NcRej=0.96 [3s]
[85/120] noise R2=0.3 lam=0.70 delta=0.10 fX=nan feas=True sel= 20 incr_p=-0.1112(pop 0.1000) theta_set_sel=+1.09(pop +2.33) S_cross_sel=+0.186 null=+0.011 aggz=+6.7 Nz=+17.2 Ncz=+15.9 NcRej=1.00 [3s]
[86/120] post  R2=0.3 lam=0.70 delta=0.10 fX=nan feas=True sel= 20 incr_p=-0.1205(pop 0.1000) theta_set_sel=+0.02(pop +0.00) S_cross_sel=-0.207 null=+0.009 aggz=-7.0 Nz=+0.8 Ncz=+0.7 NcRej=0.00 [3s]
[87/120] err   R2=0.3 lam=0.70 delta=0.10 fX=nan feas=False sel= 51 incr_p=-0.0703(pop 0.1196) theta_set_sel=-0.64(pop -1.00) S_cross_sel=-0.445 null=+0.015 aggz=-19.9 Nz=-23.3 Ncz=-20.1 NcRej=0.90 [3s]
[88/120] mix   R2=0.3 lam=0.70 delta=0.10 fX=0.1 feas=True sel= 30 incr_p=-0.1033(pop 0.1022) theta_set_sel=+0.22(pop +0.23) S_cross_sel=-0.091 null=+0.009 aggz=-4.5 Nz=+8.5 Ncz=+7.2 NcRej=0.17 [3s]
[89/120] mix   R2=0.3 lam=0.70 delta=0.10 fX=0.3 feas=True sel= 66 incr_p=-0.0527(pop 0.1359) theta_set_sel=+0.56(pop +0.70) S_cross_sel=+0.052 null=+0.009 aggz=+3.1 Nz=+23.4 Ncz=+20.0 NcRej=0.79 [3s]
[90/120] mix   R2=0.3 lam=0.70 delta=0.10 fX=0.5 feas=False sel= 93 incr_p=-0.0154(pop 0.1594) theta_set_sel=+0.78(pop +0.99) S_cross_sel=+0.112 null=+0.012 aggz=+6.0 Nz=+27.8 Ncz=+25.0 NcRej=0.86 [3s]
[91/120] noise R2=0.3 lam=0.70 delta=0.20 fX=nan feas=False sel= 43 incr_p=-0.0797(pop 0.1094) theta_set_sel=+1.15(pop +2.33) S_cross_sel=+0.193 null=+0.014 aggz=+8.1 Nz=+22.1 Ncz=+21.1 NcRej=0.84 [3s]
[92/120] post  R2=0.3 lam=0.70 delta=0.20 fX=nan feas=True sel=116 incr_p=+0.0242(pop 0.2000) theta_set_sel=+0.01(pop +0.00) S_cross_sel=-0.239 null=+0.011 aggz=-17.1 Nz=+0.7 Ncz=+0.6 NcRej=0.09 [3s]
[93/120] err   R2=0.3 lam=0.70 delta=0.20 fX=nan feas=False sel= 34 incr_p=-0.1002(pop 0.1196) theta_set_sel=-0.67(pop -1.00) S_cross_sel=-0.426 null=+0.013 aggz=-17.4 Nz=-19.8 Ncz=-17.3 NcRej=0.79 [3s]
[94/120] mix   R2=0.3 lam=0.70 delta=0.20 fX=0.1 feas=True sel=127 incr_p=+0.0407(pop 0.2114) theta_set_sel=+0.23(pop +0.23) S_cross_sel=-0.107 null=+0.012 aggz=-8.6 Nz=+21.5 Ncz=+17.1 NcRej=0.38 [3s]
[95/120] mix   R2=0.3 lam=0.70 delta=0.20 fX=0.3 feas=False sel=159 incr_p=+0.0904(pop 0.2494) theta_set_sel=+0.50(pop +0.48) S_cross_sel=+0.036 null=+0.013 aggz=+1.7 Nz=+31.4 Ncz=+26.2 NcRej=0.85 [3s]
[96/120] mix   R2=0.3 lam=0.70 delta=0.20 fX=0.5 feas=False sel=144 incr_p=+0.0634(pop 0.2094) theta_set_sel=+0.57(pop +0.63) S_cross_sel=+0.068 null=+0.013 aggz=+4.8 Nz=+29.3 Ncz=+25.4 NcRej=0.79 [3s]
[97/120] noise R2=0.3 lam=0.80 delta=0.10 fX=nan feas=False sel=  0 incr_p=-0.1434(pop 0.0594) theta_set_sel=+nan(pop +4.00) S_cross_sel=+nan null=+nan aggz=+nan Nz=+nan Ncz=+nan NcRej=nan [3s]
[98/120] post  R2=0.3 lam=0.80 delta=0.10 fX=nan feas=True sel= 21 incr_p=-0.1084(pop 0.1000) theta_set_sel=-0.03(pop +0.00) S_cross_sel=-0.243 null=+0.011 aggz=-8.8 Nz=-1.2 Ncz=-1.0 NcRej=0.14 [3s]
[99/120] err   R2=0.3 lam=0.80 delta=0.10 fX=nan feas=False sel=  0 incr_p=-0.1359(pop 0.0704) theta_set_sel=+nan(pop -1.00) S_cross_sel=+nan null=+nan aggz=+nan Nz=+nan Ncz=+nan NcRej=nan [3s]
[100/120] mix   R2=0.3 lam=0.80 delta=0.10 fX=0.1 feas=True sel= 21 incr_p=-0.1098(pop 0.1114) theta_set_sel=+0.27(pop +0.40) S_cross_sel=-0.058 null=+0.015 aggz=-2.4 Nz=+8.8 Ncz=+7.4 NcRej=0.29 [3s]
[101/120] mix   R2=0.3 lam=0.80 delta=0.10 fX=0.3 feas=False sel= 53 incr_p=-0.0640(pop 0.1294) theta_set_sel=+0.58(pop +0.68) S_cross_sel=+0.057 null=+0.011 aggz=+2.5 Nz=+18.5 Ncz=+16.6 NcRej=0.72 [3s]
[102/120] mix   R2=0.3 lam=0.80 delta=0.10 fX=0.5 feas=False sel= 38 incr_p=-0.1025(pop 0.1094) theta_set_sel=+0.51(pop +0.89) S_cross_sel=+0.039 null=+0.010 aggz=+0.8 Nz=+15.5 Ncz=+14.1 NcRej=0.58 [3s]
[103/120] noise R2=0.3 lam=0.80 delta=0.20 fX=nan feas=False sel=  0 incr_p=-0.1465(pop 0.0594) theta_set_sel=+nan(pop +4.00) S_cross_sel=+nan null=+nan aggz=+nan Nz=+nan Ncz=+nan NcRej=nan [3s]
[104/120] post  R2=0.3 lam=0.80 delta=0.20 fX=nan feas=True sel=121 incr_p=+0.0195(pop 0.2000) theta_set_sel=+0.00(pop +0.00) S_cross_sel=-0.241 null=+0.015 aggz=-18.2 Nz=-0.0 Ncz=+0.1 NcRej=0.01 [3s]
[105/120] err   R2=0.3 lam=0.80 delta=0.20 fX=nan feas=False sel=  0 incr_p=-0.1443(pop 0.0704) theta_set_sel=+nan(pop -1.00) S_cross_sel=+nan null=+nan aggz=+nan Nz=+nan Ncz=+nan NcRej=nan [3s]
[106/120] mix   R2=0.3 lam=0.80 delta=0.20 fX=0.1 feas=False sel=152 incr_p=+0.0807(pop 0.2394) theta_set_sel=+0.29(pop +0.29) S_cross_sel=-0.047 null=+0.011 aggz=-6.2 Nz=+23.8 Ncz=+19.4 NcRej=0.42 [3s]
[107/120] mix   R2=0.3 lam=0.80 delta=0.20 fX=0.3 feas=False sel=125 incr_p=+0.0330(pop 0.1994) theta_set_sel=+0.33(pop +0.37) S_cross_sel=-0.041 null=+0.015 aggz=-4.5 Nz=+21.3 Ncz=+17.8 NcRej=0.42 [3s]
[108/120] mix   R2=0.3 lam=0.80 delta=0.20 fX=0.5 feas=False sel= 92 incr_p=-0.0126(pop 0.1594) theta_set_sel=+0.36(pop +0.50) S_cross_sel=-0.017 null=+0.012 aggz=-3.0 Nz=+19.0 Ncz=+16.2 NcRej=0.46 [3s]
[109/120] noise R2=0.3 lam=0.90 delta=0.10 fX=nan feas=False sel=  0 incr_p=-0.2085(pop 0.0218) theta_set_sel=+nan(pop +9.00) S_cross_sel=+nan null=+nan aggz=+nan Nz=+nan Ncz=+nan NcRej=nan [3s]
[110/120] post  R2=0.3 lam=0.90 delta=0.10 fX=nan feas=True sel= 33 incr_p=-0.1113(pop 0.1000) theta_set_sel=+0.01(pop +0.00) S_cross_sel=-0.203 null=+0.014 aggz=-9.2 Nz=+0.4 Ncz=+0.5 NcRej=0.03 [3s]
[111/120] err   R2=0.3 lam=0.90 delta=0.10 fX=nan feas=False sel=  0 incr_p=-0.1898(pop 0.0315) theta_set_sel=+nan(pop -1.00) S_cross_sel=+nan null=+nan aggz=+nan Nz=+nan Ncz=+nan NcRej=nan [3s]
[112/120] mix   R2=0.3 lam=0.90 delta=0.10 fX=0.1 feas=False sel= 34 incr_p=-0.0900(pop 0.1118) theta_set_sel=+0.19(pop +0.31) S_cross_sel=-0.101 null=+0.018 aggz=-4.9 Nz=+6.6 Ncz=+5.7 NcRej=0.06 [3s]
[113/120] mix   R2=0.3 lam=0.90 delta=0.10 fX=0.3 feas=False sel=  0 incr_p=-0.1170(pop 0.0918) theta_set_sel=+nan(pop +0.39) S_cross_sel=+nan null=+nan aggz=+nan Nz=+nan Ncz=+nan NcRej=nan [3s]
[114/120] mix   R2=0.3 lam=0.90 delta=0.10 fX=0.5 feas=False sel=  0 incr_p=-0.1415(pop 0.0718) theta_set_sel=+nan(pop +0.54) S_cross_sel=+nan null=+nan aggz=+nan Nz=+nan Ncz=+nan NcRej=nan [3s]
[115/120] noise R2=0.3 lam=0.90 delta=0.20 fX=nan feas=False sel=  0 incr_p=-0.2204(pop 0.0218) theta_set_sel=+nan(pop +9.00) S_cross_sel=+nan null=+nan aggz=+nan Nz=+nan Ncz=+nan NcRej=nan [3s]
[116/120] post  R2=0.3 lam=0.90 delta=0.20 fX=nan feas=True sel=119 incr_p=+0.0254(pop 0.2000) theta_set_sel=+0.02(pop +0.00) S_cross_sel=-0.229 null=+0.011 aggz=-17.4 Nz=+2.1 Ncz=+1.9 NcRej=0.02 [3s]
[117/120] err   R2=0.3 lam=0.90 delta=0.20 fX=nan feas=False sel=  0 incr_p=-0.2000(pop 0.0315) theta_set_sel=+nan(pop -1.00) S_cross_sel=+nan null=+nan aggz=+nan Nz=+nan Ncz=+nan NcRej=nan [3s]
[118/120] mix   R2=0.3 lam=0.90 delta=0.20 fX=0.1 feas=False sel=127 incr_p=+0.0203(pop 0.2018) theta_set_sel=+0.14(pop +0.16) S_cross_sel=-0.133 null=+0.012 aggz=-11.1 Nz=+11.7 Ncz=+9.6 NcRej=0.08 [3s]
[119/120] mix   R2=0.3 lam=0.90 delta=0.20 fX=0.3 feas=False sel= 87 incr_p=-0.0175(pop 0.1618) theta_set_sel=+0.15(pop +0.20) S_cross_sel=-0.124 null=+0.013 aggz=-8.6 Nz=+9.5 Ncz=+7.9 NcRej=0.07 [3s]
[120/120] mix   R2=0.3 lam=0.90 delta=0.20 fX=0.5 feas=False sel= 61 incr_p=-0.0644(pop 0.1218) theta_set_sel=+0.19(pop +0.28) S_cross_sel=-0.087 null=+0.013 aggz=-6.3 Nz=+9.3 Ncz=+7.9 NcRej=0.11 [3s]
wrote sim_grid_v2_n100_G200.csv  (320s total)
