[1/27] post  R2=0.3 lam=0.6 d=0.2 fX=nan G=2000 pi1=0.05 rep=0 feas=True nsig=100 sel=40 (null 2, permBH 0) th_sel=+0.001 th_all=-0.023 th_sig=-0.001 (pop +0.00) Ncz_sel=+0.1 Ncz_all=+0.0 Dz=+25.5 S_z=-14.9 -> R1_post [40s]
[2/27] post  R2=0.3 lam=0.6 d=0.2 fX=nan G=2000 pi1=0.05 rep=1 feas=True nsig=100 sel=35 (null 0, permBH 0) th_sel=+0.009 th_all=+0.030 th_sig=+0.010 (pop +0.00) Ncz_sel=+0.7 Ncz_all=+0.2 Dz=+23.9 S_z=-13.4 -> R1_post [40s]
[3/27] post  R2=0.3 lam=0.6 d=0.2 fX=nan G=2000 pi1=0.05 rep=2 feas=True nsig=100 sel=44 (null 1, permBH 0) th_sel=+0.026 th_all=-0.155 th_sig=+0.026 (pop +0.00) Ncz_sel=+1.1 Ncz_all=-0.8 Dz=+25.8 S_z=-13.4 -> R1_post [40s]
[4/27] post  R2=0.3 lam=0.6 d=0.2 fX=nan G=2000 pi1=0.5 rep=0 feas=True nsig=1000 sel=657 (null 7, permBH 654) th_sel=+0.002 th_all=-0.000 th_sig=+0.000 (pop +0.00) Ncz_sel=+0.6 Ncz_all=+0.3 Dz=+59.0 S_z=-40.7 -> R1_post [40s]
[5/27] post  R2=0.3 lam=0.6 d=0.2 fX=nan G=2000 pi1=0.5 rep=1 feas=True nsig=1000 sel=674 (null 6, permBH 665) th_sel=+0.006 th_all=+0.007 th_sig=+0.007 (pop +0.00) Ncz_sel=+1.4 Ncz_all=+1.2 Dz=+48.2 S_z=-35.3 -> R1_post [40s]
[6/27] post  R2=0.3 lam=0.6 d=0.2 fX=nan G=2000 pi1=0.5 rep=2 feas=True nsig=1000 sel=616 (null 5, permBH 607) th_sel=-0.006 th_all=+0.002 th_sig=-0.000 (pop +0.00) Ncz_sel=-0.5 Ncz_all=+0.7 Dz=+46.4 S_z=-33.1 -> R1_post [40s]
resume: 6 rows already in sim_mixture_size.csv
[1/21] post  R2=0.3 lam=0.6 d=0.2 fX=nan G=5000 pi1=0.5 rep=0 feas=True nsig=2500 sel=1542 (null 11, permBH 1530) th_sel=+0.005 th_all=+0.004 th_sig=+0.005 (pop +0.00) Ncz_sel=+2.0 Ncz_all=+1.4 Dz=+52.9 S_z=-42.4 -> R3_mixed [102s]
[2/21] post  R2=0.3 lam=0.6 d=0.2 fX=nan G=5000 pi1=0.5 rep=1 feas=True nsig=2500 sel=1459 (null 15, permBH 1447) th_sel=+0.009 th_all=+0.007 th_sig=+0.006 (pop +0.00) Ncz_sel=+2.8 Ncz_all=+2.1 Dz=+54.8 S_z=-43.1 -> R3_mixed [101s]
[3/21] post  R2=0.3 lam=0.6 d=0.2 fX=nan G=5000 pi1=0.5 rep=2 feas=True nsig=2500 sel=1675 (null 16, permBH 1674) th_sel=+0.002 th_all=+0.006 th_sig=+0.003 (pop +0.00) Ncz_sel=+1.1 Ncz_all=+1.5 Dz=+50.4 S_z=-39.1 -> R1_post [102s]
[4/21] noise R2=0.3 lam=0.5 d=0.2 fX=nan G=2000 pi1=0.05 rep=0 feas=True nsig=100 sel=35 (null 0, permBH 0) th_sel=+0.687 th_all=+204.995 th_sig=+0.969 (pop +1.00) Ncz_sel=+19.4 Ncz_all=+8.2 Dz=+17.3 S_z=+6.3 -> R2_noise_compatible [40s]
[5/21] noise R2=0.3 lam=0.5 d=0.2 fX=nan G=2000 pi1=0.05 rep=1 feas=True nsig=100 sel=27 (null 0, permBH 0) th_sel=+0.751 th_all=-120.988 th_sig=+1.096 (pop +1.00) Ncz_sel=+20.8 Ncz_all=+6.1 Dz=+14.6 S_z=+7.3 -> R2_noise_compatible [40s]
[6/21] noise R2=0.3 lam=0.5 d=0.2 fX=nan G=2000 pi1=0.05 rep=2 feas=True nsig=100 sel=31 (null 2, permBH 0) th_sel=+0.632 th_all=-2.378 th_sig=+0.949 (pop +1.00) Ncz_sel=+18.7 Ncz_all=+7.7 Dz=+15.4 S_z=+6.6 -> R2_noise_compatible [40s]
[7/21] noise R2=0.3 lam=0.5 d=0.2 fX=nan G=2000 pi1=0.5 rep=0 feas=True nsig=1000 sel=586 (null 5, permBH 583) th_sel=+0.835 th_all=+1.143 th_sig=+1.044 (pop +1.00) Ncz_sel=+42.6 Ncz_all=+40.6 Dz=+43.8 S_z=+29.0 -> R2_noise_compatible [40s]
[8/21] noise R2=0.3 lam=0.5 d=0.2 fX=nan G=2000 pi1=0.5 rep=1 feas=True nsig=1000 sel=623 (null 5, permBH 618) th_sel=+0.882 th_all=+1.187 th_sig=+1.097 (pop +1.00) Ncz_sel=+44.9 Ncz_all=+43.1 Dz=+41.7 S_z=+30.7 -> R2_noise_compatible [40s]
[9/21] noise R2=0.3 lam=0.5 d=0.2 fX=nan G=2000 pi1=0.5 rep=2 feas=True nsig=1000 sel=680 (null 9, permBH 679) th_sel=+0.901 th_all=+1.143 th_sig=+1.084 (pop +1.00) Ncz_sel=+48.8 Ncz_all=+46.3 Dz=+48.1 S_z=+33.0 -> R2_noise_compatible [41s]
[10/21] noise R2=0.3 lam=0.5 d=0.2 fX=nan G=5000 pi1=0.5 rep=0 feas=True nsig=2500 sel=1670 (null 21, permBH 1650) th_sel=+0.862 th_all=+1.124 th_sig=+1.049 (pop +1.00) Ncz_sel=+46.6 Ncz_all=+47.1 Dz=+48.3 S_z=+37.5 -> R2_noise_compatible [115s]
[11/21] noise R2=0.3 lam=0.5 d=0.2 fX=nan G=5000 pi1=0.5 rep=1 feas=True nsig=2500 sel=1625 (null 18, permBH 1601) th_sel=+0.892 th_all=+1.169 th_sig=+1.100 (pop +1.00) Ncz_sel=+47.3 Ncz_all=+47.6 Dz=+52.6 S_z=+36.2 -> R2_noise_compatible [106s]
[12/21] noise R2=0.3 lam=0.5 d=0.2 fX=nan G=5000 pi1=0.5 rep=2 feas=True nsig=2500 sel=1574 (null 19, permBH 1554) th_sel=+0.860 th_all=+1.143 th_sig=+1.046 (pop +1.00) Ncz_sel=+46.9 Ncz_all=+46.7 Dz=+50.5 S_z=+36.6 -> R2_noise_compatible [106s]
[13/21] mix   R2=0.3 lam=0.6 d=0.2 fX=0.3 G=2000 pi1=0.05 rep=0 feas=True nsig=100 sel=71 (null 3, permBH 0) th_sel=+0.455 th_all=+3.597 th_sig=+0.519 (pop +0.45) Ncz_sel=+22.2 Ncz_all=+5.8 Dz=+28.1 S_z=+0.6 -> R3_mixed [42s]
[14/21] mix   R2=0.3 lam=0.6 d=0.2 fX=0.3 G=2000 pi1=0.05 rep=1 feas=True nsig=100 sel=67 (null 3, permBH 0) th_sel=+0.361 th_all=+0.901 th_sig=+0.445 (pop +0.45) Ncz_sel=+19.3 Ncz_all=+4.5 Dz=+27.0 S_z=-1.4 -> R3_mixed [40s]
[15/21] mix   R2=0.3 lam=0.6 d=0.2 fX=0.3 G=2000 pi1=0.05 rep=2 feas=True nsig=100 sel=65 (null 2, permBH 0) th_sel=+0.410 th_all=+1.464 th_sig=+0.464 (pop +0.45) Ncz_sel=+20.8 Ncz_all=+8.0 Dz=+27.8 S_z=-1.7 -> R3_mixed [40s]
[16/21] mix   R2=0.3 lam=0.6 d=0.2 fX=0.3 G=2000 pi1=0.5 rep=0 feas=True nsig=1000 sel=810 (null 8, permBH 810) th_sel=+0.429 th_all=+0.488 th_sig=+0.472 (pop +0.45) Ncz_sel=+37.7 Ncz_all=+33.2 Dz=+47.3 S_z=+1.6 -> R3_mixed [40s]
[17/21] mix   R2=0.3 lam=0.6 d=0.2 fX=0.3 G=2000 pi1=0.5 rep=1 feas=True nsig=1000 sel=810 (null 5, permBH 808) th_sel=+0.433 th_all=+0.493 th_sig=+0.474 (pop +0.45) Ncz_sel=+37.8 Ncz_all=+36.0 Dz=+47.3 S_z=+1.1 -> R3_mixed [40s]
[18/21] mix   R2=0.3 lam=0.6 d=0.2 fX=0.3 G=2000 pi1=0.5 rep=2 feas=True nsig=1000 sel=884 (null 4, permBH 884) th_sel=+0.458 th_all=+0.495 th_sig=+0.484 (pop +0.45) Ncz_sel=+39.5 Ncz_all=+35.9 Dz=+48.3 S_z=+2.7 -> R3_mixed [42s]
[19/21] mix   R2=0.3 lam=0.6 d=0.2 fX=0.3 G=5000 pi1=0.5 rep=0 feas=True nsig=2500 sel=2224 (null 14, permBH 2223) th_sel=+0.452 th_all=+0.495 th_sig=+0.475 (pop +0.45) Ncz_sel=+43.2 Ncz_all=+42.3 Dz=+56.0 S_z=-3.3 -> R3_mixed [100s]
[20/21] mix   R2=0.3 lam=0.6 d=0.2 fX=0.3 G=5000 pi1=0.5 rep=1 feas=True nsig=2500 sel=2116 (null 24, permBH 2115) th_sel=+0.431 th_all=+0.489 th_sig=+0.469 (pop +0.45) Ncz_sel=+43.7 Ncz_all=+43.5 Dz=+55.7 S_z=-1.1 -> R3_mixed [100s]
[21/21] mix   R2=0.3 lam=0.6 d=0.2 fX=0.3 G=5000 pi1=0.5 rep=2 feas=True nsig=2500 sel=2021 (null 10, permBH 2018) th_sel=+0.429 th_all=+0.473 th_sig=+0.462 (pop +0.45) Ncz_sel=+44.8 Ncz_all=+41.6 Dz=+55.6 S_z=+2.7 -> R3_mixed [100s]
wrote sim_mixture_size.csv (27 rows, 1420s)
