[1/76] post  R2=0.3 lam=0.6 d=0.1 fX=nan G=2000 pi1=0.2 rep=0 feas=True nsig=400 sel=3 (null 0, permBH 0) th_sel=+0.336 th_all=+0.009 th_sig=+0.016 (pop +0.00) Ncz_sel=+nan Ncz_all=+0.4 Dz=+nan S_z=+nan -> R6_nosignal [41s]
[2/76] post  R2=0.3 lam=0.6 d=0.1 fX=nan G=2000 pi1=0.2 rep=1 feas=True nsig=400 sel=3 (null 0, permBH 0) th_sel=+0.064 th_all=+0.023 th_sig=+0.025 (pop +0.00) Ncz_sel=+nan Ncz_all=+0.5 Dz=+nan S_z=+nan -> R6_nosignal [40s]
[3/76] post  R2=0.3 lam=0.6 d=0.1 fX=nan G=2000 pi1=0.2 rep=2 feas=True nsig=400 sel=23 (null 2, permBH 0) th_sel=-0.009 th_all=-0.023 th_sig=+0.000 (pop +0.00) Ncz_sel=-0.1 Ncz_all=-0.5 Dz=+19.3 S_z=-10.6 -> R1_post [43s]
[4/76] post  R2=0.3 lam=0.6 d=0.1 fX=nan G=2000 pi1=0.2 rep=3 feas=True nsig=400 sel=6 (null 0, permBH 0) th_sel=+0.021 th_all=-0.034 th_sig=-0.013 (pop +0.00) Ncz_sel=+0.3 Ncz_all=-0.5 Dz=+10.6 S_z=-6.3 -> R1_post [43s]
[5/76] post  R2=0.3 lam=0.6 d=0.2 fX=nan G=2000 pi1=0.2 rep=0 feas=True nsig=400 sel=225 (null 7, permBH 200) th_sel=-0.002 th_all=-0.007 th_sig=+0.005 (pop +0.00) Ncz_sel=-0.3 Ncz_all=-0.3 Dz=+42.5 S_z=-26.2 -> R1_post [42s]
[6/76] post  R2=0.3 lam=0.6 d=0.2 fX=nan G=2000 pi1=0.2 rep=1 feas=True nsig=400 sel=232 (null 5, permBH 220) th_sel=-0.001 th_all=+0.028 th_sig=+0.003 (pop +0.00) Ncz_sel=+0.1 Ncz_all=+1.7 Dz=+39.0 S_z=-26.6 -> R1_post [41s]
[7/76] post  R2=0.3 lam=0.6 d=0.2 fX=nan G=2000 pi1=0.2 rep=2 feas=True nsig=400 sel=229 (null 4, permBH 209) th_sel=+0.013 th_all=+0.003 th_sig=+0.011 (pop +0.00) Ncz_sel=+1.8 Ncz_all=+0.3 Dz=+43.4 S_z=-27.9 -> R1_post [41s]
[8/76] post  R2=0.3 lam=0.6 d=0.2 fX=nan G=2000 pi1=0.2 rep=3 feas=True nsig=400 sel=223 (null 6, permBH 213) th_sel=+0.002 th_all=-0.004 th_sig=-0.006 (pop +0.00) Ncz_sel=+0.2 Ncz_all=-0.1 Dz=+42.3 S_z=-27.6 -> R1_post [42s]
[9/76] post  R2=0.3 lam=0.8 d=0.1 fX=nan G=2000 pi1=0.2 rep=0 feas=True nsig=400 sel=3 (null 0, permBH 0) th_sel=+0.046 th_all=+0.011 th_sig=-0.010 (pop +0.00) Ncz_sel=+nan Ncz_all=+0.2 Dz=+nan S_z=+nan -> R6_nosignal [42s]
[10/76] post  R2=0.3 lam=0.8 d=0.1 fX=nan G=2000 pi1=0.2 rep=1 feas=True nsig=400 sel=10 (null 0, permBH 0) th_sel=+0.021 th_all=+0.058 th_sig=+0.030 (pop +0.00) Ncz_sel=+0.7 Ncz_all=+1.1 Dz=+13.0 S_z=-6.6 -> R1_post [43s]
[11/76] post  R2=0.3 lam=0.8 d=0.1 fX=nan G=2000 pi1=0.2 rep=2 feas=True nsig=400 sel=4 (null 0, permBH 0) th_sel=-0.009 th_all=+0.064 th_sig=+0.039 (pop +0.00) Ncz_sel=+nan Ncz_all=+1.0 Dz=+nan S_z=+nan -> R6_nosignal [44s]
[12/76] post  R2=0.3 lam=0.8 d=0.1 fX=nan G=2000 pi1=0.2 rep=3 feas=True nsig=400 sel=1 (null 0, permBH 0) th_sel=+0.014 th_all=-0.066 th_sig=-0.002 (pop +0.00) Ncz_sel=+nan Ncz_all=-1.3 Dz=+nan S_z=+nan -> R6_nosignal [44s]
[13/76] post  R2=0.3 lam=0.8 d=0.2 fX=nan G=2000 pi1=0.2 rep=0 feas=True nsig=400 sel=233 (null 5, permBH 215) th_sel=-0.006 th_all=-0.005 th_sig=-0.008 (pop +0.00) Ncz_sel=-0.5 Ncz_all=-0.0 Dz=+39.8 S_z=-24.6 -> R1_post [46s]
[14/76] post  R2=0.3 lam=0.8 d=0.2 fX=nan G=2000 pi1=0.2 rep=1 feas=True nsig=400 sel=229 (null 3, permBH 216) th_sel=-0.001 th_all=-0.001 th_sig=+0.001 (pop +0.00) Ncz_sel=+0.1 Ncz_all=+0.2 Dz=+41.7 S_z=-26.6 -> R1_post [46s]
[15/76] post  R2=0.3 lam=0.8 d=0.2 fX=nan G=2000 pi1=0.2 rep=2 feas=True nsig=400 sel=235 (null 6, permBH 225) th_sel=-0.001 th_all=-0.009 th_sig=-0.005 (pop +0.00) Ncz_sel=+0.2 Ncz_all=-0.2 Dz=+43.1 S_z=-27.0 -> R1_post [51s]
[16/76] post  R2=0.3 lam=0.8 d=0.2 fX=nan G=2000 pi1=0.2 rep=3 feas=True nsig=400 sel=226 (null 5, permBH 213) th_sel=+0.009 th_all=+0.037 th_sig=+0.012 (pop +0.00) Ncz_sel=+1.1 Ncz_all=+1.6 Dz=+41.5 S_z=-26.3 -> R1_post [39s]
[17/76] noise R2=0.3 lam=0.5 d=0.1 fX=nan G=2000 pi1=0.2 rep=0 feas=True nsig=400 sel=5 (null 0, permBH 0) th_sel=+0.423 th_all=+2.130 th_sig=+1.090 (pop +1.00) Ncz_sel=+6.2 Ncz_all=+20.9 Dz=+7.8 S_z=-0.9 -> R3_mixed [39s]
[18/76] noise R2=0.3 lam=0.5 d=0.1 fX=nan G=2000 pi1=0.2 rep=1 feas=True nsig=400 sel=0 (null 0, permBH 0) th_sel=+nan th_all=+1.882 th_sig=+1.151 (pop +1.00) Ncz_sel=+nan Ncz_all=+21.2 Dz=+nan S_z=+nan -> R6_nosignal [40s]
[19/76] noise R2=0.3 lam=0.5 d=0.1 fX=nan G=2000 pi1=0.2 rep=2 feas=True nsig=400 sel=8 (null 0, permBH 0) th_sel=+0.438 th_all=+1.964 th_sig=+1.124 (pop +1.00) Ncz_sel=+8.1 Ncz_all=+21.3 Dz=+11.4 S_z=+0.0 -> R3_mixed [42s]
[20/76] noise R2=0.3 lam=0.5 d=0.1 fX=nan G=2000 pi1=0.2 rep=3 feas=True nsig=400 sel=9 (null 0, permBH 0) th_sel=+0.339 th_all=+2.182 th_sig=+1.143 (pop +1.00) Ncz_sel=+7.8 Ncz_all=+21.9 Dz=+12.2 S_z=-0.5 -> R3_mixed [39s]
[21/76] noise R2=0.3 lam=0.6 d=0.1 fX=nan G=2000 pi1=0.2 rep=0 feas=True nsig=400 sel=3 (null 0, permBH 0) th_sel=+0.458 th_all=+3.739 th_sig=+1.646 (pop +1.50) Ncz_sel=+nan Ncz_all=+21.7 Dz=+nan S_z=+nan -> R6_nosignal [39s]
[22/76] noise R2=0.3 lam=0.6 d=0.1 fX=nan G=2000 pi1=0.2 rep=1 feas=True nsig=400 sel=11 (null 0, permBH 0) th_sel=+0.636 th_all=+3.538 th_sig=+1.788 (pop +1.50) Ncz_sel=+12.1 Ncz_all=+24.0 Dz=+11.8 S_z=+3.1 -> R2_noise_compatible [39s]
[23/76] noise R2=0.3 lam=0.6 d=0.1 fX=nan G=2000 pi1=0.2 rep=2 feas=True nsig=400 sel=6 (null 0, permBH 0) th_sel=+0.531 th_all=+3.719 th_sig=+1.804 (pop +1.50) Ncz_sel=+8.7 Ncz_all=+24.5 Dz=+9.1 S_z=+2.2 -> R2_noise_compatible [39s]
[24/76] noise R2=0.3 lam=0.6 d=0.1 fX=nan G=2000 pi1=0.2 rep=3 feas=True nsig=400 sel=5 (null 0, permBH 0) th_sel=+0.552 th_all=+5.899 th_sig=+1.953 (pop +1.50) Ncz_sel=+7.6 Ncz_all=+24.0 Dz=+7.1 S_z=+1.4 -> R2_noise_compatible [39s]
[25/76] noise R2=0.3 lam=0.7 d=0.1 fX=nan G=2000 pi1=0.2 rep=0 feas=True nsig=400 sel=7 (null 0, permBH 0) th_sel=+0.924 th_all=-847.615 th_sig=+3.267 (pop +2.33) Ncz_sel=+10.7 Ncz_all=+28.6 Dz=+6.2 S_z=+4.0 -> R2_noise_compatible [39s]
[26/76] noise R2=0.3 lam=0.7 d=0.1 fX=nan G=2000 pi1=0.2 rep=1 feas=True nsig=400 sel=7 (null 0, permBH 0) th_sel=+0.884 th_all=-47.071 th_sig=+3.283 (pop +2.33) Ncz_sel=+9.4 Ncz_all=+26.7 Dz=+7.6 S_z=+3.1 -> R2_noise_compatible [41s]
[27/76] noise R2=0.3 lam=0.7 d=0.1 fX=nan G=2000 pi1=0.2 rep=2 feas=True nsig=400 sel=19 (null 1, permBH 0) th_sel=+0.647 th_all=+13.320 th_sig=+3.328 (pop +2.33) Ncz_sel=+14.4 Ncz_all=+24.8 Dz=+10.9 S_z=+4.4 -> R2_noise_compatible [41s]
[28/76] noise R2=0.3 lam=0.7 d=0.1 fX=nan G=2000 pi1=0.2 rep=3 feas=True nsig=400 sel=1 (null 0, permBH 0) th_sel=+0.722 th_all=-4.765 th_sig=+3.862 (pop +2.33) Ncz_sel=+nan Ncz_all=+21.4 Dz=+nan S_z=+nan -> R6_nosignal [41s]
[29/76] noise R2=0.3 lam=0.5 d=0.2 fX=nan G=2000 pi1=0.2 rep=0 feas=True nsig=400 sel=205 (null 2, permBH 0) th_sel=+0.824 th_all=+1.333 th_sig=+1.060 (pop +1.00) Ncz_sel=+37.6 Ncz_all=+27.7 Dz=+30.8 S_z=+19.9 -> R2_noise_compatible [41s]
[30/76] noise R2=0.3 lam=0.5 d=0.2 fX=nan G=2000 pi1=0.2 rep=1 feas=True nsig=400 sel=235 (null 4, permBH 214) th_sel=+0.805 th_all=+1.507 th_sig=+1.018 (pop +1.00) Ncz_sel=+35.2 Ncz_all=+27.0 Dz=+33.7 S_z=+18.9 -> R2_noise_compatible [41s]
[31/76] noise R2=0.3 lam=0.5 d=0.2 fX=nan G=2000 pi1=0.2 rep=2 feas=True nsig=400 sel=261 (null 8, permBH 237) th_sel=+0.865 th_all=+1.449 th_sig=+1.061 (pop +1.00) Ncz_sel=+36.5 Ncz_all=+26.8 Dz=+35.8 S_z=+18.6 -> R2_noise_compatible [41s]
[32/76] noise R2=0.3 lam=0.5 d=0.2 fX=nan G=2000 pi1=0.2 rep=3 feas=True nsig=400 sel=232 (null 5, permBH 222) th_sel=+0.834 th_all=+1.319 th_sig=+1.075 (pop +1.00) Ncz_sel=+35.2 Ncz_all=+26.3 Dz=+33.1 S_z=+21.5 -> R2_noise_compatible [53s]
resume: 32 rows already in sim_mixture_main.csv
[1/44] err   R2=0.3 lam=0.5 d=0.1 fX=nan G=2000 pi1=0.2 rep=0 feas=True nsig=400 sel=78 (null 3, permBH 0) th_sel=-0.671 th_all=-1.605 th_sig=-1.082 (pop -1.00) Ncz_sel=-24.7 Ncz_all=-25.6 Dz=+23.2 S_z=-28.1 -> R4_err [41s]
[2/44] err   R2=0.3 lam=0.5 d=0.1 fX=nan G=2000 pi1=0.2 rep=1 feas=True nsig=400 sel=88 (null 4, permBH 0) th_sel=-0.679 th_all=-1.548 th_sig=-1.066 (pop -1.00) Ncz_sel=-27.6 Ncz_all=-27.8 Dz=+22.4 S_z=-29.7 -> R4_err [41s]
[3/44] err   R2=0.3 lam=0.5 d=0.1 fX=nan G=2000 pi1=0.2 rep=2 feas=True nsig=400 sel=66 (null 3, permBH 0) th_sel=-0.633 th_all=-1.823 th_sig=-1.103 (pop -1.00) Ncz_sel=-27.9 Ncz_all=-24.9 Dz=+24.9 S_z=-33.0 -> R4_err [41s]
[4/44] err   R2=0.3 lam=0.5 d=0.1 fX=nan G=2000 pi1=0.2 rep=3 feas=True nsig=400 sel=89 (null 4, permBH 0) th_sel=-0.629 th_all=-1.602 th_sig=-1.098 (pop -1.00) Ncz_sel=-27.3 Ncz_all=-25.4 Dz=+25.1 S_z=-32.2 -> R4_err [41s]
[5/44] err   R2=0.3 lam=0.6 d=0.1 fX=nan G=2000 pi1=0.2 rep=0 feas=True nsig=400 sel=61 (null 1, permBH 0) th_sel=-0.578 th_all=-1.582 th_sig=-1.056 (pop -1.00) Ncz_sel=-22.6 Ncz_all=-24.6 Dz=+22.9 S_z=-26.7 -> R4_err [41s]
[6/44] err   R2=0.3 lam=0.6 d=0.1 fX=nan G=2000 pi1=0.2 rep=1 feas=True nsig=400 sel=83 (null 5, permBH 0) th_sel=-0.657 th_all=-1.419 th_sig=-1.122 (pop -1.00) Ncz_sel=-27.2 Ncz_all=-26.6 Dz=+24.6 S_z=-31.4 -> R4_err [41s]
[7/44] err   R2=0.3 lam=0.6 d=0.1 fX=nan G=2000 pi1=0.2 rep=2 feas=True nsig=400 sel=56 (null 0, permBH 0) th_sel=-0.684 th_all=-1.860 th_sig=-1.134 (pop -1.00) Ncz_sel=-24.0 Ncz_all=-24.3 Dz=+22.2 S_z=-30.5 -> R4_err [42s]
[8/44] err   R2=0.3 lam=0.6 d=0.1 fX=nan G=2000 pi1=0.2 rep=3 feas=True nsig=400 sel=115 (null 6, permBH 0) th_sel=-0.652 th_all=-1.371 th_sig=-1.074 (pop -1.00) Ncz_sel=-27.5 Ncz_all=-23.9 Dz=+29.6 S_z=-34.2 -> R4_err [41s]
[9/44] mix   R2=0.3 lam=0.6 d=0.2 fX=0.1 G=2000 pi1=0.2 rep=0 feas=True nsig=400 sel=249 (null 6, permBH 212) th_sel=+0.126 th_all=+0.169 th_sig=+0.149 (pop +0.15) Ncz_sel=+14.5 Ncz_all=+7.8 Dz=+39.9 S_z=-20.9 -> R3_mixed [41s]
[10/44] mix   R2=0.3 lam=0.6 d=0.2 fX=0.1 G=2000 pi1=0.2 rep=1 feas=True nsig=400 sel=228 (null 6, permBH 213) th_sel=+0.136 th_all=+0.186 th_sig=+0.156 (pop +0.15) Ncz_sel=+14.3 Ncz_all=+8.0 Dz=+43.8 S_z=-22.1 -> R3_mixed [41s]
[11/44] mix   R2=0.3 lam=0.6 d=0.2 fX=0.1 G=2000 pi1=0.2 rep=2 feas=True nsig=400 sel=252 (null 4, permBH 236) th_sel=+0.137 th_all=+0.206 th_sig=+0.164 (pop +0.15) Ncz_sel=+14.6 Ncz_all=+9.4 Dz=+39.8 S_z=-21.0 -> R3_mixed [41s]
[12/44] mix   R2=0.3 lam=0.6 d=0.2 fX=0.1 G=2000 pi1=0.2 rep=3 feas=True nsig=400 sel=270 (null 10, permBH 245) th_sel=+0.125 th_all=+0.198 th_sig=+0.146 (pop +0.15) Ncz_sel=+14.5 Ncz_all=+10.1 Dz=+40.9 S_z=-23.2 -> R3_mixed [41s]
[13/44] mix   R2=0.3 lam=0.8 d=0.2 fX=0.1 G=2000 pi1=0.2 rep=0 feas=False nsig=400 sel=327 (null 6, permBH 301) th_sel=+0.271 th_all=+0.378 th_sig=+0.299 (pop +0.29) Ncz_sel=+26.6 Ncz_all=+14.6 Dz=+41.0 S_z=-12.5 -> R3_mixed [41s]
[14/44] mix   R2=0.3 lam=0.8 d=0.2 fX=0.1 G=2000 pi1=0.2 rep=1 feas=False nsig=400 sel=329 (null 10, permBH 296) th_sel=+0.299 th_all=+0.389 th_sig=+0.321 (pop +0.29) Ncz_sel=+27.7 Ncz_all=+16.7 Dz=+41.5 S_z=-13.6 -> R3_mixed [42s]
[15/44] mix   R2=0.3 lam=0.8 d=0.2 fX=0.1 G=2000 pi1=0.2 rep=2 feas=False nsig=400 sel=314 (null 7, permBH 288) th_sel=+0.295 th_all=+0.397 th_sig=+0.331 (pop +0.29) Ncz_sel=+25.7 Ncz_all=+14.0 Dz=+43.5 S_z=-10.4 -> R3_mixed [47s]
[16/44] mix   R2=0.3 lam=0.8 d=0.2 fX=0.1 G=2000 pi1=0.2 rep=3 feas=False nsig=400 sel=314 (null 11, permBH 286) th_sel=+0.272 th_all=+0.344 th_sig=+0.317 (pop +0.29) Ncz_sel=+24.8 Ncz_all=+12.5 Dz=+42.9 S_z=-11.5 -> R3_mixed [47s]
[17/44] mix   R2=0.3 lam=0.6 d=0.2 fX=0.3 G=2000 pi1=0.2 rep=0 feas=True nsig=400 sel=352 (null 12, permBH 329) th_sel=+0.413 th_all=+0.531 th_sig=+0.458 (pop +0.45) Ncz_sel=+32.9 Ncz_all=+23.4 Dz=+47.7 S_z=-3.6 -> R3_mixed [44s]
[18/44] mix   R2=0.3 lam=0.6 d=0.2 fX=0.3 G=2000 pi1=0.2 rep=1 feas=True nsig=400 sel=321 (null 11, permBH 295) th_sel=+0.437 th_all=+0.592 th_sig=+0.483 (pop +0.45) Ncz_sel=+33.6 Ncz_all=+22.6 Dz=+43.5 S_z=+0.4 -> R3_mixed [42s]
[19/44] mix   R2=0.3 lam=0.6 d=0.2 fX=0.3 G=2000 pi1=0.2 rep=2 feas=True nsig=400 sel=337 (null 9, permBH 316) th_sel=+0.434 th_all=+0.573 th_sig=+0.475 (pop +0.45) Ncz_sel=+34.0 Ncz_all=+21.8 Dz=+45.6 S_z=+0.1 -> R3_mixed [41s]
[20/44] mix   R2=0.3 lam=0.6 d=0.2 fX=0.3 G=2000 pi1=0.2 rep=3 feas=True nsig=400 sel=349 (null 11, permBH 326) th_sel=+0.432 th_all=+0.481 th_sig=+0.462 (pop +0.45) Ncz_sel=+33.2 Ncz_all=+20.9 Dz=+41.9 S_z=+0.1 -> R3_mixed [45s]
[21/44] mix   R2=0.3 lam=0.8 d=0.2 fX=0.3 G=2000 pi1=0.2 rep=0 feas=False nsig=400 sel=223 (null 8, permBH 214) th_sel=+0.309 th_all=+0.478 th_sig=+0.405 (pop +0.37) Ncz_sel=+24.5 Ncz_all=+15.3 Dz=+39.4 S_z=-7.6 -> R3_mixed [42s]
[22/44] mix   R2=0.3 lam=0.8 d=0.2 fX=0.3 G=2000 pi1=0.2 rep=1 feas=False nsig=400 sel=253 (null 5, permBH 237) th_sel=+0.318 th_all=+0.495 th_sig=+0.387 (pop +0.37) Ncz_sel=+23.3 Ncz_all=+13.9 Dz=+39.0 S_z=-9.3 -> R3_mixed [42s]
[23/44] mix   R2=0.3 lam=0.8 d=0.2 fX=0.3 G=2000 pi1=0.2 rep=2 feas=False nsig=400 sel=235 (null 8, permBH 204) th_sel=+0.341 th_all=+0.554 th_sig=+0.425 (pop +0.37) Ncz_sel=+24.5 Ncz_all=+16.7 Dz=+37.0 S_z=-6.5 -> R3_mixed [41s]
[24/44] mix   R2=0.3 lam=0.8 d=0.2 fX=0.3 G=2000 pi1=0.2 rep=3 feas=False nsig=400 sel=259 (null 7, permBH 242) th_sel=+0.330 th_all=+0.523 th_sig=+0.391 (pop +0.37) Ncz_sel=+25.3 Ncz_all=+16.0 Dz=+41.2 S_z=-7.7 -> R3_mixed [41s]
[25/44] mix   R2=0.3 lam=0.6 d=0.2 fX=0.5 G=2000 pi1=0.2 rep=0 feas=False nsig=400 sel=372 (null 9, permBH 349) th_sel=+0.658 th_all=+0.840 th_sig=+0.708 (pop +0.65) Ncz_sel=+36.5 Ncz_all=+26.3 Dz=+43.9 S_z=+13.8 -> R2_noise_compatible [41s]
[26/44] mix   R2=0.3 lam=0.6 d=0.2 fX=0.5 G=2000 pi1=0.2 rep=1 feas=False nsig=400 sel=372 (null 5, permBH 348) th_sel=+0.620 th_all=+0.832 th_sig=+0.666 (pop +0.65) Ncz_sel=+41.1 Ncz_all=+26.3 Dz=+44.7 S_z=+15.3 -> R2_noise_compatible [41s]
[27/44] mix   R2=0.3 lam=0.6 d=0.2 fX=0.5 G=2000 pi1=0.2 rep=2 feas=False nsig=400 sel=370 (null 11, permBH 351) th_sel=+0.632 th_all=+0.817 th_sig=+0.686 (pop +0.65) Ncz_sel=+38.9 Ncz_all=+28.2 Dz=+44.3 S_z=+14.3 -> R2_noise_compatible [43s]
[28/44] mix   R2=0.3 lam=0.6 d=0.2 fX=0.5 G=2000 pi1=0.2 rep=3 feas=False nsig=400 sel=378 (null 13, permBH 362) th_sel=+0.643 th_all=+0.815 th_sig=+0.684 (pop +0.65) Ncz_sel=+37.7 Ncz_all=+26.3 Dz=+42.3 S_z=+13.5 -> R2_noise_compatible [41s]
[29/44] mix   R2=0.3 lam=0.8 d=0.2 fX=0.5 G=2000 pi1=0.2 rep=0 feas=False nsig=400 sel=89 (null 4, permBH 0) th_sel=+0.304 th_all=+0.860 th_sig=+0.595 (pop +0.50) Ncz_sel=+15.4 Ncz_all=+18.2 Dz=+26.0 S_z=-4.8 -> R3_mixed [41s]
[30/44] mix   R2=0.3 lam=0.8 d=0.2 fX=0.5 G=2000 pi1=0.2 rep=1 feas=False nsig=400 sel=75 (null 0, permBH 0) th_sel=+0.351 th_all=+0.820 th_sig=+0.580 (pop +0.50) Ncz_sel=+17.0 Ncz_all=+15.2 Dz=+25.0 S_z=-1.2 -> R3_mixed [40s]
[31/44] mix   R2=0.3 lam=0.8 d=0.2 fX=0.5 G=2000 pi1=0.2 rep=2 feas=False nsig=400 sel=95 (null 0, permBH 0) th_sel=+0.422 th_all=+0.990 th_sig=+0.619 (pop +0.50) Ncz_sel=+19.9 Ncz_all=+18.7 Dz=+25.9 S_z=-0.7 -> R3_mixed [41s]
[32/44] mix   R2=0.3 lam=0.8 d=0.2 fX=0.5 G=2000 pi1=0.2 rep=3 feas=False nsig=400 sel=111 (null 2, permBH 0) th_sel=+0.374 th_all=+0.917 th_sig=+0.549 (pop +0.50) Ncz_sel=+18.1 Ncz_all=+18.1 Dz=+30.0 S_z=-3.1 -> R3_mixed [41s]
[33/44] post  R2=0.1 lam=0.6 d=0.2 fX=nan G=2000 pi1=0.2 rep=0 feas=True nsig=400 sel=119 (null 8, permBH 0) th_sel=+0.005 th_all=+0.032 th_sig=+0.012 (pop +0.00) Ncz_sel=+0.9 Ncz_all=+2.5 Dz=+37.7 S_z=-12.9 -> R1_post [41s]
[34/44] post  R2=0.1 lam=0.6 d=0.2 fX=nan G=2000 pi1=0.2 rep=1 feas=True nsig=400 sel=96 (null 3, permBH 0) th_sel=+0.010 th_all=-0.009 th_sig=+0.010 (pop +0.00) Ncz_sel=+1.7 Ncz_all=-0.7 Dz=+34.1 S_z=-13.1 -> R1_post [41s]
[35/44] post  R2=0.1 lam=0.6 d=0.2 fX=nan G=2000 pi1=0.2 rep=2 feas=True nsig=400 sel=98 (null 4, permBH 0) th_sel=+0.017 th_all=-0.012 th_sig=+0.008 (pop +0.00) Ncz_sel=+2.3 Ncz_all=-1.0 Dz=+33.4 S_z=-13.5 -> R3_mixed [38s]
[36/44] post  R2=0.1 lam=0.6 d=0.2 fX=nan G=2000 pi1=0.2 rep=3 feas=True nsig=400 sel=120 (null 3, permBH 0) th_sel=+0.003 th_all=+0.028 th_sig=+0.007 (pop +0.00) Ncz_sel=+0.4 Ncz_all=+2.2 Dz=+35.2 S_z=-14.8 -> R1_post [38s]
[37/44] mix   R2=0.1 lam=0.6 d=0.2 fX=0.1 G=2000 pi1=0.2 rep=0 feas=True nsig=400 sel=118 (null 4, permBH 0) th_sel=+0.122 th_all=+0.218 th_sig=+0.175 (pop +0.15) Ncz_sel=+14.0 Ncz_all=+14.2 Dz=+33.7 S_z=+0.8 -> R3_mixed [38s]
[38/44] mix   R2=0.1 lam=0.6 d=0.2 fX=0.1 G=2000 pi1=0.2 rep=1 feas=True nsig=400 sel=130 (null 2, permBH 0) th_sel=+0.134 th_all=+0.215 th_sig=+0.171 (pop +0.15) Ncz_sel=+18.1 Ncz_all=+12.7 Dz=+32.2 S_z=+2.0 -> R3_mixed [38s]
[39/44] mix   R2=0.1 lam=0.6 d=0.2 fX=0.1 G=2000 pi1=0.2 rep=2 feas=True nsig=400 sel=169 (null 4, permBH 191) th_sel=+0.111 th_all=+0.178 th_sig=+0.147 (pop +0.15) Ncz_sel=+17.8 Ncz_all=+11.4 Dz=+34.4 S_z=-1.7 -> R3_mixed [38s]
[40/44] mix   R2=0.1 lam=0.6 d=0.2 fX=0.1 G=2000 pi1=0.2 rep=3 feas=True nsig=400 sel=158 (null 4, permBH 0) th_sel=+0.125 th_all=+0.207 th_sig=+0.175 (pop +0.15) Ncz_sel=+19.4 Ncz_all=+12.4 Dz=+36.7 S_z=+1.5 -> R3_mixed [38s]
[41/44] mix   R2=0.1 lam=0.6 d=0.2 fX=0.3 G=2000 pi1=0.2 rep=0 feas=False nsig=400 sel=121 (null 3, permBH 0) th_sel=+0.168 th_all=+0.315 th_sig=+0.240 (pop +0.23) Ncz_sel=+20.6 Ncz_all=+15.7 Dz=+32.9 S_z=+6.6 -> R3_mixed [38s]
[42/44] mix   R2=0.1 lam=0.6 d=0.2 fX=0.3 G=2000 pi1=0.2 rep=1 feas=False nsig=400 sel=80 (null 2, permBH 0) th_sel=+0.155 th_all=+0.368 th_sig=+0.252 (pop +0.23) Ncz_sel=+14.9 Ncz_all=+16.1 Dz=+25.8 S_z=+3.7 -> R3_mixed [38s]
[43/44] mix   R2=0.1 lam=0.6 d=0.2 fX=0.3 G=2000 pi1=0.2 rep=2 feas=False nsig=400 sel=112 (null 3, permBH 0) th_sel=+0.162 th_all=+0.404 th_sig=+0.254 (pop +0.23) Ncz_sel=+18.1 Ncz_all=+15.4 Dz=+31.6 S_z=+6.1 -> R3_mixed [39s]
[44/44] mix   R2=0.1 lam=0.6 d=0.2 fX=0.3 G=2000 pi1=0.2 rep=3 feas=False nsig=400 sel=79 (null 1, permBH 0) th_sel=+0.164 th_all=+0.348 th_sig=+0.269 (pop +0.23) Ncz_sel=+17.9 Ncz_all=+16.6 Dz=+29.4 S_z=+6.8 -> R3_mixed [38s]
wrote sim_mixture_main.csv (76 rows, 1798s)
