[1/120] noise R2=0.1 lam=0.50 delta=0.10 fX=nan feas=False sel=  0 incr_p=-0.1883(pop 0.0905) theta_set_sel=+nan(pop +1.00) S_cross_sel=+nan null=+nan aggz=+nan Nz=+nan Ncz=+nan NcRej=nan [1s]
[2/120] post  R2=0.1 lam=0.50 delta=0.10 fX=nan feas=True sel=  0 incr_p=-0.1661(pop 0.1000) theta_set_sel=+nan(pop +0.00) S_cross_sel=+nan null=+nan aggz=+nan Nz=+nan Ncz=+nan NcRej=nan [1s]
[3/120] err   R2=0.1 lam=0.50 delta=0.10 fX=nan feas=False sel=  0 incr_p=-0.2192(pop 0.0905) theta_set_sel=+nan(pop -1.00) S_cross_sel=+nan null=+nan aggz=+nan Nz=+nan Ncz=+nan NcRej=nan [1s]
[4/120] mix   R2=0.1 lam=0.50 delta=0.10 fX=0.1 feas=True sel=  5 incr_p=-0.1602(pop 0.1011) theta_set_sel=+0.04(pop +0.10) S_cross_sel=-0.059 null=+0.003 aggz=-1.3 Nz=+1.4 Ncz=+1.3 NcRej=0.00 [1s]
[5/120] mix   R2=0.1 lam=0.50 delta=0.10 fX=0.3 feas=True sel=  0 incr_p=-0.1507(pop 0.1129) theta_set_sel=+nan(pop +0.30) S_cross_sel=+nan null=+nan aggz=+nan Nz=+nan Ncz=+nan NcRej=nan [1s]
[6/120] mix   R2=0.1 lam=0.50 delta=0.10 fX=0.5 feas=False sel=  8 incr_p=-0.1143(pop 0.1405) theta_set_sel=+0.31(pop +0.49) S_cross_sel=+0.170 null=+0.002 aggz=+3.5 Nz=+7.9 Ncz=+7.1 NcRej=0.62 [1s]
[7/120] noise R2=0.1 lam=0.50 delta=0.20 fX=nan feas=False sel=  0 incr_p=-0.1880(pop 0.0905) theta_set_sel=+nan(pop +1.00) S_cross_sel=+nan null=+nan aggz=+nan Nz=+nan Ncz=+nan NcRej=nan [1s]
[8/120] post  R2=0.1 lam=0.50 delta=0.20 fX=nan feas=True sel= 15 incr_p=-0.0543(pop 0.2000) theta_set_sel=+0.01(pop +0.00) S_cross_sel=-0.099 null=+0.010 aggz=-3.6 Nz=+0.9 Ncz=+0.8 NcRej=0.07 [1s]
[9/120] err   R2=0.1 lam=0.50 delta=0.20 fX=nan feas=False sel=  0 incr_p=-0.2227(pop 0.0905) theta_set_sel=+nan(pop -1.00) S_cross_sel=+nan null=+nan aggz=+nan Nz=+nan Ncz=+nan NcRej=nan [1s]
[10/120] mix   R2=0.1 lam=0.50 delta=0.20 fX=0.1 feas=True sel= 14 incr_p=-0.0366(pop 0.2050) theta_set_sel=+0.07(pop +0.10) S_cross_sel=-0.068 null=+0.010 aggz=-2.1 Nz=+4.3 Ncz=+3.5 NcRej=0.07 [1s]
[11/120] mix   R2=0.1 lam=0.50 delta=0.20 fX=0.3 feas=False sel= 27 incr_p=+0.0323(pop 0.2305) theta_set_sel=+0.21(pop +0.25) S_cross_sel=+0.117 null=+0.010 aggz=+3.4 Nz=+14.5 Ncz=+12.2 NcRej=0.52 [1s]
[12/120] mix   R2=0.1 lam=0.50 delta=0.20 fX=0.5 feas=False sel= 10 incr_p=-0.0895(pop 0.1905) theta_set_sel=+0.14(pop +0.32) S_cross_sel=+0.068 null=+0.005 aggz=+1.6 Nz=+6.8 Ncz=+5.8 NcRej=0.20 [1s]
[13/120] noise R2=0.1 lam=0.60 delta=0.10 fX=nan feas=False sel=  0 incr_p=-0.2221(pop 0.0589) theta_set_sel=+nan(pop +1.50) S_cross_sel=+nan null=+nan aggz=+nan Nz=+nan Ncz=+nan NcRej=nan [1s]
[14/120] post  R2=0.1 lam=0.60 delta=0.10 fX=nan feas=True sel=  8 incr_p=-0.1499(pop 0.1000) theta_set_sel=+0.00(pop +0.00) S_cross_sel=-0.132 null=+0.006 aggz=-3.2 Nz=+0.1 Ncz=+0.1 NcRej=0.00 [1s]
[15/120] err   R2=0.1 lam=0.60 delta=0.10 fX=nan feas=False sel=  0 incr_p=-0.2253(pop 0.0613) theta_set_sel=+nan(pop -1.00) S_cross_sel=+nan null=+nan aggz=+nan Nz=+nan Ncz=+nan NcRej=nan [1s]
[16/120] mix   R2=0.1 lam=0.60 delta=0.10 fX=0.1 feas=True sel=  0 incr_p=-0.2123(pop 0.1029) theta_set_sel=+nan(pop +0.15) S_cross_sel=+nan null=+nan aggz=+nan Nz=+nan Ncz=+nan NcRej=nan [1s]
[17/120] mix   R2=0.1 lam=0.60 delta=0.10 fX=0.3 feas=False sel=  6 incr_p=-0.1377(pop 0.1289) theta_set_sel=+0.18(pop +0.40) S_cross_sel=+0.092 null=+0.013 aggz=+1.6 Nz=+5.9 Ncz=+5.4 NcRej=0.67 [1s]
[18/120] mix   R2=0.1 lam=0.60 delta=0.10 fX=0.5 feas=False sel=  6 incr_p=-0.1498(pop 0.1089) theta_set_sel=+0.31(pop +0.50) S_cross_sel=+0.155 null=+0.007 aggz=+3.3 Nz=+7.1 Ncz=+6.3 NcRej=0.67 [1s]
[19/120] noise R2=0.1 lam=0.60 delta=0.20 fX=nan feas=False sel=  0 incr_p=-0.2743(pop 0.0589) theta_set_sel=+nan(pop +1.50) S_cross_sel=+nan null=+nan aggz=+nan Nz=+nan Ncz=+nan NcRej=nan [1s]
[20/120] post  R2=0.1 lam=0.60 delta=0.20 fX=nan feas=True sel= 14 incr_p=-0.0461(pop 0.2000) theta_set_sel=-0.02(pop +0.00) S_cross_sel=-0.141 null=+0.003 aggz=-4.7 Nz=-1.0 Ncz=-0.7 NcRej=0.00 [1s]
[21/120] err   R2=0.1 lam=0.60 delta=0.20 fX=nan feas=False sel=  0 incr_p=-0.2483(pop 0.0613) theta_set_sel=+nan(pop -1.00) S_cross_sel=+nan null=+nan aggz=+nan Nz=+nan Ncz=+nan NcRej=nan [1s]
[22/120] mix   R2=0.1 lam=0.60 delta=0.20 fX=0.1 feas=True sel= 20 incr_p=-0.0160(pop 0.2164) theta_set_sel=+0.13(pop +0.15) S_cross_sel=+0.035 null=+0.005 aggz=+0.7 Nz=+8.0 Ncz=+6.5 NcRej=0.30 [1s]
[23/120] mix   R2=0.1 lam=0.60 delta=0.20 fX=0.3 feas=False sel= 16 incr_p=-0.0333(pop 0.1989) theta_set_sel=+0.21(pop +0.23) S_cross_sel=+0.086 null=+0.007 aggz=+3.2 Nz=+8.6 Ncz=+7.5 NcRej=0.56 [1s]
[24/120] mix   R2=0.1 lam=0.60 delta=0.20 fX=0.5 feas=False sel= 10 incr_p=-0.1133(pop 0.1589) theta_set_sel=+0.25(pop +0.30) S_cross_sel=+0.104 null=+0.009 aggz=+2.2 Nz=+8.0 Ncz=+7.1 NcRej=0.60 [1s]
[25/120] noise R2=0.1 lam=0.70 delta=0.10 fX=nan feas=False sel=  0 incr_p=-0.2475(pop 0.0365) theta_set_sel=+nan(pop +2.33) S_cross_sel=+nan null=+nan aggz=+nan Nz=+nan Ncz=+nan NcRej=nan [1s]
[26/120] post  R2=0.1 lam=0.70 delta=0.10 fX=nan feas=True sel=  3 incr_p=-0.1733(pop 0.1000) theta_set_sel=-0.02(pop +0.00) S_cross_sel=-0.154 null=+0.014 aggz=+nan Nz=+nan Ncz=+nan NcRej=0.00 [1s]
[27/120] err   R2=0.1 lam=0.70 delta=0.10 fX=nan feas=False sel=  0 incr_p=-0.2753(pop 0.0399) theta_set_sel=+nan(pop -1.00) S_cross_sel=+nan null=+nan aggz=+nan Nz=+nan Ncz=+nan NcRej=nan [1s]
[28/120] mix   R2=0.1 lam=0.70 delta=0.10 fX=0.1 feas=True sel=  6 incr_p=-0.1187(pop 0.1120) theta_set_sel=+0.10(pop +0.23) S_cross_sel=-0.048 null=+0.007 aggz=-0.9 Nz=+2.9 Ncz=+2.6 NcRej=0.17 [1s]
[29/120] mix   R2=0.1 lam=0.70 delta=0.10 fX=0.3 feas=False sel=  9 incr_p=-0.1435(pop 0.1065) theta_set_sel=+0.21(pop +0.35) S_cross_sel=+0.084 null=+0.006 aggz=+0.6 Nz=+6.8 Ncz=+6.3 NcRej=0.44 [1s]
[30/120] mix   R2=0.1 lam=0.70 delta=0.10 fX=0.5 feas=False sel=  5 incr_p=-0.1505(pop 0.0865) theta_set_sel=+0.16(pop +0.46) S_cross_sel=+0.043 null=+0.005 aggz=+0.5 Nz=+4.2 Ncz=+3.8 NcRej=0.20 [1s]
[31/120] noise R2=0.1 lam=0.70 delta=0.20 fX=nan feas=False sel=  0 incr_p=-0.2606(pop 0.0365) theta_set_sel=+nan(pop +2.33) S_cross_sel=+nan null=+nan aggz=+nan Nz=+nan Ncz=+nan NcRej=nan [1s]
[32/120] post  R2=0.1 lam=0.70 delta=0.20 fX=nan feas=True sel= 15 incr_p=-0.0454(pop 0.2000) theta_set_sel=-0.01(pop +0.00) S_cross_sel=-0.138 null=+0.004 aggz=-3.6 Nz=-0.1 Ncz=-0.1 NcRej=0.00 [1s]
[33/120] err   R2=0.1 lam=0.70 delta=0.20 fX=nan feas=False sel=  0 incr_p=-0.2518(pop 0.0399) theta_set_sel=+nan(pop -1.00) S_cross_sel=+nan null=+nan aggz=+nan Nz=+nan Ncz=+nan NcRej=nan [1s]
[34/120] mix   R2=0.1 lam=0.70 delta=0.20 fX=0.1 feas=False sel= 18 incr_p=-0.0248(pop 0.2165) theta_set_sel=+0.11(pop +0.15) S_cross_sel=+0.012 null=+0.009 aggz=-0.2 Nz=+6.1 Ncz=+5.1 NcRej=0.22 [1s]
[35/120] mix   R2=0.1 lam=0.70 delta=0.20 fX=0.3 feas=False sel= 14 incr_p=-0.0620(pop 0.1765) theta_set_sel=+0.10(pop +0.19) S_cross_sel=+0.010 null=+0.006 aggz=-0.3 Nz=+5.4 Ncz=+4.3 NcRej=0.21 [1s]
[36/120] mix   R2=0.1 lam=0.70 delta=0.20 fX=0.5 feas=False sel=  7 incr_p=-0.1257(pop 0.1365) theta_set_sel=+0.13(pop +0.25) S_cross_sel=+0.029 null=+0.004 aggz=+0.0 Nz=+4.5 Ncz=+3.9 NcRej=0.14 [1s]
[37/120] noise R2=0.1 lam=0.80 delta=0.10 fX=nan feas=False sel=  0 incr_p=-0.2712(pop 0.0198) theta_set_sel=+nan(pop +4.00) S_cross_sel=+nan null=+nan aggz=+nan Nz=+nan Ncz=+nan NcRej=nan [1s]
[38/120] post  R2=0.1 lam=0.80 delta=0.10 fX=nan feas=True sel=  0 incr_p=-0.1945(pop 0.1000) theta_set_sel=+nan(pop +0.00) S_cross_sel=+nan null=+nan aggz=+nan Nz=+nan Ncz=+nan NcRej=nan [1s]
[39/120] err   R2=0.1 lam=0.80 delta=0.10 fX=nan feas=False sel=  0 incr_p=-0.3291(pop 0.0235) theta_set_sel=+nan(pop -1.00) S_cross_sel=+nan null=+nan aggz=+nan Nz=+nan Ncz=+nan NcRej=nan [1s]
[40/120] mix   R2=0.1 lam=0.80 delta=0.10 fX=0.1 feas=False sel=  5 incr_p=-0.1581(pop 0.1098) theta_set_sel=+0.06(pop +0.20) S_cross_sel=-0.067 null=+0.002 aggz=-1.0 Nz=+1.4 Ncz=+1.2 NcRej=0.00 [1s]
[41/120] mix   R2=0.1 lam=0.80 delta=0.10 fX=0.3 feas=False sel=  5 incr_p=-0.1743(pop 0.0898) theta_set_sel=+0.02(pop +0.25) S_cross_sel=-0.065 null=+0.010 aggz=-1.0 Nz=+1.1 Ncz=+0.9 NcRej=0.00 [1s]
[42/120] mix   R2=0.1 lam=0.80 delta=0.10 fX=0.5 feas=False sel=  0 incr_p=-0.2359(pop 0.0698) theta_set_sel=+nan(pop +0.35) S_cross_sel=+nan null=+nan aggz=+nan Nz=+nan Ncz=+nan NcRej=nan [1s]
[43/120] noise R2=0.1 lam=0.80 delta=0.20 fX=nan feas=False sel=  0 incr_p=-0.2817(pop 0.0198) theta_set_sel=+nan(pop +4.00) S_cross_sel=+nan null=+nan aggz=+nan Nz=+nan Ncz=+nan NcRej=nan [1s]
[44/120] post  R2=0.1 lam=0.80 delta=0.20 fX=nan feas=True sel= 18 incr_p=-0.0306(pop 0.2000) theta_set_sel=+0.01(pop +0.00) S_cross_sel=-0.112 null=+0.008 aggz=-4.6 Nz=+0.3 Ncz=+0.3 NcRej=0.00 [1s]
[45/120] err   R2=0.1 lam=0.80 delta=0.20 fX=nan feas=False sel=  0 incr_p=-0.2702(pop 0.0235) theta_set_sel=+nan(pop -1.00) S_cross_sel=+nan null=+nan aggz=+nan Nz=+nan Ncz=+nan NcRej=nan [1s]
[46/120] mix   R2=0.1 lam=0.80 delta=0.20 fX=0.1 feas=False sel= 13 incr_p=-0.0543(pop 0.1998) theta_set_sel=+0.08(pop +0.10) S_cross_sel=-0.012 null=+0.009 aggz=-0.0 Nz=+3.8 Ncz=+3.1 NcRej=0.08 [1s]
[47/120] mix   R2=0.1 lam=0.80 delta=0.20 fX=0.3 feas=False sel= 14 incr_p=-0.0451(pop 0.1598) theta_set_sel=+0.10(pop +0.13) S_cross_sel=-0.024 null=+0.007 aggz=-1.5 Nz=+5.0 Ncz=+4.4 NcRej=0.14 [1s]
[48/120] mix   R2=0.1 lam=0.80 delta=0.20 fX=0.5 feas=False sel=  7 incr_p=-0.1037(pop 0.1198) theta_set_sel=+0.12(pop +0.18) S_cross_sel=+0.020 null=+0.009 aggz=+0.5 Nz=+4.0 Ncz=+3.6 NcRej=0.14 [1s]
[49/120] noise R2=0.1 lam=0.90 delta=0.10 fX=nan feas=False sel=  0 incr_p=-0.3148(pop 0.0073) theta_set_sel=+nan(pop +9.00) S_cross_sel=+nan null=+nan aggz=+nan Nz=+nan Ncz=+nan NcRej=nan [1s]
[50/120] post  R2=0.1 lam=0.90 delta=0.10 fX=nan feas=True sel=  5 incr_p=-0.1833(pop 0.1000) theta_set_sel=+0.02(pop +0.00) S_cross_sel=-0.114 null=+0.001 aggz=-2.3 Nz=+0.7 Ncz=+0.6 NcRej=0.00 [1s]
[51/120] err   R2=0.1 lam=0.90 delta=0.10 fX=nan feas=False sel=  0 incr_p=-0.2762(pop 0.0105) theta_set_sel=+nan(pop -1.00) S_cross_sel=+nan null=+nan aggz=+nan Nz=+nan Ncz=+nan NcRej=nan [1s]
[52/120] mix   R2=0.1 lam=0.90 delta=0.10 fX=0.1 feas=False sel=  3 incr_p=-0.1369(pop 0.0973) theta_set_sel=+0.03(pop +0.10) S_cross_sel=-0.067 null=+0.002 aggz=+nan Nz=+nan Ncz=+nan NcRej=0.00 [1s]
[53/120] mix   R2=0.1 lam=0.90 delta=0.10 fX=0.3 feas=False sel=  3 incr_p=-0.1969(pop 0.0773) theta_set_sel=-0.02(pop +0.13) S_cross_sel=-0.134 null=+0.009 aggz=+nan Nz=+nan Ncz=+nan NcRej=0.00 [1s]
[54/120] mix   R2=0.1 lam=0.90 delta=0.10 fX=0.5 feas=False sel=  0 incr_p=-0.2644(pop 0.0573) theta_set_sel=+nan(pop +0.19) S_cross_sel=+nan null=+nan aggz=+nan Nz=+nan Ncz=+nan NcRej=nan [1s]
[55/120] noise R2=0.1 lam=0.90 delta=0.20 fX=nan feas=False sel=  0 incr_p=-0.3250(pop 0.0073) theta_set_sel=+nan(pop +9.00) S_cross_sel=+nan null=+nan aggz=+nan Nz=+nan Ncz=+nan NcRej=nan [1s]
[56/120] post  R2=0.1 lam=0.90 delta=0.20 fX=nan feas=True sel= 22 incr_p=+0.0021(pop 0.2000) theta_set_sel=+0.02(pop +0.00) S_cross_sel=-0.126 null=+0.006 aggz=-5.4 Nz=+1.2 Ncz=+0.9 NcRej=0.05 [1s]
[57/120] err   R2=0.1 lam=0.90 delta=0.20 fX=nan feas=False sel=  0 incr_p=-0.2709(pop 0.0105) theta_set_sel=+nan(pop -1.00) S_cross_sel=+nan null=+nan aggz=+nan Nz=+nan Ncz=+nan NcRej=nan [1s]
[58/120] mix   R2=0.1 lam=0.90 delta=0.20 fX=0.1 feas=False sel= 15 incr_p=-0.0686(pop 0.1873) theta_set_sel=+0.06(pop +0.05) S_cross_sel=-0.057 null=+0.004 aggz=-1.6 Nz=+3.1 Ncz=+2.6 NcRej=0.07 [1s]
[59/120] mix   R2=0.1 lam=0.90 delta=0.20 fX=0.3 feas=False sel= 11 incr_p=-0.0803(pop 0.1473) theta_set_sel=+0.08(pop +0.07) S_cross_sel=-0.039 null=+0.013 aggz=-1.8 Nz=+3.2 Ncz=+2.8 NcRej=0.00 [1s]
[60/120] mix   R2=0.1 lam=0.90 delta=0.20 fX=0.5 feas=False sel=  0 incr_p=-0.1605(pop 0.1073) theta_set_sel=+nan(pop +0.09) S_cross_sel=+nan null=+nan aggz=+nan Nz=+nan Ncz=+nan NcRej=nan [1s]
[61/120] noise R2=0.3 lam=0.50 delta=0.10 fX=nan feas=True sel=  8 incr_p=-0.0848(pop 0.1000) theta_set_sel=+0.46(pop +1.00) S_cross_sel=+0.024 null=+0.012 aggz=+0.5 Nz=+8.8 Ncz=+7.5 NcRej=0.88 [1s]
[62/120] post  R2=0.3 lam=0.50 delta=0.10 fX=nan feas=True sel=  8 incr_p=-0.0967(pop 0.1000) theta_set_sel=+0.11(pop +0.00) S_cross_sel=-0.161 null=+0.011 aggz=-4.6 Nz=+2.3 Ncz=+2.0 NcRej=0.12 [1s]
[63/120] err   R2=0.3 lam=0.50 delta=0.10 fX=nan feas=True sel= 15 incr_p=-0.0359(pop 0.1500) theta_set_sel=-0.74(pop -1.00) S_cross_sel=-0.469 null=+0.009 aggz=-12.1 Nz=-15.7 Ncz=-13.4 NcRej=1.00 [1s]
[64/120] mix   R2=0.3 lam=0.50 delta=0.10 fX=0.1 feas=True sel=  8 incr_p=-0.1265(pop 0.1003) theta_set_sel=+0.05(pop +0.10) S_cross_sel=-0.173 null=+0.019 aggz=-4.5 Nz=+1.2 Ncz=+0.9 NcRej=0.00 [1s]
[65/120] mix   R2=0.3 lam=0.50 delta=0.10 fX=0.3 feas=True sel=  5 incr_p=-0.1153(pop 0.1033) theta_set_sel=+0.23(pop +0.30) S_cross_sel=-0.091 null=+0.019 aggz=-1.7 Nz=+3.2 Ncz=+2.7 NcRej=0.00 [1s]
[66/120] mix   R2=0.3 lam=0.50 delta=0.10 fX=0.5 feas=True sel= 17 incr_p=-0.0550(pop 0.1100) theta_set_sel=+0.43(pop +0.50) S_cross_sel=-0.012 null=+0.021 aggz=-0.2 Nz=+10.8 Ncz=+9.3 NcRej=0.65 [1s]
[67/120] noise R2=0.3 lam=0.50 delta=0.20 fX=nan feas=True sel= 23 incr_p=+0.0113(pop 0.2000) theta_set_sel=+0.99(pop +1.00) S_cross_sel=+0.204 null=+0.013 aggz=+6.0 Nz=+22.9 Ncz=+19.4 NcRej=1.00 [1s]
[68/120] post  R2=0.3 lam=0.50 delta=0.20 fX=nan feas=False sel= 28 incr_p=+0.0356(pop 0.1900) theta_set_sel=+0.02(pop +0.00) S_cross_sel=-0.227 null=+0.013 aggz=-9.2 Nz=+0.7 Ncz=+0.8 NcRej=0.07 [1s]
[69/120] err   R2=0.3 lam=0.50 delta=0.20 fX=nan feas=False sel= 36 incr_p=+0.1331(pop 0.2714) theta_set_sel=-1.02(pop -1.00) S_cross_sel=-0.548 null=+0.009 aggz=-20.9 Nz=-26.3 Ncz=-22.4 NcRej=1.00 [1s]
[70/120] mix   R2=0.3 lam=0.50 delta=0.20 fX=0.1 feas=True sel= 20 incr_p=+0.0047(pop 0.2014) theta_set_sel=+0.06(pop +0.10) S_cross_sel=-0.190 null=+0.017 aggz=-6.7 Nz=+2.3 Ncz=+1.8 NcRej=0.05 [1s]
[71/120] mix   R2=0.3 lam=0.50 delta=0.20 fX=0.3 feas=True sel= 32 incr_p=+0.0597(pop 0.2150) theta_set_sel=+0.27(pop +0.30) S_cross_sel=-0.079 null=+0.011 aggz=-3.4 Nz=+11.6 Ncz=+9.4 NcRej=0.44 [1s]
[72/120] mix   R2=0.3 lam=0.50 delta=0.20 fX=0.5 feas=True sel= 37 incr_p=+0.1307(pop 0.2500) theta_set_sel=+0.52(pop +0.50) S_cross_sel=+0.055 null=+0.012 aggz=+3.3 Nz=+23.5 Ncz=+18.7 NcRej=0.84 [1s]
[73/120] noise R2=0.3 lam=0.60 delta=0.10 fX=nan feas=True sel=  8 incr_p=-0.0992(pop 0.1000) theta_set_sel=+0.56(pop +1.50) S_cross_sel=+0.080 null=+0.008 aggz=+0.5 Nz=+9.7 Ncz=+8.7 NcRej=0.62 [1s]
[74/120] post  R2=0.3 lam=0.60 delta=0.10 fX=nan feas=True sel=  7 incr_p=-0.0975(pop 0.1000) theta_set_sel=-0.02(pop +0.00) S_cross_sel=-0.228 null=+0.009 aggz=-5.2 Nz=-0.3 Ncz=-0.2 NcRej=0.00 [1s]
[75/120] err   R2=0.3 lam=0.60 delta=0.10 fX=nan feas=True sel= 19 incr_p=-0.0247(pop 0.1500) theta_set_sel=-0.74(pop -1.00) S_cross_sel=-0.464 null=+0.012 aggz=-14.5 Nz=-17.4 Ncz=-15.5 NcRej=1.00 [1s]
[76/120] mix   R2=0.3 lam=0.60 delta=0.10 fX=0.1 feas=True sel=  7 incr_p=-0.1058(pop 0.1008) theta_set_sel=+0.08(pop +0.15) S_cross_sel=-0.165 null=+0.019 aggz=-4.1 Nz=+1.1 Ncz=+0.9 NcRej=0.00 [1s]
[77/120] mix   R2=0.3 lam=0.60 delta=0.10 fX=0.3 feas=True sel=  9 incr_p=-0.0868(pop 0.1087) theta_set_sel=+0.23(pop +0.45) S_cross_sel=-0.054 null=+0.006 aggz=-0.8 Nz=+5.4 Ncz=+4.5 NcRej=0.33 [1s]
[78/120] mix   R2=0.3 lam=0.60 delta=0.10 fX=0.5 feas=True sel= 11 incr_p=-0.0563(pop 0.1300) theta_set_sel=+0.48(pop +0.75) S_cross_sel=+0.059 null=+0.015 aggz=+1.7 Nz=+9.8 Ncz=+8.4 NcRej=0.73 [1s]
[79/120] noise R2=0.3 lam=0.60 delta=0.20 fX=nan feas=False sel= 23 incr_p=+0.0199(pop 0.1767) theta_set_sel=+1.18(pop +1.50) S_cross_sel=+0.207 null=+0.016 aggz=+6.7 Nz=+20.3 Ncz=+18.0 NcRej=1.00 [1s]
[80/120] post  R2=0.3 lam=0.60 delta=0.20 fX=nan feas=True sel= 25 incr_p=+0.0324(pop 0.2000) theta_set_sel=+0.01(pop +0.00) S_cross_sel=-0.250 null=+0.009 aggz=-9.8 Nz=+0.6 Ncz=+0.5 NcRej=0.00 [1s]
[81/120] err   R2=0.3 lam=0.60 delta=0.20 fX=nan feas=False sel= 21 incr_p=+0.0203(pop 0.1839) theta_set_sel=-0.81(pop -1.00) S_cross_sel=-0.479 null=+0.014 aggz=-15.2 Nz=-18.0 Ncz=-15.5 NcRej=1.00 [1s]
[82/120] mix   R2=0.3 lam=0.60 delta=0.20 fX=0.1 feas=True sel= 26 incr_p=+0.0218(pop 0.2035) theta_set_sel=+0.10(pop +0.15) S_cross_sel=-0.178 null=+0.015 aggz=-7.7 Nz=+4.3 Ncz=+3.6 NcRej=0.19 [1s]
[83/120] mix   R2=0.3 lam=0.60 delta=0.20 fX=0.3 feas=True sel= 33 incr_p=+0.1148(pop 0.2491) theta_set_sel=+0.45(pop +0.45) S_cross_sel=+0.023 null=+0.012 aggz=+0.8 Nz=+20.6 Ncz=+17.0 NcRej=0.82 [1s]
[84/120] mix   R2=0.3 lam=0.60 delta=0.20 fX=0.5 feas=False sel= 34 incr_p=+0.1195(pop 0.2767) theta_set_sel=+0.67(pop +0.65) S_cross_sel=+0.109 null=+0.016 aggz=+3.4 Nz=+23.5 Ncz=+19.3 NcRej=0.97 [1s]
[85/120] noise R2=0.3 lam=0.70 delta=0.10 fX=nan feas=True sel=  0 incr_p=-0.1451(pop 0.1000) theta_set_sel=+nan(pop +2.33) S_cross_sel=+nan null=+nan aggz=+nan Nz=+nan Ncz=+nan NcRej=nan [1s]
[86/120] post  R2=0.3 lam=0.70 delta=0.10 fX=nan feas=True sel=  8 incr_p=-0.0997(pop 0.1000) theta_set_sel=-0.06(pop +0.00) S_cross_sel=-0.228 null=+0.019 aggz=-4.7 Nz=-1.2 Ncz=-1.1 NcRej=0.00 [1s]
[87/120] err   R2=0.3 lam=0.70 delta=0.10 fX=nan feas=False sel= 10 incr_p=-0.0809(pop 0.1196) theta_set_sel=-0.59(pop -1.00) S_cross_sel=-0.411 null=+0.013 aggz=-10.5 Nz=-10.5 Ncz=-8.8 NcRej=0.80 [1s]
[88/120] mix   R2=0.3 lam=0.70 delta=0.10 fX=0.1 feas=True sel=  5 incr_p=-0.0894(pop 0.1022) theta_set_sel=+0.16(pop +0.23) S_cross_sel=-0.152 null=+0.007 aggz=-2.5 Nz=+2.4 Ncz=+2.1 NcRej=0.00 [1s]
[89/120] mix   R2=0.3 lam=0.70 delta=0.10 fX=0.3 feas=True sel= 16 incr_p=-0.0481(pop 0.1359) theta_set_sel=+0.49(pop +0.70) S_cross_sel=+0.030 null=+0.008 aggz=+0.7 Nz=+10.7 Ncz=+9.5 NcRej=0.75 [1s]
[90/120] mix   R2=0.3 lam=0.70 delta=0.10 fX=0.5 feas=False sel= 15 incr_p=-0.0090(pop 0.1594) theta_set_sel=+0.83(pop +0.99) S_cross_sel=+0.168 null=+0.011 aggz=+4.6 Nz=+15.7 Ncz=+13.7 NcRej=0.87 [1s]
[91/120] noise R2=0.3 lam=0.70 delta=0.20 fX=nan feas=False sel= 10 incr_p=-0.0711(pop 0.1094) theta_set_sel=+1.17(pop +2.33) S_cross_sel=+0.224 null=+0.014 aggz=+5.2 Nz=+12.6 Ncz=+11.5 NcRej=1.00 [1s]
[92/120] post  R2=0.3 lam=0.70 delta=0.20 fX=nan feas=True sel= 24 incr_p=+0.0190(pop 0.2000) theta_set_sel=+0.01(pop +0.00) S_cross_sel=-0.227 null=+0.011 aggz=-8.6 Nz=+0.5 Ncz=+0.5 NcRej=0.04 [1s]
[93/120] err   R2=0.3 lam=0.70 delta=0.20 fX=nan feas=False sel= 10 incr_p=-0.0831(pop 0.1196) theta_set_sel=-0.70(pop -1.00) S_cross_sel=-0.410 null=+0.022 aggz=-11.2 Nz=-11.7 Ncz=-10.7 NcRej=0.80 [1s]
[94/120] mix   R2=0.3 lam=0.70 delta=0.20 fX=0.1 feas=True sel= 29 incr_p=+0.0688(pop 0.2114) theta_set_sel=+0.19(pop +0.23) S_cross_sel=-0.109 null=+0.011 aggz=-4.8 Nz=+9.8 Ncz=+8.1 NcRej=0.31 [1s]
[95/120] mix   R2=0.3 lam=0.70 delta=0.20 fX=0.3 feas=False sel= 32 incr_p=+0.0875(pop 0.2494) theta_set_sel=+0.52(pop +0.48) S_cross_sel=+0.062 null=+0.013 aggz=+2.2 Nz=+18.4 Ncz=+15.4 NcRej=0.75 [1s]
[96/120] mix   R2=0.3 lam=0.70 delta=0.20 fX=0.5 feas=False sel= 29 incr_p=+0.0627(pop 0.2094) theta_set_sel=+0.69(pop +0.63) S_cross_sel=+0.092 null=+0.014 aggz=+2.5 Nz=+16.7 Ncz=+14.2 NcRej=0.90 [1s]
[97/120] noise R2=0.3 lam=0.80 delta=0.10 fX=nan feas=False sel=  0 incr_p=-0.1897(pop 0.0594) theta_set_sel=+nan(pop +4.00) S_cross_sel=+nan null=+nan aggz=+nan Nz=+nan Ncz=+nan NcRej=nan [1s]
[98/120] post  R2=0.3 lam=0.80 delta=0.10 fX=nan feas=True sel=  4 incr_p=-0.1050(pop 0.1000) theta_set_sel=+0.01(pop +0.00) S_cross_sel=-0.198 null=+0.012 aggz=+nan Nz=+nan Ncz=+nan NcRej=0.00 [1s]
[99/120] err   R2=0.3 lam=0.80 delta=0.10 fX=nan feas=False sel=  0 incr_p=-0.1537(pop 0.0704) theta_set_sel=+nan(pop -1.00) S_cross_sel=+nan null=+nan aggz=+nan Nz=+nan Ncz=+nan NcRej=nan [1s]
[100/120] mix   R2=0.3 lam=0.80 delta=0.10 fX=0.1 feas=True sel=  0 incr_p=-0.1348(pop 0.1114) theta_set_sel=+nan(pop +0.40) S_cross_sel=+nan null=+nan aggz=+nan Nz=+nan Ncz=+nan NcRej=nan [1s]
[101/120] mix   R2=0.3 lam=0.80 delta=0.10 fX=0.3 feas=False sel=  9 incr_p=-0.0661(pop 0.1294) theta_set_sel=+0.44(pop +0.68) S_cross_sel=+0.041 null=+0.017 aggz=+1.2 Nz=+7.4 Ncz=+6.4 NcRej=0.78 [1s]
[102/120] mix   R2=0.3 lam=0.80 delta=0.10 fX=0.5 feas=False sel= 10 incr_p=-0.0615(pop 0.1094) theta_set_sel=+0.45(pop +0.89) S_cross_sel=+0.045 null=+0.010 aggz=+0.5 Nz=+7.0 Ncz=+6.5 NcRej=0.60 [1s]
[103/120] noise R2=0.3 lam=0.80 delta=0.20 fX=nan feas=False sel=  0 incr_p=-0.1870(pop 0.0594) theta_set_sel=+nan(pop +4.00) S_cross_sel=+nan null=+nan aggz=+nan Nz=+nan Ncz=+nan NcRej=nan [1s]
[104/120] post  R2=0.3 lam=0.80 delta=0.20 fX=nan feas=True sel= 28 incr_p=+0.0371(pop 0.2000) theta_set_sel=+0.01(pop +0.00) S_cross_sel=-0.228 null=+0.015 aggz=-7.8 Nz=+0.4 Ncz=+0.6 NcRej=0.11 [1s]
[105/120] err   R2=0.3 lam=0.80 delta=0.20 fX=nan feas=False sel=  0 incr_p=-0.1506(pop 0.0704) theta_set_sel=+nan(pop -1.00) S_cross_sel=+nan null=+nan aggz=+nan Nz=+nan Ncz=+nan NcRej=nan [1s]
[106/120] mix   R2=0.3 lam=0.80 delta=0.20 fX=0.1 feas=False sel= 37 incr_p=+0.1214(pop 0.2394) theta_set_sel=+0.27(pop +0.29) S_cross_sel=-0.076 null=+0.015 aggz=-4.6 Nz=+12.6 Ncz=+10.1 NcRej=0.35 [1s]
[107/120] mix   R2=0.3 lam=0.80 delta=0.20 fX=0.3 feas=False sel= 18 incr_p=+0.0140(pop 0.1994) theta_set_sel=+0.29(pop +0.37) S_cross_sel=-0.034 null=+0.009 aggz=-1.5 Nz=+9.8 Ncz=+8.2 NcRej=0.44 [1s]
[108/120] mix   R2=0.3 lam=0.80 delta=0.20 fX=0.5 feas=False sel= 18 incr_p=-0.0204(pop 0.1594) theta_set_sel=+0.41(pop +0.50) S_cross_sel=+0.004 null=+0.014 aggz=+0.3 Nz=+9.6 Ncz=+8.5 NcRej=0.50 [1s]
[109/120] noise R2=0.3 lam=0.90 delta=0.10 fX=nan feas=False sel=  0 incr_p=-0.2058(pop 0.0218) theta_set_sel=+nan(pop +9.00) S_cross_sel=+nan null=+nan aggz=+nan Nz=+nan Ncz=+nan NcRej=nan [1s]
[110/120] post  R2=0.3 lam=0.90 delta=0.10 fX=nan feas=True sel=  0 incr_p=-0.1014(pop 0.1000) theta_set_sel=+nan(pop +0.00) S_cross_sel=+nan null=+nan aggz=+nan Nz=+nan Ncz=+nan NcRej=nan [1s]
[111/120] err   R2=0.3 lam=0.90 delta=0.10 fX=nan feas=False sel=  0 incr_p=-0.1925(pop 0.0315) theta_set_sel=+nan(pop -1.00) S_cross_sel=+nan null=+nan aggz=+nan Nz=+nan Ncz=+nan NcRej=nan [1s]
[112/120] mix   R2=0.3 lam=0.90 delta=0.10 fX=0.1 feas=False sel=  4 incr_p=-0.1278(pop 0.1118) theta_set_sel=+0.15(pop +0.31) S_cross_sel=-0.152 null=+0.009 aggz=+nan Nz=+nan Ncz=+nan NcRej=0.00 [1s]
[113/120] mix   R2=0.3 lam=0.90 delta=0.10 fX=0.3 feas=False sel=  4 incr_p=-0.1363(pop 0.0918) theta_set_sel=+0.22(pop +0.39) S_cross_sel=-0.061 null=+0.014 aggz=+nan Nz=+nan Ncz=+nan NcRej=0.00 [1s]
[114/120] mix   R2=0.3 lam=0.90 delta=0.10 fX=0.5 feas=False sel=  4 incr_p=-0.1180(pop 0.0718) theta_set_sel=+0.29(pop +0.54) S_cross_sel=-0.059 null=+0.004 aggz=+nan Nz=+nan Ncz=+nan NcRej=0.25 [1s]
[115/120] noise R2=0.3 lam=0.90 delta=0.20 fX=nan feas=False sel=  0 incr_p=-0.2138(pop 0.0218) theta_set_sel=+nan(pop +9.00) S_cross_sel=+nan null=+nan aggz=+nan Nz=+nan Ncz=+nan NcRej=nan [1s]
[116/120] post  R2=0.3 lam=0.90 delta=0.20 fX=nan feas=True sel= 27 incr_p=+0.0374(pop 0.2000) theta_set_sel=+0.05(pop +0.00) S_cross_sel=-0.203 null=+0.009 aggz=-7.6 Nz=+2.2 Ncz=+1.8 NcRej=0.07 [1s]
[117/120] err   R2=0.3 lam=0.90 delta=0.20 fX=nan feas=False sel=  0 incr_p=-0.1953(pop 0.0315) theta_set_sel=+nan(pop -1.00) S_cross_sel=+nan null=+nan aggz=+nan Nz=+nan Ncz=+nan NcRej=nan [1s]
[118/120] mix   R2=0.3 lam=0.90 delta=0.20 fX=0.1 feas=False sel= 26 incr_p=+0.0281(pop 0.2018) theta_set_sel=+0.14(pop +0.16) S_cross_sel=-0.154 null=+0.013 aggz=-5.8 Nz=+4.9 Ncz=+4.0 NcRej=0.00 [1s]
[119/120] mix   R2=0.3 lam=0.90 delta=0.20 fX=0.3 feas=False sel= 16 incr_p=-0.0292(pop 0.1618) theta_set_sel=+0.19(pop +0.20) S_cross_sel=-0.091 null=+0.015 aggz=-2.6 Nz=+4.8 Ncz=+4.1 NcRej=0.12 [1s]
[120/120] mix   R2=0.3 lam=0.90 delta=0.20 fX=0.5 feas=False sel=  8 incr_p=-0.0814(pop 0.1218) theta_set_sel=+0.10(pop +0.28) S_cross_sel=-0.136 null=+0.012 aggz=-2.8 Nz=+2.3 Ncz=+1.8 NcRej=0.00 [1s]
wrote sim_grid_v2_n100_G40.csv  (90s total)
