[1/120] noise R2=0.1 lam=0.50 delta=0.10 fX=nan feas=False sel=  0 incr_p=-0.5152(pop 0.0905) theta_set_sel=+nan(pop +1.00) S_cross_sel=+nan null=+nan aggz=+nan Nz=+nan Ncz=+nan NcRej=nan [2s]
[2/120] post  R2=0.1 lam=0.50 delta=0.10 fX=nan feas=True sel=  0 incr_p=-0.4706(pop 0.1000) theta_set_sel=+nan(pop +0.00) S_cross_sel=+nan null=+nan aggz=+nan Nz=+nan Ncz=+nan NcRej=nan [2s]
[3/120] err   R2=0.1 lam=0.50 delta=0.10 fX=nan feas=False sel=  0 incr_p=-0.5009(pop 0.0905) theta_set_sel=+nan(pop -1.00) S_cross_sel=+nan null=+nan aggz=+nan Nz=+nan Ncz=+nan NcRej=nan [2s]
[4/120] mix   R2=0.1 lam=0.50 delta=0.10 fX=0.1 feas=True sel=  0 incr_p=-0.4762(pop 0.1011) theta_set_sel=+nan(pop +0.10) S_cross_sel=+nan null=+nan aggz=+nan Nz=+nan Ncz=+nan NcRej=nan [2s]
[5/120] mix   R2=0.1 lam=0.50 delta=0.10 fX=0.3 feas=True sel=  0 incr_p=-0.5099(pop 0.1129) theta_set_sel=+nan(pop +0.30) S_cross_sel=+nan null=+nan aggz=+nan Nz=+nan Ncz=+nan NcRej=nan [2s]
[6/120] mix   R2=0.1 lam=0.50 delta=0.10 fX=0.5 feas=False sel=  0 incr_p=-0.4236(pop 0.1405) theta_set_sel=+nan(pop +0.49) S_cross_sel=+nan null=+nan aggz=+nan Nz=+nan Ncz=+nan NcRej=nan [2s]
[7/120] noise R2=0.1 lam=0.50 delta=0.20 fX=nan feas=False sel=  0 incr_p=-0.5062(pop 0.0905) theta_set_sel=+nan(pop +1.00) S_cross_sel=+nan null=+nan aggz=+nan Nz=+nan Ncz=+nan NcRej=nan [2s]
[8/120] post  R2=0.1 lam=0.50 delta=0.20 fX=nan feas=True sel=  0 incr_p=-0.3562(pop 0.2000) theta_set_sel=+nan(pop +0.00) S_cross_sel=+nan null=+nan aggz=+nan Nz=+nan Ncz=+nan NcRej=nan [2s]
[9/120] err   R2=0.1 lam=0.50 delta=0.20 fX=nan feas=False sel=  0 incr_p=-0.5444(pop 0.0905) theta_set_sel=+nan(pop -1.00) S_cross_sel=+nan null=+nan aggz=+nan Nz=+nan Ncz=+nan NcRej=nan [2s]
[10/120] mix   R2=0.1 lam=0.50 delta=0.20 fX=0.1 feas=True sel= 19 incr_p=-0.3490(pop 0.2050) theta_set_sel=+0.09(pop +0.10) S_cross_sel=-0.039 null=+0.002 aggz=-1.1 Nz=+4.5 Ncz=+4.4 NcRej=0.11 [2s]
[11/120] mix   R2=0.1 lam=0.50 delta=0.20 fX=0.3 feas=False sel= 30 incr_p=-0.2623(pop 0.2305) theta_set_sel=+0.18(pop +0.25) S_cross_sel=+0.073 null=+0.010 aggz=+2.0 Nz=+8.6 Ncz=+8.3 NcRej=0.40 [2s]
[12/120] mix   R2=0.1 lam=0.50 delta=0.20 fX=0.5 feas=False sel=  0 incr_p=-0.3141(pop 0.1905) theta_set_sel=+nan(pop +0.32) S_cross_sel=+nan null=+nan aggz=+nan Nz=+nan Ncz=+nan NcRej=nan [2s]
[13/120] noise R2=0.1 lam=0.60 delta=0.10 fX=nan feas=False sel=  0 incr_p=-0.5724(pop 0.0589) theta_set_sel=+nan(pop +1.50) S_cross_sel=+nan null=+nan aggz=+nan Nz=+nan Ncz=+nan NcRej=nan [2s]
[14/120] post  R2=0.1 lam=0.60 delta=0.10 fX=nan feas=True sel=  0 incr_p=-0.5053(pop 0.1000) theta_set_sel=+nan(pop +0.00) S_cross_sel=+nan null=+nan aggz=+nan Nz=+nan Ncz=+nan NcRej=nan [2s]
[15/120] err   R2=0.1 lam=0.60 delta=0.10 fX=nan feas=False sel=  0 incr_p=-0.5611(pop 0.0613) theta_set_sel=+nan(pop -1.00) S_cross_sel=+nan null=+nan aggz=+nan Nz=+nan Ncz=+nan NcRej=nan [2s]
[16/120] mix   R2=0.1 lam=0.60 delta=0.10 fX=0.1 feas=True sel=  0 incr_p=-0.5269(pop 0.1029) theta_set_sel=+nan(pop +0.15) S_cross_sel=+nan null=+nan aggz=+nan Nz=+nan Ncz=+nan NcRej=nan [2s]
[17/120] mix   R2=0.1 lam=0.60 delta=0.10 fX=0.3 feas=False sel=  0 incr_p=-0.4458(pop 0.1289) theta_set_sel=+nan(pop +0.40) S_cross_sel=+nan null=+nan aggz=+nan Nz=+nan Ncz=+nan NcRej=nan [2s]
[18/120] mix   R2=0.1 lam=0.60 delta=0.10 fX=0.5 feas=False sel=  0 incr_p=-0.4358(pop 0.1089) theta_set_sel=+nan(pop +0.50) S_cross_sel=+nan null=+nan aggz=+nan Nz=+nan Ncz=+nan NcRej=nan [2s]
[19/120] noise R2=0.1 lam=0.60 delta=0.20 fX=nan feas=False sel=  0 incr_p=-0.5704(pop 0.0589) theta_set_sel=+nan(pop +1.50) S_cross_sel=+nan null=+nan aggz=+nan Nz=+nan Ncz=+nan NcRej=nan [2s]
[20/120] post  R2=0.1 lam=0.60 delta=0.20 fX=nan feas=True sel=  0 incr_p=-0.3114(pop 0.2000) theta_set_sel=+nan(pop +0.00) S_cross_sel=+nan null=+nan aggz=+nan Nz=+nan Ncz=+nan NcRej=nan [2s]
[21/120] err   R2=0.1 lam=0.60 delta=0.20 fX=nan feas=False sel=  0 incr_p=-0.5500(pop 0.0613) theta_set_sel=+nan(pop -1.00) S_cross_sel=+nan null=+nan aggz=+nan Nz=+nan Ncz=+nan NcRej=nan [2s]
[22/120] mix   R2=0.1 lam=0.60 delta=0.20 fX=0.1 feas=True sel= 20 incr_p=-0.2630(pop 0.2164) theta_set_sel=+0.08(pop +0.15) S_cross_sel=-0.024 null=+0.008 aggz=-0.9 Nz=+4.3 Ncz=+4.2 NcRej=0.15 [2s]
[23/120] mix   R2=0.1 lam=0.60 delta=0.20 fX=0.3 feas=False sel= 20 incr_p=-0.3375(pop 0.1989) theta_set_sel=+0.11(pop +0.23) S_cross_sel=-0.022 null=+0.007 aggz=+0.0 Nz=+5.7 Ncz=+5.5 NcRej=0.20 [2s]
[24/120] mix   R2=0.1 lam=0.60 delta=0.20 fX=0.5 feas=False sel=  0 incr_p=-0.4354(pop 0.1589) theta_set_sel=+nan(pop +0.30) S_cross_sel=+nan null=+nan aggz=+nan Nz=+nan Ncz=+nan NcRej=nan [2s]
[25/120] noise R2=0.1 lam=0.70 delta=0.10 fX=nan feas=False sel=  0 incr_p=-0.6085(pop 0.0365) theta_set_sel=+nan(pop +2.33) S_cross_sel=+nan null=+nan aggz=+nan Nz=+nan Ncz=+nan NcRej=nan [2s]
[26/120] post  R2=0.1 lam=0.70 delta=0.10 fX=nan feas=True sel=  0 incr_p=-0.5366(pop 0.1000) theta_set_sel=+nan(pop +0.00) S_cross_sel=+nan null=+nan aggz=+nan Nz=+nan Ncz=+nan NcRej=nan [2s]
[27/120] err   R2=0.1 lam=0.70 delta=0.10 fX=nan feas=False sel=  0 incr_p=-0.6159(pop 0.0399) theta_set_sel=+nan(pop -1.00) S_cross_sel=+nan null=+nan aggz=+nan Nz=+nan Ncz=+nan NcRej=nan [2s]
[28/120] mix   R2=0.1 lam=0.70 delta=0.10 fX=0.1 feas=True sel=  0 incr_p=-0.4303(pop 0.1120) theta_set_sel=+nan(pop +0.23) S_cross_sel=+nan null=+nan aggz=+nan Nz=+nan Ncz=+nan NcRej=nan [2s]
[29/120] mix   R2=0.1 lam=0.70 delta=0.10 fX=0.3 feas=False sel=  0 incr_p=-0.4919(pop 0.1065) theta_set_sel=+nan(pop +0.35) S_cross_sel=+nan null=+nan aggz=+nan Nz=+nan Ncz=+nan NcRej=nan [2s]
[30/120] mix   R2=0.1 lam=0.70 delta=0.10 fX=0.5 feas=False sel=  0 incr_p=-0.4927(pop 0.0865) theta_set_sel=+nan(pop +0.46) S_cross_sel=+nan null=+nan aggz=+nan Nz=+nan Ncz=+nan NcRej=nan [2s]
[31/120] noise R2=0.1 lam=0.70 delta=0.20 fX=nan feas=False sel=  0 incr_p=-0.5750(pop 0.0365) theta_set_sel=+nan(pop +2.33) S_cross_sel=+nan null=+nan aggz=+nan Nz=+nan Ncz=+nan NcRej=nan [2s]
[32/120] post  R2=0.1 lam=0.70 delta=0.20 fX=nan feas=True sel= 24 incr_p=-0.2875(pop 0.2000) theta_set_sel=+0.02(pop +0.00) S_cross_sel=-0.136 null=+0.006 aggz=-3.1 Nz=+1.4 Ncz=+1.5 NcRej=0.12 [2s]
[33/120] err   R2=0.1 lam=0.70 delta=0.20 fX=nan feas=False sel=  0 incr_p=-0.5468(pop 0.0399) theta_set_sel=+nan(pop -1.00) S_cross_sel=+nan null=+nan aggz=+nan Nz=+nan Ncz=+nan NcRej=nan [2s]
[34/120] mix   R2=0.1 lam=0.70 delta=0.20 fX=0.1 feas=False sel= 18 incr_p=-0.2972(pop 0.2165) theta_set_sel=+0.10(pop +0.15) S_cross_sel=-0.016 null=-0.000 aggz=+0.0 Nz=+4.8 Ncz=+4.6 NcRej=0.06 [2s]
[35/120] mix   R2=0.1 lam=0.70 delta=0.20 fX=0.3 feas=False sel=  0 incr_p=-0.3728(pop 0.1765) theta_set_sel=+nan(pop +0.19) S_cross_sel=+nan null=+nan aggz=+nan Nz=+nan Ncz=+nan NcRej=nan [2s]
[36/120] mix   R2=0.1 lam=0.70 delta=0.20 fX=0.5 feas=False sel=  0 incr_p=-0.4218(pop 0.1365) theta_set_sel=+nan(pop +0.25) S_cross_sel=+nan null=+nan aggz=+nan Nz=+nan Ncz=+nan NcRej=nan [2s]
[37/120] noise R2=0.1 lam=0.80 delta=0.10 fX=nan feas=False sel=  0 incr_p=-0.5637(pop 0.0198) theta_set_sel=+nan(pop +4.00) S_cross_sel=+nan null=+nan aggz=+nan Nz=+nan Ncz=+nan NcRej=nan [2s]
[38/120] post  R2=0.1 lam=0.80 delta=0.10 fX=nan feas=True sel=  0 incr_p=-0.5032(pop 0.1000) theta_set_sel=+nan(pop +0.00) S_cross_sel=+nan null=+nan aggz=+nan Nz=+nan Ncz=+nan NcRej=nan [2s]
[39/120] err   R2=0.1 lam=0.80 delta=0.10 fX=nan feas=False sel=  0 incr_p=-0.6719(pop 0.0235) theta_set_sel=+nan(pop -1.00) S_cross_sel=+nan null=+nan aggz=+nan Nz=+nan Ncz=+nan NcRej=nan [2s]
[40/120] mix   R2=0.1 lam=0.80 delta=0.10 fX=0.1 feas=False sel=  0 incr_p=-0.4671(pop 0.1098) theta_set_sel=+nan(pop +0.20) S_cross_sel=+nan null=+nan aggz=+nan Nz=+nan Ncz=+nan NcRej=nan [2s]
[41/120] mix   R2=0.1 lam=0.80 delta=0.10 fX=0.3 feas=False sel=  0 incr_p=-0.5005(pop 0.0898) theta_set_sel=+nan(pop +0.25) S_cross_sel=+nan null=+nan aggz=+nan Nz=+nan Ncz=+nan NcRej=nan [2s]
[42/120] mix   R2=0.1 lam=0.80 delta=0.10 fX=0.5 feas=False sel=  0 incr_p=-0.5283(pop 0.0698) theta_set_sel=+nan(pop +0.35) S_cross_sel=+nan null=+nan aggz=+nan Nz=+nan Ncz=+nan NcRej=nan [2s]
[43/120] noise R2=0.1 lam=0.80 delta=0.20 fX=nan feas=False sel=  0 incr_p=-0.5945(pop 0.0198) theta_set_sel=+nan(pop +4.00) S_cross_sel=+nan null=+nan aggz=+nan Nz=+nan Ncz=+nan NcRej=nan [2s]
[44/120] post  R2=0.1 lam=0.80 delta=0.20 fX=nan feas=True sel=  0 incr_p=-0.3110(pop 0.2000) theta_set_sel=+nan(pop +0.00) S_cross_sel=+nan null=+nan aggz=+nan Nz=+nan Ncz=+nan NcRej=nan [2s]
[45/120] err   R2=0.1 lam=0.80 delta=0.20 fX=nan feas=False sel=  0 incr_p=-0.6157(pop 0.0235) theta_set_sel=+nan(pop -1.00) S_cross_sel=+nan null=+nan aggz=+nan Nz=+nan Ncz=+nan NcRej=nan [2s]
[46/120] mix   R2=0.1 lam=0.80 delta=0.20 fX=0.1 feas=False sel= 24 incr_p=-0.2841(pop 0.1998) theta_set_sel=+0.07(pop +0.10) S_cross_sel=-0.069 null=+0.004 aggz=-2.6 Nz=+3.6 Ncz=+3.6 NcRej=0.04 [2s]
[47/120] mix   R2=0.1 lam=0.80 delta=0.20 fX=0.3 feas=False sel=  0 incr_p=-0.4065(pop 0.1598) theta_set_sel=+nan(pop +0.13) S_cross_sel=+nan null=+nan aggz=+nan Nz=+nan Ncz=+nan NcRej=nan [2s]
[48/120] mix   R2=0.1 lam=0.80 delta=0.20 fX=0.5 feas=False sel=  0 incr_p=-0.4405(pop 0.1198) theta_set_sel=+nan(pop +0.18) S_cross_sel=+nan null=+nan aggz=+nan Nz=+nan Ncz=+nan NcRej=nan [2s]
[49/120] noise R2=0.1 lam=0.90 delta=0.10 fX=nan feas=False sel=  0 incr_p=-0.6259(pop 0.0073) theta_set_sel=+nan(pop +9.00) S_cross_sel=+nan null=+nan aggz=+nan Nz=+nan Ncz=+nan NcRej=nan [2s]
[50/120] post  R2=0.1 lam=0.90 delta=0.10 fX=nan feas=True sel=  0 incr_p=-0.4684(pop 0.1000) theta_set_sel=+nan(pop +0.00) S_cross_sel=+nan null=+nan aggz=+nan Nz=+nan Ncz=+nan NcRej=nan [2s]
[51/120] err   R2=0.1 lam=0.90 delta=0.10 fX=nan feas=False sel=  0 incr_p=-0.6553(pop 0.0105) theta_set_sel=+nan(pop -1.00) S_cross_sel=+nan null=+nan aggz=+nan Nz=+nan Ncz=+nan NcRej=nan [2s]
[52/120] mix   R2=0.1 lam=0.90 delta=0.10 fX=0.1 feas=False sel=  0 incr_p=-0.4093(pop 0.0973) theta_set_sel=+nan(pop +0.10) S_cross_sel=+nan null=+nan aggz=+nan Nz=+nan Ncz=+nan NcRej=nan [2s]
[53/120] mix   R2=0.1 lam=0.90 delta=0.10 fX=0.3 feas=False sel=  0 incr_p=-0.5511(pop 0.0773) theta_set_sel=+nan(pop +0.13) S_cross_sel=+nan null=+nan aggz=+nan Nz=+nan Ncz=+nan NcRej=nan [2s]
[54/120] mix   R2=0.1 lam=0.90 delta=0.10 fX=0.5 feas=False sel=  0 incr_p=-0.5666(pop 0.0573) theta_set_sel=+nan(pop +0.19) S_cross_sel=+nan null=+nan aggz=+nan Nz=+nan Ncz=+nan NcRej=nan [2s]
[55/120] noise R2=0.1 lam=0.90 delta=0.20 fX=nan feas=False sel=  0 incr_p=-0.6453(pop 0.0073) theta_set_sel=+nan(pop +9.00) S_cross_sel=+nan null=+nan aggz=+nan Nz=+nan Ncz=+nan NcRej=nan [2s]
[56/120] post  R2=0.1 lam=0.90 delta=0.20 fX=nan feas=True sel= 19 incr_p=-0.3451(pop 0.2000) theta_set_sel=-0.02(pop +0.00) S_cross_sel=-0.185 null=+0.009 aggz=-5.8 Nz=-1.4 Ncz=-1.5 NcRej=0.00 [2s]
[57/120] err   R2=0.1 lam=0.90 delta=0.20 fX=nan feas=False sel=  0 incr_p=-0.6374(pop 0.0105) theta_set_sel=+nan(pop -1.00) S_cross_sel=+nan null=+nan aggz=+nan Nz=+nan Ncz=+nan NcRej=nan [2s]
[58/120] mix   R2=0.1 lam=0.90 delta=0.20 fX=0.1 feas=False sel=  0 incr_p=-0.3532(pop 0.1873) theta_set_sel=+nan(pop +0.05) S_cross_sel=+nan null=+nan aggz=+nan Nz=+nan Ncz=+nan NcRej=nan [2s]
[59/120] mix   R2=0.1 lam=0.90 delta=0.20 fX=0.3 feas=False sel=  0 incr_p=-0.4024(pop 0.1473) theta_set_sel=+nan(pop +0.07) S_cross_sel=+nan null=+nan aggz=+nan Nz=+nan Ncz=+nan NcRej=nan [2s]
[60/120] mix   R2=0.1 lam=0.90 delta=0.20 fX=0.5 feas=False sel=  0 incr_p=-0.4482(pop 0.1073) theta_set_sel=+nan(pop +0.09) S_cross_sel=+nan null=+nan aggz=+nan Nz=+nan Ncz=+nan NcRej=nan [2s]
[61/120] noise R2=0.3 lam=0.50 delta=0.10 fX=nan feas=True sel=  0 incr_p=-0.3664(pop 0.1000) theta_set_sel=+nan(pop +1.00) S_cross_sel=+nan null=+nan aggz=+nan Nz=+nan Ncz=+nan NcRej=nan [2s]
[62/120] post  R2=0.3 lam=0.50 delta=0.10 fX=nan feas=True sel=  0 incr_p=-0.3181(pop 0.1000) theta_set_sel=+nan(pop +0.00) S_cross_sel=+nan null=+nan aggz=+nan Nz=+nan Ncz=+nan NcRej=nan [2s]
[63/120] err   R2=0.3 lam=0.50 delta=0.10 fX=nan feas=True sel= 32 incr_p=-0.2421(pop 0.1500) theta_set_sel=-0.46(pop -1.00) S_cross_sel=-0.456 null=+0.005 aggz=-13.3 Nz=-10.8 Ncz=-10.6 NcRej=0.62 [2s]
[64/120] mix   R2=0.3 lam=0.50 delta=0.10 fX=0.1 feas=True sel=  0 incr_p=-0.3580(pop 0.1003) theta_set_sel=+nan(pop +0.10) S_cross_sel=+nan null=+nan aggz=+nan Nz=+nan Ncz=+nan NcRej=nan [2s]
[65/120] mix   R2=0.3 lam=0.50 delta=0.10 fX=0.3 feas=True sel=  0 incr_p=-0.2861(pop 0.1033) theta_set_sel=+nan(pop +0.30) S_cross_sel=+nan null=+nan aggz=+nan Nz=+nan Ncz=+nan NcRej=nan [2s]
[66/120] mix   R2=0.3 lam=0.50 delta=0.10 fX=0.5 feas=True sel=  0 incr_p=-0.3446(pop 0.1100) theta_set_sel=+nan(pop +0.50) S_cross_sel=+nan null=+nan aggz=+nan Nz=+nan Ncz=+nan NcRej=nan [2s]
[67/120] noise R2=0.3 lam=0.50 delta=0.20 fX=nan feas=True sel= 42 incr_p=-0.1799(pop 0.2000) theta_set_sel=+0.63(pop +1.00) S_cross_sel=+0.103 null=+0.014 aggz=+4.6 Nz=+15.0 Ncz=+14.6 NcRej=0.76 [2s]
[68/120] post  R2=0.3 lam=0.50 delta=0.20 fX=nan feas=False sel= 42 incr_p=-0.1672(pop 0.1900) theta_set_sel=+0.04(pop +0.00) S_cross_sel=-0.255 null=+0.015 aggz=-9.1 Nz=+1.4 Ncz=+1.4 NcRej=0.12 [2s]
[69/120] err   R2=0.3 lam=0.50 delta=0.20 fX=nan feas=False sel= 88 incr_p=-0.0422(pop 0.2714) theta_set_sel=-0.87(pop -1.00) S_cross_sel=-0.491 null=+0.013 aggz=-18.6 Nz=-19.5 Ncz=-19.5 NcRej=0.94 [2s]
[70/120] mix   R2=0.3 lam=0.50 delta=0.20 fX=0.1 feas=True sel= 59 incr_p=-0.1239(pop 0.2014) theta_set_sel=+0.04(pop +0.10) S_cross_sel=-0.241 null=+0.012 aggz=-10.4 Nz=+2.1 Ncz=+2.1 NcRej=0.07 [2s]
[71/120] mix   R2=0.3 lam=0.50 delta=0.20 fX=0.3 feas=True sel= 54 incr_p=-0.1274(pop 0.2150) theta_set_sel=+0.20(pop +0.30) S_cross_sel=-0.132 null=+0.014 aggz=-6.4 Nz=+8.0 Ncz=+8.1 NcRej=0.19 [2s]
[72/120] mix   R2=0.3 lam=0.50 delta=0.20 fX=0.5 feas=True sel= 90 incr_p=-0.0420(pop 0.2500) theta_set_sel=+0.36(pop +0.50) S_cross_sel=-0.019 null=+0.013 aggz=-1.6 Nz=+16.1 Ncz=+15.7 NcRej=0.49 [2s]
[73/120] noise R2=0.3 lam=0.60 delta=0.10 fX=nan feas=True sel=  0 incr_p=-0.3610(pop 0.1000) theta_set_sel=+nan(pop +1.50) S_cross_sel=+nan null=+nan aggz=+nan Nz=+nan Ncz=+nan NcRej=nan [2s]
[74/120] post  R2=0.3 lam=0.60 delta=0.10 fX=nan feas=True sel=  0 incr_p=-0.3857(pop 0.1000) theta_set_sel=+nan(pop +0.00) S_cross_sel=+nan null=+nan aggz=+nan Nz=+nan Ncz=+nan NcRej=nan [2s]
[75/120] err   R2=0.3 lam=0.60 delta=0.10 fX=nan feas=True sel=  0 incr_p=-0.2881(pop 0.1500) theta_set_sel=+nan(pop -1.00) S_cross_sel=+nan null=+nan aggz=+nan Nz=+nan Ncz=+nan NcRej=nan [2s]
[76/120] mix   R2=0.3 lam=0.60 delta=0.10 fX=0.1 feas=True sel=  0 incr_p=-0.3637(pop 0.1008) theta_set_sel=+nan(pop +0.15) S_cross_sel=+nan null=+nan aggz=+nan Nz=+nan Ncz=+nan NcRej=nan [2s]
[77/120] mix   R2=0.3 lam=0.60 delta=0.10 fX=0.3 feas=True sel=  0 incr_p=-0.3312(pop 0.1087) theta_set_sel=+nan(pop +0.45) S_cross_sel=+nan null=+nan aggz=+nan Nz=+nan Ncz=+nan NcRej=nan [2s]
[78/120] mix   R2=0.3 lam=0.60 delta=0.10 fX=0.5 feas=True sel=  0 incr_p=-0.2800(pop 0.1300) theta_set_sel=+nan(pop +0.75) S_cross_sel=+nan null=+nan aggz=+nan Nz=+nan Ncz=+nan NcRej=nan [2s]
[79/120] noise R2=0.3 lam=0.60 delta=0.20 fX=nan feas=False sel= 18 incr_p=-0.2241(pop 0.1767) theta_set_sel=+0.67(pop +1.50) S_cross_sel=+0.110 null=+0.013 aggz=+3.1 Nz=+10.1 Ncz=+9.7 NcRej=0.83 [2s]
[80/120] post  R2=0.3 lam=0.60 delta=0.20 fX=nan feas=True sel= 37 incr_p=-0.1824(pop 0.2000) theta_set_sel=+0.01(pop +0.00) S_cross_sel=-0.284 null=+0.014 aggz=-8.4 Nz=+0.3 Ncz=+0.4 NcRej=0.05 [2s]
[81/120] err   R2=0.3 lam=0.60 delta=0.20 fX=nan feas=False sel= 40 incr_p=-0.1918(pop 0.1839) theta_set_sel=-0.64(pop -1.00) S_cross_sel=-0.472 null=+0.017 aggz=-15.5 Nz=-15.4 Ncz=-15.3 NcRej=0.90 [2s]
[82/120] mix   R2=0.3 lam=0.60 delta=0.20 fX=0.1 feas=True sel= 38 incr_p=-0.1703(pop 0.2035) theta_set_sel=+0.10(pop +0.15) S_cross_sel=-0.201 null=+0.012 aggz=-7.7 Nz=+4.6 Ncz=+4.3 NcRej=0.11 [2s]
[83/120] mix   R2=0.3 lam=0.60 delta=0.20 fX=0.3 feas=True sel= 85 incr_p=-0.0587(pop 0.2491) theta_set_sel=+0.33(pop +0.45) S_cross_sel=-0.055 null=+0.012 aggz=-3.4 Nz=+14.3 Ncz=+13.6 NcRej=0.35 [2s]
[84/120] mix   R2=0.3 lam=0.60 delta=0.20 fX=0.5 feas=False sel= 95 incr_p=-0.0136(pop 0.2767) theta_set_sel=+0.52(pop +0.65) S_cross_sel=+0.074 null=+0.013 aggz=+3.8 Nz=+18.1 Ncz=+17.7 NcRej=0.69 [2s]
[85/120] noise R2=0.3 lam=0.70 delta=0.10 fX=nan feas=True sel=  0 incr_p=-0.3668(pop 0.1000) theta_set_sel=+nan(pop +2.33) S_cross_sel=+nan null=+nan aggz=+nan Nz=+nan Ncz=+nan NcRej=nan [2s]
[86/120] post  R2=0.3 lam=0.70 delta=0.10 fX=nan feas=True sel=  0 incr_p=-0.3659(pop 0.1000) theta_set_sel=+nan(pop +0.00) S_cross_sel=+nan null=+nan aggz=+nan Nz=+nan Ncz=+nan NcRej=nan [2s]
[87/120] err   R2=0.3 lam=0.70 delta=0.10 fX=nan feas=False sel=  0 incr_p=-0.2920(pop 0.1196) theta_set_sel=+nan(pop -1.00) S_cross_sel=+nan null=+nan aggz=+nan Nz=+nan Ncz=+nan NcRej=nan [2s]
[88/120] mix   R2=0.3 lam=0.70 delta=0.10 fX=0.1 feas=True sel=  0 incr_p=-0.3304(pop 0.1022) theta_set_sel=+nan(pop +0.23) S_cross_sel=+nan null=+nan aggz=+nan Nz=+nan Ncz=+nan NcRej=nan [2s]
[89/120] mix   R2=0.3 lam=0.70 delta=0.10 fX=0.3 feas=True sel= 16 incr_p=-0.2348(pop 0.1359) theta_set_sel=+0.32(pop +0.70) S_cross_sel=-0.050 null=+0.022 aggz=-1.7 Nz=+5.2 Ncz=+5.1 NcRej=0.31 [2s]
[90/120] mix   R2=0.3 lam=0.70 delta=0.10 fX=0.5 feas=False sel=  0 incr_p=-0.2299(pop 0.1594) theta_set_sel=+nan(pop +0.99) S_cross_sel=+nan null=+nan aggz=+nan Nz=+nan Ncz=+nan NcRej=nan [2s]
[91/120] noise R2=0.3 lam=0.70 delta=0.20 fX=nan feas=False sel=  0 incr_p=-0.3251(pop 0.1094) theta_set_sel=+nan(pop +2.33) S_cross_sel=+nan null=+nan aggz=+nan Nz=+nan Ncz=+nan NcRej=nan [2s]
[92/120] post  R2=0.3 lam=0.70 delta=0.20 fX=nan feas=True sel= 36 incr_p=-0.2114(pop 0.2000) theta_set_sel=+0.03(pop +0.00) S_cross_sel=-0.257 null=+0.010 aggz=-9.3 Nz=+1.1 Ncz=+1.2 NcRej=0.03 [2s]
[93/120] err   R2=0.3 lam=0.70 delta=0.20 fX=nan feas=False sel=  0 incr_p=-0.3020(pop 0.1196) theta_set_sel=+nan(pop -1.00) S_cross_sel=+nan null=+nan aggz=+nan Nz=+nan Ncz=+nan NcRej=nan [2s]
[94/120] mix   R2=0.3 lam=0.70 delta=0.20 fX=0.1 feas=True sel= 61 incr_p=-0.1237(pop 0.2114) theta_set_sel=+0.15(pop +0.23) S_cross_sel=-0.158 null=+0.006 aggz=-7.8 Nz=+6.7 Ncz=+6.6 NcRej=0.15 [2s]
[95/120] mix   R2=0.3 lam=0.70 delta=0.20 fX=0.3 feas=False sel= 78 incr_p=-0.0662(pop 0.2494) theta_set_sel=+0.38(pop +0.48) S_cross_sel=+0.000 null=+0.012 aggz=-0.4 Nz=+14.4 Ncz=+14.0 NcRej=0.42 [2s]
[96/120] mix   R2=0.3 lam=0.70 delta=0.20 fX=0.5 feas=False sel= 45 incr_p=-0.1719(pop 0.2094) theta_set_sel=+0.35(pop +0.63) S_cross_sel=-0.020 null=+0.011 aggz=-0.4 Nz=+10.0 Ncz=+9.6 NcRej=0.42 [2s]
[97/120] noise R2=0.3 lam=0.80 delta=0.10 fX=nan feas=False sel=  0 incr_p=-0.3721(pop 0.0594) theta_set_sel=+nan(pop +4.00) S_cross_sel=+nan null=+nan aggz=+nan Nz=+nan Ncz=+nan NcRej=nan [2s]
[98/120] post  R2=0.3 lam=0.80 delta=0.10 fX=nan feas=True sel=  0 incr_p=-0.3791(pop 0.1000) theta_set_sel=+nan(pop +0.00) S_cross_sel=+nan null=+nan aggz=+nan Nz=+nan Ncz=+nan NcRej=nan [2s]
[99/120] err   R2=0.3 lam=0.80 delta=0.10 fX=nan feas=False sel=  0 incr_p=-0.4373(pop 0.0704) theta_set_sel=+nan(pop -1.00) S_cross_sel=+nan null=+nan aggz=+nan Nz=+nan Ncz=+nan NcRej=nan [2s]
[100/120] mix   R2=0.3 lam=0.80 delta=0.10 fX=0.1 feas=True sel=  0 incr_p=-0.3050(pop 0.1114) theta_set_sel=+nan(pop +0.40) S_cross_sel=+nan null=+nan aggz=+nan Nz=+nan Ncz=+nan NcRej=nan [2s]
[101/120] mix   R2=0.3 lam=0.80 delta=0.10 fX=0.3 feas=False sel=  0 incr_p=-0.2807(pop 0.1294) theta_set_sel=+nan(pop +0.68) S_cross_sel=+nan null=+nan aggz=+nan Nz=+nan Ncz=+nan NcRej=nan [2s]
[102/120] mix   R2=0.3 lam=0.80 delta=0.10 fX=0.5 feas=False sel=  0 incr_p=-0.3208(pop 0.1094) theta_set_sel=+nan(pop +0.89) S_cross_sel=+nan null=+nan aggz=+nan Nz=+nan Ncz=+nan NcRej=nan [2s]
[103/120] noise R2=0.3 lam=0.80 delta=0.20 fX=nan feas=False sel=  0 incr_p=-0.3815(pop 0.0594) theta_set_sel=+nan(pop +4.00) S_cross_sel=+nan null=+nan aggz=+nan Nz=+nan Ncz=+nan NcRej=nan [2s]
[104/120] post  R2=0.3 lam=0.80 delta=0.20 fX=nan feas=True sel= 48 incr_p=-0.1667(pop 0.2000) theta_set_sel=+0.01(pop +0.00) S_cross_sel=-0.262 null=+0.012 aggz=-10.4 Nz=+0.5 Ncz=+0.8 NcRej=0.12 [2s]
[105/120] err   R2=0.3 lam=0.80 delta=0.20 fX=nan feas=False sel=  0 incr_p=-0.3791(pop 0.0704) theta_set_sel=+nan(pop -1.00) S_cross_sel=+nan null=+nan aggz=+nan Nz=+nan Ncz=+nan NcRej=nan [2s]
[106/120] mix   R2=0.3 lam=0.80 delta=0.20 fX=0.1 feas=False sel= 58 incr_p=-0.1132(pop 0.2394) theta_set_sel=+0.29(pop +0.29) S_cross_sel=-0.065 null=+0.014 aggz=-3.7 Nz=+10.5 Ncz=+10.2 NcRej=0.21 [2s]
[107/120] mix   R2=0.3 lam=0.80 delta=0.20 fX=0.3 feas=False sel= 46 incr_p=-0.1481(pop 0.1994) theta_set_sel=+0.29(pop +0.37) S_cross_sel=-0.066 null=+0.012 aggz=-2.8 Nz=+9.6 Ncz=+9.4 NcRej=0.15 [2s]
[108/120] mix   R2=0.3 lam=0.80 delta=0.20 fX=0.5 feas=False sel= 18 incr_p=-0.2392(pop 0.1594) theta_set_sel=+0.30(pop +0.50) S_cross_sel=-0.070 null=+0.017 aggz=-2.6 Nz=+6.3 Ncz=+5.6 NcRej=0.17 [2s]
[109/120] noise R2=0.3 lam=0.90 delta=0.10 fX=nan feas=False sel=  0 incr_p=-0.4988(pop 0.0218) theta_set_sel=+nan(pop +9.00) S_cross_sel=+nan null=+nan aggz=+nan Nz=+nan Ncz=+nan NcRej=nan [2s]
[110/120] post  R2=0.3 lam=0.90 delta=0.10 fX=nan feas=True sel=  0 incr_p=-0.3289(pop 0.1000) theta_set_sel=+nan(pop +0.00) S_cross_sel=+nan null=+nan aggz=+nan Nz=+nan Ncz=+nan NcRej=nan [2s]
[111/120] err   R2=0.3 lam=0.90 delta=0.10 fX=nan feas=False sel=  0 incr_p=-0.4833(pop 0.0315) theta_set_sel=+nan(pop -1.00) S_cross_sel=+nan null=+nan aggz=+nan Nz=+nan Ncz=+nan NcRej=nan [2s]
[112/120] mix   R2=0.3 lam=0.90 delta=0.10 fX=0.1 feas=False sel=  0 incr_p=-0.3660(pop 0.1118) theta_set_sel=+nan(pop +0.31) S_cross_sel=+nan null=+nan aggz=+nan Nz=+nan Ncz=+nan NcRej=nan [2s]
[113/120] mix   R2=0.3 lam=0.90 delta=0.10 fX=0.3 feas=False sel=  0 incr_p=-0.3361(pop 0.0918) theta_set_sel=+nan(pop +0.39) S_cross_sel=+nan null=+nan aggz=+nan Nz=+nan Ncz=+nan NcRej=nan [2s]
[114/120] mix   R2=0.3 lam=0.90 delta=0.10 fX=0.5 feas=False sel=  0 incr_p=-0.3938(pop 0.0718) theta_set_sel=+nan(pop +0.54) S_cross_sel=+nan null=+nan aggz=+nan Nz=+nan Ncz=+nan NcRej=nan [2s]
[115/120] noise R2=0.3 lam=0.90 delta=0.20 fX=nan feas=False sel=  0 incr_p=-0.5649(pop 0.0218) theta_set_sel=+nan(pop +9.00) S_cross_sel=+nan null=+nan aggz=+nan Nz=+nan Ncz=+nan NcRej=nan [2s]
[116/120] post  R2=0.3 lam=0.90 delta=0.20 fX=nan feas=True sel= 34 incr_p=-0.1791(pop 0.2000) theta_set_sel=-0.02(pop +0.00) S_cross_sel=-0.277 null=+0.008 aggz=-8.7 Nz=-0.5 Ncz=-0.4 NcRej=0.09 [2s]
[117/120] err   R2=0.3 lam=0.90 delta=0.20 fX=nan feas=False sel=  0 incr_p=-0.4467(pop 0.0315) theta_set_sel=+nan(pop -1.00) S_cross_sel=+nan null=+nan aggz=+nan Nz=+nan Ncz=+nan NcRej=nan [2s]
[118/120] mix   R2=0.3 lam=0.90 delta=0.20 fX=0.1 feas=False sel= 47 incr_p=-0.1494(pop 0.2018) theta_set_sel=+0.11(pop +0.16) S_cross_sel=-0.163 null=+0.010 aggz=-6.3 Nz=+4.4 Ncz=+4.4 NcRej=0.02 [2s]
[119/120] mix   R2=0.3 lam=0.90 delta=0.20 fX=0.3 feas=False sel=  0 incr_p=-0.2312(pop 0.1618) theta_set_sel=+nan(pop +0.20) S_cross_sel=+nan null=+nan aggz=+nan Nz=+nan Ncz=+nan NcRej=nan [2s]
[120/120] mix   R2=0.3 lam=0.90 delta=0.20 fX=0.5 feas=False sel=  0 incr_p=-0.2593(pop 0.1218) theta_set_sel=+nan(pop +0.28) S_cross_sel=+nan null=+nan aggz=+nan Nz=+nan Ncz=+nan NcRej=nan [2s]
wrote sim_grid_v2_n60_G200.csv  (275s total)
