[1/224] nobatch    post  rep=0 feas=True sel= 30 th=+0.01 th_res=+0.01 (pop +0.00) Ncz unres=+0.7 strat=+1.2 | Dz unres=+18.6 strat=+18.3 | R1_post / R1_post [5s]
[2/224] nobatch    post  rep=1 feas=True sel= 17 th=+0.07 th_res=+0.03 (pop +0.00) Ncz unres=+1.8 strat=+1.8 | Dz unres=+15.9 strat=+11.7 | R1_post / R1_post [5s]
[3/224] nobatch    post  rep=2 feas=True sel= 24 th=-0.02 th_res=-0.01 (pop +0.00) Ncz unres=-0.6 strat=-0.4 | Dz unres=+17.5 strat=+15.1 | R1_post / R1_post [5s]
[4/224] nobatch    post  rep=3 feas=True sel= 28 th=+0.02 th_res=+0.04 (pop +0.00) Ncz unres=+0.7 strat=+0.5 | Dz unres=+16.7 strat=+17.2 | R1_post / R1_post [5s]
[5/224] nobatch    post  rep=4 feas=True sel= 31 th=+0.03 th_res=-0.01 (pop +0.00) Ncz unres=+1.2 strat=+1.1 | Dz unres=+18.2 strat=+17.1 | R1_post / R1_post [5s]
[6/224] nobatch    post  rep=5 feas=True sel=  4 th=+nan th_res=+nan (pop +0.00) Ncz unres=+nan strat=+nan | Dz unres=+nan strat=+nan | - / - [5s]
[7/224] nobatch    post  rep=6 feas=True sel= 24 th=-0.04 th_res=-0.05 (pop +0.00) Ncz unres=-0.8 strat=-1.2 | Dz unres=+16.5 strat=+14.1 | R1_post / R1_post [4s]
[8/224] nobatch    post  rep=7 feas=True sel= 21 th=-0.01 th_res=-0.04 (pop +0.00) Ncz unres=-0.2 strat=-0.2 | Dz unres=+17.4 strat=+15.5 | R1_post / R1_post [5s]
[9/224] nobatch    noise rep=0 feas=True sel= 36 th=+0.63 th_res=+0.63 (pop +1.00) Ncz unres=+17.0 strat=+15.9 | Dz unres=+15.7 strat=+13.8 | R2_noise_compatible / R2_noise_compatible [5s]
[10/224] nobatch    noise rep=1 feas=True sel= 32 th=+0.64 th_res=+0.70 (pop +1.00) Ncz unres=+15.9 strat=+16.6 | Dz unres=+15.3 strat=+12.8 | R2_noise_compatible / R2_noise_compatible [5s]
[11/224] nobatch    noise rep=2 feas=True sel= 36 th=+0.72 th_res=+0.74 (pop +1.00) Ncz unres=+17.9 strat=+16.5 | Dz unres=+15.8 strat=+13.8 | R2_noise_compatible / R2_noise_compatible [5s]
[12/224] nobatch    noise rep=3 feas=True sel= 26 th=+0.56 th_res=+0.59 (pop +1.00) Ncz unres=+12.2 strat=+13.0 | Dz unres=+13.6 strat=+11.4 | R2_noise_compatible / R2_noise_compatible [5s]
[13/224] nobatch    noise rep=4 feas=True sel= 31 th=+0.66 th_res=+0.64 (pop +1.00) Ncz unres=+17.9 strat=+13.4 | Dz unres=+15.1 strat=+12.7 | R2_noise_compatible / R2_noise_compatible [5s]
[14/224] nobatch    noise rep=5 feas=True sel= 33 th=+0.61 th_res=+0.73 (pop +1.00) Ncz unres=+16.9 strat=+14.6 | Dz unres=+15.8 strat=+14.7 | R2_noise_compatible / R2_noise_compatible [5s]
[15/224] nobatch    noise rep=6 feas=True sel= 29 th=+0.55 th_res=+0.51 (pop +1.00) Ncz unres=+14.0 strat=+14.0 | Dz unres=+15.4 strat=+14.7 | R2_noise_compatible / R2_noise_compatible [5s]
[16/224] nobatch    noise rep=7 feas=True sel= 36 th=+0.61 th_res=+0.54 (pop +1.00) Ncz unres=+16.2 strat=+15.5 | Dz unres=+17.5 strat=+13.3 | R2_noise_compatible / R2_noise_compatible [5s]
[17/224] nobatch    err   rep=0 feas=True sel= 90 th=-0.82 th_res=-0.81 (pop -1.00) Ncz unres=-30.2 strat=-25.3 | Dz unres=+21.4 strat=+19.8 | R4_err / R4_err [5s]
[18/224] nobatch    err   rep=1 feas=True sel= 58 th=-0.78 th_res=-0.76 (pop -1.00) Ncz unres=-23.2 strat=-22.6 | Dz unres=+17.7 strat=+19.5 | R4_err / R4_err [4s]
[19/224] nobatch    err   rep=2 feas=True sel= 74 th=-0.68 th_res=-0.69 (pop -1.00) Ncz unres=-27.0 strat=-21.5 | Dz unres=+23.0 strat=+18.5 | R4_err / R4_err [4s]
[20/224] nobatch    err   rep=3 feas=True sel= 71 th=-0.72 th_res=-0.68 (pop -1.00) Ncz unres=-25.2 strat=-20.8 | Dz unres=+21.3 strat=+20.3 | R4_err / R4_err [4s]
[21/224] nobatch    err   rep=4 feas=True sel= 73 th=-0.78 th_res=-0.76 (pop -1.00) Ncz unres=-26.9 strat=-24.6 | Dz unres=+20.6 strat=+17.8 | R4_err / R4_err [5s]
[22/224] nobatch    err   rep=5 feas=True sel= 77 th=-0.76 th_res=-0.74 (pop -1.00) Ncz unres=-27.2 strat=-23.9 | Dz unres=+21.2 strat=+19.5 | R4_err / R4_err [4s]
[23/224] nobatch    err   rep=6 feas=True sel= 85 th=-0.71 th_res=-0.72 (pop -1.00) Ncz unres=-24.4 strat=-23.0 | Dz unres=+22.9 strat=+21.8 | R4_err / R4_err [5s]
[24/224] nobatch    err   rep=7 feas=True sel= 69 th=-0.72 th_res=-0.74 (pop -1.00) Ncz unres=-24.7 strat=-22.4 | Dz unres=+20.1 strat=+19.1 | R4_err / R4_err [5s]
[25/224] nobatch    mix   rep=0 feas=True sel= 23 th=+0.19 th_res=+0.16 (pop +0.30) Ncz unres=+6.7 strat=+5.1 | Dz unres=+16.5 strat=+15.3 | R3_mixed / R3_mixed [5s]
[26/224] nobatch    mix   rep=1 feas=True sel= 35 th=+0.23 th_res=+0.21 (pop +0.30) Ncz unres=+7.8 strat=+6.8 | Dz unres=+18.0 strat=+17.1 | R3_mixed / R3_mixed [5s]
[27/224] nobatch    mix   rep=2 feas=True sel= 34 th=+0.22 th_res=+0.22 (pop +0.30) Ncz unres=+8.4 strat=+7.7 | Dz unres=+19.6 strat=+16.3 | R3_mixed / R3_mixed [5s]
[28/224] nobatch    mix   rep=3 feas=True sel= 41 th=+0.18 th_res=+0.17 (pop +0.30) Ncz unres=+6.4 strat=+5.7 | Dz unres=+20.6 strat=+17.8 | R3_mixed / R3_mixed [5s]
[29/224] nobatch    mix   rep=4 feas=True sel= 36 th=+0.24 th_res=+0.24 (pop +0.30) Ncz unres=+8.7 strat=+8.1 | Dz unres=+17.1 strat=+16.3 | R3_mixed / R3_mixed [5s]
[30/224] nobatch    mix   rep=5 feas=True sel= 27 th=+0.24 th_res=+0.26 (pop +0.30) Ncz unres=+7.3 strat=+7.4 | Dz unres=+17.7 strat=+17.0 | R3_mixed / R3_mixed [5s]
[31/224] nobatch    mix   rep=6 feas=True sel= 19 th=+0.15 th_res=+0.15 (pop +0.30) Ncz unres=+3.7 strat=+3.9 | Dz unres=+13.5 strat=+12.9 | R3_mixed / R3_mixed [5s]
[32/224] nobatch    mix   rep=7 feas=True sel= 42 th=+0.18 th_res=+0.18 (pop +0.30) Ncz unres=+6.8 strat=+6.4 | Dz unres=+20.8 strat=+19.4 | R3_mixed / R3_mixed [5s]
[33/224] W_only     post  rep=0 feas=True sel= 33 th=-0.02 th_res=-0.03 (pop +0.00) Ncz unres=-0.8 strat=-1.2 | Dz unres=+17.7 strat=+16.2 | R1_post / R1_post [5s]
[34/224] W_only     post  rep=1 feas=True sel= 42 th=-0.02 th_res=-0.01 (pop +0.00) Ncz unres=-0.5 strat=-0.1 | Dz unres=+20.4 strat=+20.8 | R1_post / R1_post [5s]
[35/224] W_only     post  rep=2 feas=True sel= 44 th=-0.01 th_res=+0.01 (pop +0.00) Ncz unres=-0.2 strat=-0.0 | Dz unres=+21.6 strat=+20.4 | R1_post / R1_post [5s]
[36/224] W_only     post  rep=3 feas=True sel= 49 th=-0.03 th_res=-0.01 (pop +0.00) Ncz unres=-1.2 strat=-1.5 | Dz unres=+22.9 strat=+23.1 | R1_post / R1_post [5s]
[37/224] W_only     post  rep=4 feas=True sel= 34 th=+0.03 th_res=-0.01 (pop +0.00) Ncz unres=+0.8 strat=+0.4 | Dz unres=+20.8 strat=+18.4 | R1_post / R1_post [5s]
[38/224] W_only     post  rep=5 feas=True sel= 52 th=+0.01 th_res=+0.02 (pop +0.00) Ncz unres=+0.4 strat=+0.6 | Dz unres=+22.5 strat=+22.0 | R1_post / R1_post [5s]
[39/224] W_only     post  rep=6 feas=True sel= 37 th=-0.04 th_res=-0.05 (pop +0.00) Ncz unres=-1.6 strat=-1.6 | Dz unres=+20.0 strat=+16.2 | R1_post / R1_post [5s]
[40/224] W_only     post  rep=7 feas=True sel= 28 th=+0.02 th_res=+0.04 (pop +0.00) Ncz unres=+0.9 strat=+0.6 | Dz unres=+17.1 strat=+14.8 | R1_post / R1_post [5s]
[41/224] W_only     noise rep=0 feas=True sel= 30 th=+0.60 th_res=+0.68 (pop +1.00) Ncz unres=+16.9 strat=+14.9 | Dz unres=+14.9 strat=+13.6 | R2_noise_compatible / R2_noise_compatible [5s]
[42/224] W_only     noise rep=1 feas=True sel= 63 th=+0.74 th_res=+0.88 (pop +1.00) Ncz unres=+21.7 strat=+22.5 | Dz unres=+19.7 strat=+18.0 | R2_noise_compatible / R2_noise_compatible [5s]
[43/224] W_only     noise rep=2 feas=True sel= 49 th=+0.66 th_res=+0.76 (pop +1.00) Ncz unres=+21.6 strat=+18.4 | Dz unres=+18.1 strat=+17.0 | R2_noise_compatible / R2_noise_compatible [5s]
[44/224] W_only     noise rep=3 feas=True sel= 47 th=+0.61 th_res=+0.73 (pop +1.00) Ncz unres=+20.2 strat=+18.7 | Dz unres=+17.5 strat=+16.7 | R2_noise_compatible / R2_noise_compatible [4s]
[45/224] W_only     noise rep=4 feas=True sel= 50 th=+0.67 th_res=+0.80 (pop +1.00) Ncz unres=+19.7 strat=+20.2 | Dz unres=+17.8 strat=+16.3 | R2_noise_compatible / R2_noise_compatible [5s]
[46/224] W_only     noise rep=5 feas=True sel= 48 th=+0.66 th_res=+0.79 (pop +1.00) Ncz unres=+18.6 strat=+18.5 | Dz unres=+17.4 strat=+14.8 | R2_noise_compatible / R2_noise_compatible [5s]
[47/224] W_only     noise rep=6 feas=True sel= 48 th=+0.74 th_res=+0.82 (pop +1.00) Ncz unres=+20.6 strat=+19.1 | Dz unres=+16.2 strat=+15.9 | R2_noise_compatible / R2_noise_compatible [5s]
[48/224] W_only     noise rep=7 feas=True sel= 28 th=+0.67 th_res=+0.77 (pop +1.00) Ncz unres=+16.2 strat=+16.1 | Dz unres=+14.7 strat=+11.4 | R2_noise_compatible / R2_noise_compatible [5s]
[49/224] W_only     err   rep=0 feas=False sel=114 th=-0.87 th_res=-0.89 (pop -1.00) Ncz unres=-29.1 strat=-25.3 | Dz unres=+23.7 strat=+24.1 | R4_err / R4_err [5s]
[50/224] W_only     err   rep=1 feas=False sel=114 th=-0.88 th_res=-0.93 (pop -1.00) Ncz unres=-30.1 strat=-25.6 | Dz unres=+25.8 strat=+21.4 | R4_err / R4_err [5s]
[51/224] W_only     err   rep=2 feas=False sel=121 th=-0.86 th_res=-0.96 (pop -1.00) Ncz unres=-27.6 strat=-27.6 | Dz unres=+25.8 strat=+22.1 | R4_err / R4_err [5s]
[52/224] W_only     err   rep=3 feas=False sel=109 th=-0.82 th_res=-0.86 (pop -1.00) Ncz unres=-29.5 strat=-24.3 | Dz unres=+23.9 strat=+23.6 | R4_err / R4_err [5s]
[53/224] W_only     err   rep=4 feas=False sel= 79 th=-0.90 th_res=-1.11 (pop -1.00) Ncz unres=-25.8 strat=-24.9 | Dz unres=+20.9 strat=+19.0 | R4_err / R4_err [4s]
[54/224] W_only     err   rep=5 feas=False sel= 89 th=-0.83 th_res=-0.90 (pop -1.00) Ncz unres=-27.1 strat=-24.9 | Dz unres=+23.9 strat=+18.2 | R4_err / R4_err [4s]
[55/224] W_only     err   rep=6 feas=False sel=106 th=-0.84 th_res=-0.87 (pop -1.00) Ncz unres=-29.7 strat=-26.9 | Dz unres=+23.2 strat=+22.7 | R4_err / R4_err [5s]
[56/224] W_only     err   rep=7 feas=False sel= 87 th=-0.77 th_res=-0.84 (pop -1.00) Ncz unres=-26.2 strat=-23.1 | Dz unres=+24.4 strat=+24.0 | R4_err / R4_err [5s]
[57/224] W_only     mix   rep=0 feas=True sel= 52 th=+0.24 th_res=+0.24 (pop +0.30) Ncz unres=+10.1 strat=+9.1 | Dz unres=+22.6 strat=+19.5 | R3_mixed / R3_mixed [4s]
[58/224] W_only     mix   rep=1 feas=True sel= 47 th=+0.20 th_res=+0.18 (pop +0.30) Ncz unres=+8.6 strat=+8.2 | Dz unres=+23.8 strat=+22.3 | R3_mixed / R3_mixed [5s]
[59/224] W_only     mix   rep=2 feas=True sel= 34 th=+0.22 th_res=+0.26 (pop +0.30) Ncz unres=+7.1 strat=+6.8 | Dz unres=+18.8 strat=+18.4 | R3_mixed / R3_mixed [5s]
[60/224] W_only     mix   rep=3 feas=True sel= 58 th=+0.23 th_res=+0.21 (pop +0.30) Ncz unres=+11.2 strat=+10.7 | Dz unres=+21.7 strat=+21.9 | R3_mixed / R3_mixed [5s]
[61/224] W_only     mix   rep=4 feas=True sel= 54 th=+0.20 th_res=+0.24 (pop +0.30) Ncz unres=+8.8 strat=+8.7 | Dz unres=+21.7 strat=+21.1 | R3_mixed / R3_mixed [5s]
[62/224] W_only     mix   rep=5 feas=True sel= 38 th=+0.20 th_res=+0.21 (pop +0.30) Ncz unres=+7.9 strat=+7.7 | Dz unres=+19.2 strat=+19.5 | R3_mixed / R3_mixed [5s]
[63/224] W_only     mix   rep=6 feas=True sel= 45 th=+0.26 th_res=+0.32 (pop +0.30) Ncz unres=+10.7 strat=+11.0 | Dz unres=+19.2 strat=+19.1 | R3_mixed / R3_mixed [5s]
[64/224] W_only     mix   rep=7 feas=True sel= 48 th=+0.20 th_res=+0.23 (pop +0.30) Ncz unres=+8.7 strat=+8.0 | Dz unres=+22.7 strat=+20.1 | R3_mixed / R3_mixed [5s]
[65/224] rna        post  rep=0 feas=True sel= 43 th=-0.11 th_res=+0.03 (pop +0.00) Ncz unres=-4.1 strat=-1.2 | Dz unres=+21.9 strat=+19.5 | R4_err / R1_post [5s]
[66/224] rna        post  rep=1 feas=True sel= 57 th=-0.09 th_res=+0.10 (pop +0.00) Ncz unres=-3.5 strat=+0.4 | Dz unres=+22.3 strat=+18.6 | R4_err / R1_post [5s]
[67/224] rna        post  rep=2 feas=True sel= 45 th=-0.05 th_res=+0.13 (pop +0.00) Ncz unres=-2.0 strat=+2.0 | Dz unres=+22.9 strat=+19.0 | R1_post / R3_mixed [5s]
[68/224] rna        post  rep=3 feas=True sel= 62 th=-0.10 th_res=+0.05 (pop +0.00) Ncz unres=-4.5 strat=-0.6 | Dz unres=+26.8 strat=+21.2 | R4_err / R1_post [5s]
[69/224] rna        post  rep=4 feas=True sel= 41 th=-0.11 th_res=+0.06 (pop +0.00) Ncz unres=-4.5 strat=-0.7 | Dz unres=+22.7 strat=+19.1 | R4_err / R1_post [5s]
[70/224] rna        post  rep=5 feas=True sel= 60 th=-0.10 th_res=+0.08 (pop +0.00) Ncz unres=-4.8 strat=+0.3 | Dz unres=+24.3 strat=+22.6 | R4_err / R1_post [5s]
[71/224] rna        post  rep=6 feas=True sel= 47 th=-0.11 th_res=+0.04 (pop +0.00) Ncz unres=-4.7 strat=-0.7 | Dz unres=+20.6 strat=+19.5 | R4_err / R1_post [5s]
[72/224] rna        post  rep=7 feas=True sel= 50 th=-0.08 th_res=+0.06 (pop +0.00) Ncz unres=-3.1 strat=+0.8 | Dz unres=+23.2 strat=+21.7 | R4_err / R1_post [5s]
[73/224] rna        noise rep=0 feas=True sel= 49 th=+0.65 th_res=+1.25 (pop +1.00) Ncz unres=+17.3 strat=+19.0 | Dz unres=+18.4 strat=+16.3 | R2_noise_compatible / R2_noise_compatible [5s]
[74/224] rna        noise rep=1 feas=True sel= 56 th=+0.51 th_res=+1.03 (pop +1.00) Ncz unres=+16.6 strat=+21.2 | Dz unres=+20.0 strat=+16.5 | R2_noise_compatible / R2_noise_compatible [5s]
[75/224] rna        noise rep=2 feas=True sel= 39 th=+0.48 th_res=+0.90 (pop +1.00) Ncz unres=+14.8 strat=+17.2 | Dz unres=+18.2 strat=+16.8 | R3_mixed / R3_mixed [5s]
[76/224] rna        noise rep=3 feas=True sel= 34 th=+0.44 th_res=+0.84 (pop +1.00) Ncz unres=+12.7 strat=+15.6 | Dz unres=+16.8 strat=+14.4 | R3_mixed / R3_mixed [5s]
[77/224] rna        noise rep=4 feas=True sel= 49 th=+0.45 th_res=+0.99 (pop +1.00) Ncz unres=+15.5 strat=+17.6 | Dz unres=+19.2 strat=+16.2 | R3_mixed / R3_mixed [5s]
[78/224] rna        noise rep=5 feas=True sel= 56 th=+0.46 th_res=+0.88 (pop +1.00) Ncz unres=+17.2 strat=+19.2 | Dz unres=+22.4 strat=+16.1 | R3_mixed / R3_mixed [5s]
[79/224] rna        noise rep=6 feas=True sel= 41 th=+0.54 th_res=+0.96 (pop +1.00) Ncz unres=+14.9 strat=+19.1 | Dz unres=+17.3 strat=+14.4 | R2_noise_compatible / R2_noise_compatible [5s]
[80/224] rna        noise rep=7 feas=True sel= 42 th=+0.47 th_res=+0.98 (pop +1.00) Ncz unres=+13.8 strat=+16.8 | Dz unres=+19.0 strat=+15.4 | R3_mixed / R3_mixed [5s]
[81/224] rna        err   rep=0 feas=False sel= 58 th=-0.70 th_res=-0.74 (pop -1.00) Ncz unres=-22.9 strat=-18.3 | Dz unres=+20.2 strat=+15.6 | R4_err / R4_err [5s]
[82/224] rna        err   rep=1 feas=False sel= 57 th=-0.76 th_res=-0.81 (pop -1.00) Ncz unres=-22.4 strat=-20.5 | Dz unres=+18.4 strat=+17.7 | R4_err / R4_err [5s]
[83/224] rna        err   rep=2 feas=False sel= 75 th=-0.66 th_res=-0.73 (pop -1.00) Ncz unres=-24.2 strat=-20.8 | Dz unres=+22.9 strat=+20.3 | R4_err / R4_err [5s]
[84/224] rna        err   rep=3 feas=False sel= 66 th=-0.80 th_res=-0.81 (pop -1.00) Ncz unres=-23.6 strat=-19.8 | Dz unres=+20.3 strat=+15.8 | R4_err / R4_err [5s]
[85/224] rna        err   rep=4 feas=False sel= 70 th=-0.66 th_res=-0.72 (pop -1.00) Ncz unres=-23.2 strat=-19.2 | Dz unres=+23.0 strat=+18.9 | R4_err / R4_err [5s]
[86/224] rna        err   rep=5 feas=False sel= 62 th=-0.83 th_res=-0.91 (pop -1.00) Ncz unres=-23.0 strat=-19.6 | Dz unres=+17.0 strat=+15.2 | R4_err / R4_err [5s]
[87/224] rna        err   rep=6 feas=False sel= 71 th=-0.72 th_res=-0.73 (pop -1.00) Ncz unres=-24.6 strat=-21.0 | Dz unres=+21.4 strat=+18.7 | R4_err / R4_err [5s]
[88/224] rna        err   rep=7 feas=False sel= 75 th=-0.72 th_res=-0.70 (pop -1.00) Ncz unres=-25.4 strat=-20.7 | Dz unres=+23.4 strat=+18.6 | R4_err / R4_err [5s]
[89/224] rna        mix   rep=0 feas=True sel= 40 th=+0.12 th_res=+0.34 (pop +0.30) Ncz unres=+5.0 strat=+7.1 | Dz unres=+23.5 strat=+17.9 | R3_mixed / R3_mixed [5s]
[90/224] rna        mix   rep=1 feas=True sel= 54 th=+0.12 th_res=+0.32 (pop +0.30) Ncz unres=+4.9 strat=+9.3 | Dz unres=+24.0 strat=+21.5 | R3_mixed / R3_mixed [5s]
[91/224] rna        mix   rep=2 feas=True sel= 57 th=+0.11 th_res=+0.37 (pop +0.30) Ncz unres=+4.3 strat=+10.6 | Dz unres=+22.9 strat=+19.5 | R3_mixed / R3_mixed [5s]
[92/224] rna        mix   rep=3 feas=True sel= 49 th=+0.10 th_res=+0.32 (pop +0.30) Ncz unres=+4.4 strat=+8.4 | Dz unres=+22.6 strat=+20.9 | R3_mixed / R3_mixed [5s]
[93/224] rna        mix   rep=4 feas=True sel= 57 th=+0.16 th_res=+0.34 (pop +0.30) Ncz unres=+7.0 strat=+11.2 | Dz unres=+24.0 strat=+22.5 | R3_mixed / R3_mixed [5s]
[94/224] rna        mix   rep=5 feas=True sel= 53 th=+0.09 th_res=+0.32 (pop +0.30) Ncz unres=+4.1 strat=+9.3 | Dz unres=+24.2 strat=+19.5 | R3_mixed / R3_mixed [5s]
[95/224] rna        mix   rep=6 feas=True sel= 48 th=+0.12 th_res=+0.33 (pop +0.30) Ncz unres=+4.9 strat=+10.9 | Dz unres=+21.5 strat=+21.2 | R3_mixed / R3_mixed [5s]
[96/224] rna        mix   rep=7 feas=True sel= 52 th=+0.12 th_res=+0.34 (pop +0.30) Ncz unres=+4.7 strat=+8.9 | Dz unres=+23.7 strat=+18.0 | R3_mixed / R3_mixed [5s]
[97/224] rna_strong post  rep=0 feas=True sel= 66 th=-0.11 th_res=+0.16 (pop +0.00) Ncz unres=-5.2 strat=+1.9 | Dz unres=+26.2 strat=+21.4 | R4_err / R1_post [5s]
[98/224] rna_strong post  rep=1 feas=True sel= 71 th=-0.12 th_res=+0.14 (pop +0.00) Ncz unres=-4.9 strat=+1.8 | Dz unres=+27.6 strat=+19.6 | R4_err / R1_post [5s]
[99/224] rna_strong post  rep=2 feas=True sel= 46 th=-0.15 th_res=+0.12 (pop +0.00) Ncz unres=-5.4 strat=-0.1 | Dz unres=+23.1 strat=+20.1 | R4_err / R1_post [5s]
[100/224] rna_strong post  rep=3 feas=True sel= 63 th=-0.13 th_res=+0.14 (pop +0.00) Ncz unres=-5.2 strat=+0.5 | Dz unres=+26.3 strat=+21.9 | R4_err / R1_post [5s]
[101/224] rna_strong post  rep=4 feas=True sel= 53 th=-0.12 th_res=+0.13 (pop +0.00) Ncz unres=-4.9 strat=+0.7 | Dz unres=+21.8 strat=+19.0 | R4_err / R1_post [5s]
[102/224] rna_strong post  rep=5 feas=True sel= 66 th=-0.12 th_res=+0.14 (pop +0.00) Ncz unres=-5.3 strat=+0.9 | Dz unres=+25.4 strat=+20.6 | R4_err / R1_post [5s]
[103/224] rna_strong post  rep=6 feas=True sel= 62 th=-0.15 th_res=+0.17 (pop +0.00) Ncz unres=-6.1 strat=+0.6 | Dz unres=+23.7 strat=+21.0 | R4_err / R1_post [5s]
[104/224] rna_strong post  rep=7 feas=True sel= 72 th=-0.16 th_res=+0.12 (pop +0.00) Ncz unres=-6.8 strat=+0.1 | Dz unres=+27.3 strat=+22.0 | R4_err / R1_post [5s]
[105/224] rna_strong noise rep=0 feas=True sel= 55 th=+0.46 th_res=+1.22 (pop +1.00) Ncz unres=+14.6 strat=+18.0 | Dz unres=+20.3 strat=+18.0 | R3_mixed / R3_mixed [5s]
[106/224] rna_strong noise rep=1 feas=True sel= 67 th=+0.38 th_res=+0.99 (pop +1.00) Ncz unres=+15.6 strat=+18.7 | Dz unres=+22.2 strat=+18.1 | R3_mixed / R3_mixed [5s]
[107/224] rna_strong noise rep=2 feas=True sel= 41 th=+0.36 th_res=+1.06 (pop +1.00) Ncz unres=+10.7 strat=+16.5 | Dz unres=+19.2 strat=+14.9 | R3_mixed / R3_mixed [5s]
[108/224] rna_strong noise rep=3 feas=True sel= 45 th=+0.39 th_res=+1.15 (pop +1.00) Ncz unres=+11.8 strat=+18.6 | Dz unres=+22.2 strat=+16.4 | R3_mixed / R3_mixed [5s]
[109/224] rna_strong noise rep=4 feas=True sel= 41 th=+0.45 th_res=+1.27 (pop +1.00) Ncz unres=+11.9 strat=+18.7 | Dz unres=+16.7 strat=+13.9 | R3_mixed / R3_mixed [5s]
[110/224] rna_strong noise rep=5 feas=True sel= 46 th=+0.42 th_res=+0.97 (pop +1.00) Ncz unres=+14.7 strat=+19.6 | Dz unres=+16.6 strat=+16.2 | R3_mixed / R3_mixed [5s]
[111/224] rna_strong noise rep=6 feas=True sel= 45 th=+0.40 th_res=+1.01 (pop +1.00) Ncz unres=+11.9 strat=+16.8 | Dz unres=+18.2 strat=+16.7 | R3_mixed / R3_mixed [5s]
[112/224] rna_strong noise rep=7 feas=True sel= 55 th=+0.41 th_res=+1.20 (pop +1.00) Ncz unres=+13.0 strat=+19.8 | Dz unres=+24.0 strat=+16.8 | R3_mixed / R3_mixed [5s]
[113/224] rna_strong err   rep=0 feas=False sel= 40 th=-0.63 th_res=-0.56 (pop -1.00) Ncz unres=-18.0 strat=-12.6 | Dz unres=+15.4 strat=+15.2 | R4_err / R4_err [5s]
[114/224] rna_strong err   rep=1 feas=False sel= 55 th=-0.67 th_res=-0.62 (pop -1.00) Ncz unres=-19.1 strat=-15.0 | Dz unres=+18.7 strat=+14.6 | R4_err / R4_err [5s]
[115/224] rna_strong err   rep=2 feas=False sel= 36 th=-0.73 th_res=-0.61 (pop -1.00) Ncz unres=-16.4 strat=-14.0 | Dz unres=+15.9 strat=+14.7 | R4_err / R4_err [5s]
[116/224] rna_strong err   rep=3 feas=False sel= 49 th=-0.66 th_res=-0.65 (pop -1.00) Ncz unres=-18.6 strat=-16.1 | Dz unres=+18.4 strat=+16.8 | R4_err / R4_err [5s]
[117/224] rna_strong err   rep=4 feas=False sel= 41 th=-0.71 th_res=-0.75 (pop -1.00) Ncz unres=-21.3 strat=-16.6 | Dz unres=+14.5 strat=+10.7 | R4_err / R4_err [5s]
[118/224] rna_strong err   rep=5 feas=False sel= 41 th=-0.65 th_res=-0.64 (pop -1.00) Ncz unres=-16.6 strat=-14.2 | Dz unres=+16.6 strat=+12.3 | R4_err / R4_err [5s]
[119/224] rna_strong err   rep=6 feas=False sel= 36 th=-0.64 th_res=-0.58 (pop -1.00) Ncz unres=-17.9 strat=-12.9 | Dz unres=+16.8 strat=+11.4 | R4_err / R4_err [5s]
[120/224] rna_strong err   rep=7 feas=False sel= 46 th=-0.71 th_res=-0.61 (pop -1.00) Ncz unres=-18.6 strat=-14.5 | Dz unres=+18.4 strat=+14.8 | R4_err / R4_err [5s]
[121/224] rna_strong mix   rep=0 feas=True sel= 59 th=+0.14 th_res=+0.46 (pop +0.30) Ncz unres=+5.7 strat=+11.1 | Dz unres=+24.3 strat=+21.2 | R3_mixed / R3_mixed [5s]
[122/224] rna_strong mix   rep=1 feas=True sel= 71 th=+0.09 th_res=+0.40 (pop +0.30) Ncz unres=+4.1 strat=+10.1 | Dz unres=+29.2 strat=+21.1 | R3_mixed / R3_mixed [5s]
[123/224] rna_strong mix   rep=2 feas=True sel= 47 th=+0.04 th_res=+0.33 (pop +0.30) Ncz unres=+1.3 strat=+7.6 | Dz unres=+20.5 strat=+18.8 | R1_post / R3_mixed [5s]
[124/224] rna_strong mix   rep=3 feas=True sel= 56 th=+0.03 th_res=+0.43 (pop +0.30) Ncz unres=+1.4 strat=+10.4 | Dz unres=+24.2 strat=+20.1 | R1_post / R3_mixed [5s]
[125/224] rna_strong mix   rep=4 feas=True sel= 55 th=+0.06 th_res=+0.42 (pop +0.30) Ncz unres=+3.0 strat=+8.4 | Dz unres=+23.4 strat=+19.6 | R3_mixed / R3_mixed [5s]
[126/224] rna_strong mix   rep=5 feas=True sel= 70 th=+0.09 th_res=+0.38 (pop +0.30) Ncz unres=+4.3 strat=+11.5 | Dz unres=+27.8 strat=+20.6 | R3_mixed / R3_mixed [5s]
[127/224] rna_strong mix   rep=6 feas=True sel= 57 th=+0.11 th_res=+0.45 (pop +0.30) Ncz unres=+4.8 strat=+10.7 | Dz unres=+24.4 strat=+20.1 | R3_mixed / R3_mixed [6s]
[128/224] rna_strong mix   rep=7 feas=True sel= 49 th=+0.05 th_res=+0.36 (pop +0.30) Ncz unres=+2.1 strat=+8.8 | Dz unres=+23.3 strat=+19.8 | R3_mixed / R3_mixed [6s]
[129/224] prot       post  rep=0 feas=True sel= 53 th=-0.02 th_res=-0.03 (pop +0.00) Ncz unres=-0.5 strat=-0.5 | Dz unres=+22.7 strat=+19.1 | R1_post / R1_post [5s]
[130/224] prot       post  rep=1 feas=True sel= 61 th=+0.03 th_res=+0.03 (pop +0.00) Ncz unres=+1.3 strat=+0.7 | Dz unres=+25.1 strat=+20.8 | R1_post / R1_post [6s]
[131/224] prot       post  rep=2 feas=True sel= 54 th=+0.01 th_res=-0.00 (pop +0.00) Ncz unres=+0.7 strat=+0.2 | Dz unres=+23.7 strat=+19.3 | R1_post / R1_post [6s]
[132/224] prot       post  rep=3 feas=True sel= 57 th=-0.01 th_res=-0.01 (pop +0.00) Ncz unres=-0.4 strat=-0.2 | Dz unres=+23.1 strat=+19.2 | R1_post / R1_post [5s]
[133/224] prot       post  rep=4 feas=True sel= 56 th=+0.01 th_res=+0.02 (pop +0.00) Ncz unres=+0.7 strat=+1.3 | Dz unres=+23.3 strat=+19.4 | R1_post / R1_post [5s]
[134/224] prot       post  rep=5 feas=True sel= 62 th=+0.01 th_res=+0.06 (pop +0.00) Ncz unres=+1.0 strat=+1.7 | Dz unres=+25.3 strat=+21.7 | R1_post / R1_post [6s]
[135/224] prot       post  rep=6 feas=True sel= 64 th=-0.00 th_res=+0.03 (pop +0.00) Ncz unres=-0.1 strat=-0.6 | Dz unres=+25.5 strat=+21.5 | R1_post / R1_post [6s]
[136/224] prot       post  rep=7 feas=True sel= 58 th=+0.02 th_res=+0.03 (pop +0.00) Ncz unres=+0.9 strat=+1.2 | Dz unres=+25.2 strat=+22.9 | R1_post / R1_post [5s]
[137/224] prot       noise rep=0 feas=True sel= 67 th=+0.64 th_res=+1.01 (pop +1.00) Ncz unres=+24.5 strat=+20.5 | Dz unres=+20.3 strat=+18.1 | R2_noise_compatible / R2_noise_compatible [5s]
[138/224] prot       noise rep=1 feas=True sel= 55 th=+0.60 th_res=+0.99 (pop +1.00) Ncz unres=+20.1 strat=+18.3 | Dz unres=+18.6 strat=+15.8 | R2_noise_compatible / R2_noise_compatible [4s]
[139/224] prot       noise rep=2 feas=True sel= 67 th=+0.62 th_res=+0.89 (pop +1.00) Ncz unres=+21.8 strat=+20.5 | Dz unres=+23.8 strat=+18.4 | R2_noise_compatible / R2_noise_compatible [5s]
[140/224] prot       noise rep=3 feas=True sel= 63 th=+0.55 th_res=+0.83 (pop +1.00) Ncz unres=+20.9 strat=+18.0 | Dz unres=+21.6 strat=+20.0 | R2_noise_compatible / R2_noise_compatible [4s]
[141/224] prot       noise rep=4 feas=True sel= 71 th=+0.59 th_res=+0.86 (pop +1.00) Ncz unres=+22.0 strat=+25.4 | Dz unres=+21.6 strat=+18.6 | R2_noise_compatible / R2_noise_compatible [5s]
[142/224] prot       noise rep=5 feas=True sel= 46 th=+0.65 th_res=+0.91 (pop +1.00) Ncz unres=+20.0 strat=+20.0 | Dz unres=+16.4 strat=+14.0 | R2_noise_compatible / R2_noise_compatible [5s]
[143/224] prot       noise rep=6 feas=True sel= 65 th=+0.64 th_res=+1.01 (pop +1.00) Ncz unres=+21.9 strat=+21.1 | Dz unres=+21.5 strat=+15.7 | R2_noise_compatible / R2_noise_compatible [4s]
[144/224] prot       noise rep=7 feas=True sel= 63 th=+0.60 th_res=+0.90 (pop +1.00) Ncz unres=+21.7 strat=+22.0 | Dz unres=+20.8 strat=+17.5 | R2_noise_compatible / R2_noise_compatible [4s]
[145/224] prot       err   rep=0 feas=False sel=116 th=-0.74 th_res=-0.99 (pop -1.00) Ncz unres=-27.6 strat=-26.1 | Dz unres=+26.5 strat=+22.0 | R4_err / R4_err [5s]
[146/224] prot       err   rep=1 feas=False sel=123 th=-0.75 th_res=-1.04 (pop -1.00) Ncz unres=-26.0 strat=-24.9 | Dz unres=+27.5 strat=+22.0 | R4_err / R4_err [4s]
[147/224] prot       err   rep=2 feas=False sel=126 th=-0.78 th_res=-1.03 (pop -1.00) Ncz unres=-28.5 strat=-27.4 | Dz unres=+24.4 strat=+24.9 | R4_err / R4_err [5s]
[148/224] prot       err   rep=3 feas=False sel=138 th=-0.82 th_res=-1.09 (pop -1.00) Ncz unres=-31.5 strat=-26.7 | Dz unres=+28.0 strat=+23.4 | R4_err / R4_err [5s]
[149/224] prot       err   rep=4 feas=False sel=106 th=-0.79 th_res=-1.03 (pop -1.00) Ncz unres=-28.9 strat=-29.1 | Dz unres=+24.6 strat=+19.6 | R4_err / R4_err [4s]
[150/224] prot       err   rep=5 feas=False sel=127 th=-0.82 th_res=-1.13 (pop -1.00) Ncz unres=-30.8 strat=-29.3 | Dz unres=+26.4 strat=+25.1 | R4_err / R4_err [4s]
[151/224] prot       err   rep=6 feas=False sel=135 th=-0.76 th_res=-1.01 (pop -1.00) Ncz unres=-30.4 strat=-25.8 | Dz unres=+29.5 strat=+22.6 | R4_err / R4_err [4s]
[152/224] prot       err   rep=7 feas=False sel=122 th=-0.77 th_res=-1.07 (pop -1.00) Ncz unres=-31.0 strat=-23.9 | Dz unres=+24.6 strat=+21.4 | R4_err / R4_err [4s]
[153/224] prot       mix   rep=0 feas=True sel= 57 th=+0.24 th_res=+0.30 (pop +0.30) Ncz unres=+11.2 strat=+11.1 | Dz unres=+22.7 strat=+19.7 | R3_mixed / R3_mixed [5s]
[154/224] prot       mix   rep=1 feas=True sel= 69 th=+0.22 th_res=+0.28 (pop +0.30) Ncz unres=+11.0 strat=+10.7 | Dz unres=+25.5 strat=+21.0 | R3_mixed / R3_mixed [4s]
[155/224] prot       mix   rep=2 feas=True sel= 60 th=+0.18 th_res=+0.23 (pop +0.30) Ncz unres=+8.9 strat=+9.2 | Dz unres=+26.3 strat=+20.6 | R3_mixed / R3_mixed [5s]
[156/224] prot       mix   rep=3 feas=True sel= 60 th=+0.23 th_res=+0.29 (pop +0.30) Ncz unres=+10.6 strat=+11.0 | Dz unres=+22.4 strat=+17.2 | R3_mixed / R3_mixed [5s]
[157/224] prot       mix   rep=4 feas=True sel= 57 th=+0.20 th_res=+0.26 (pop +0.30) Ncz unres=+9.4 strat=+9.9 | Dz unres=+23.7 strat=+19.8 | R3_mixed / R3_mixed [5s]
[158/224] prot       mix   rep=5 feas=True sel= 64 th=+0.17 th_res=+0.22 (pop +0.30) Ncz unres=+9.3 strat=+8.1 | Dz unres=+25.1 strat=+22.3 | R3_mixed / R3_mixed [5s]
[159/224] prot       mix   rep=6 feas=True sel= 60 th=+0.18 th_res=+0.25 (pop +0.30) Ncz unres=+8.4 strat=+8.1 | Dz unres=+25.7 strat=+19.4 | R3_mixed / R3_mixed [5s]
[160/224] prot       mix   rep=7 feas=True sel= 52 th=+0.17 th_res=+0.24 (pop +0.30) Ncz unres=+8.3 strat=+7.6 | Dz unres=+21.7 strat=+19.2 | R3_mixed / R3_mixed [5s]
[161/224] both       post  rep=0 feas=True sel= 75 th=-0.06 th_res=+0.09 (pop +0.00) Ncz unres=-3.2 strat=+0.7 | Dz unres=+27.6 strat=+23.3 | R4_err / R1_post [5s]
[162/224] both       post  rep=1 feas=True sel= 66 th=-0.05 th_res=+0.06 (pop +0.00) Ncz unres=-2.0 strat=+1.3 | Dz unres=+26.0 strat=+20.1 | R1_post / R1_post [5s]
[163/224] both       post  rep=2 feas=True sel= 57 th=-0.03 th_res=+0.14 (pop +0.00) Ncz unres=-1.6 strat=+1.3 | Dz unres=+23.8 strat=+19.6 | R1_post / R1_post [5s]
[164/224] both       post  rep=3 feas=True sel= 61 th=-0.08 th_res=+0.08 (pop +0.00) Ncz unres=-3.2 strat=+1.5 | Dz unres=+27.1 strat=+19.1 | R4_err / R1_post [5s]
[165/224] both       post  rep=4 feas=True sel= 66 th=-0.11 th_res=+0.10 (pop +0.00) Ncz unres=-4.5 strat=+0.1 | Dz unres=+27.0 strat=+20.4 | R4_err / R1_post [5s]
[166/224] both       post  rep=5 feas=True sel= 75 th=-0.05 th_res=+0.11 (pop +0.00) Ncz unres=-2.2 strat=+1.6 | Dz unres=+26.7 strat=+21.7 | R1_post / R1_post [5s]
[167/224] both       post  rep=6 feas=True sel= 83 th=-0.09 th_res=+0.03 (pop +0.00) Ncz unres=-4.7 strat=-1.2 | Dz unres=+28.1 strat=+23.0 | R4_err / R1_post [5s]
[168/224] both       post  rep=7 feas=True sel= 64 th=-0.06 th_res=+0.12 (pop +0.00) Ncz unres=-2.8 strat=+2.3 | Dz unres=+25.2 strat=+20.1 | R1_post / R3_mixed [5s]
[169/224] both       noise rep=0 feas=True sel= 67 th=+0.40 th_res=+1.20 (pop +1.00) Ncz unres=+14.3 strat=+20.8 | Dz unres=+24.5 strat=+16.9 | R3_mixed / R3_mixed [5s]
[170/224] both       noise rep=1 feas=True sel= 57 th=+0.42 th_res=+1.06 (pop +1.00) Ncz unres=+16.1 strat=+20.5 | Dz unres=+22.4 strat=+18.0 | R3_mixed / R3_mixed [5s]
[171/224] both       noise rep=2 feas=True sel= 67 th=+0.48 th_res=+1.14 (pop +1.00) Ncz unres=+17.7 strat=+22.6 | Dz unres=+24.7 strat=+18.9 | R3_mixed / R3_mixed [5s]
[172/224] both       noise rep=3 feas=True sel= 54 th=+0.52 th_res=+1.15 (pop +1.00) Ncz unres=+17.6 strat=+20.3 | Dz unres=+21.1 strat=+16.7 | R2_noise_compatible / R2_noise_compatible [5s]
[173/224] both       noise rep=4 feas=True sel= 50 th=+0.45 th_res=+1.04 (pop +1.00) Ncz unres=+15.5 strat=+19.1 | Dz unres=+20.2 strat=+15.8 | R3_mixed / R3_mixed [5s]
[174/224] both       noise rep=5 feas=True sel= 60 th=+0.44 th_res=+1.14 (pop +1.00) Ncz unres=+17.2 strat=+20.5 | Dz unres=+21.9 strat=+16.9 | R3_mixed / R3_mixed [4s]
[175/224] both       noise rep=6 feas=True sel= 58 th=+0.46 th_res=+1.18 (pop +1.00) Ncz unres=+15.2 strat=+24.1 | Dz unres=+20.8 strat=+16.9 | R3_mixed / R3_mixed [4s]
[176/224] both       noise rep=7 feas=True sel= 60 th=+0.44 th_res=+1.24 (pop +1.00) Ncz unres=+17.2 strat=+20.9 | Dz unres=+21.5 strat=+17.8 | R3_mixed / R3_mixed [4s]
[177/224] both       err   rep=0 feas=False sel= 76 th=-0.72 th_res=-0.97 (pop -1.00) Ncz unres=-25.7 strat=-24.1 | Dz unres=+23.0 strat=+17.6 | R4_err / R4_err [4s]
[178/224] both       err   rep=1 feas=False sel= 89 th=-0.72 th_res=-1.14 (pop -1.00) Ncz unres=-28.4 strat=-23.3 | Dz unres=+24.9 strat=+16.7 | R4_err / R4_err [4s]
[179/224] both       err   rep=2 feas=False sel= 90 th=-0.74 th_res=-1.03 (pop -1.00) Ncz unres=-24.6 strat=-22.4 | Dz unres=+23.7 strat=+16.7 | R4_err / R4_err [5s]
[180/224] both       err   rep=3 feas=False sel= 89 th=-0.61 th_res=-0.85 (pop -1.00) Ncz unres=-23.3 strat=-19.8 | Dz unres=+24.8 strat=+20.6 | R4_err / R4_err [4s]
[181/224] both       err   rep=4 feas=False sel= 88 th=-0.71 th_res=-0.98 (pop -1.00) Ncz unres=-26.4 strat=-19.6 | Dz unres=+23.5 strat=+16.9 | R4_err / R4_err [5s]
[182/224] both       err   rep=5 feas=False sel= 78 th=-0.61 th_res=-0.97 (pop -1.00) Ncz unres=-23.3 strat=-19.6 | Dz unres=+23.4 strat=+17.5 | R4_err / R4_err [5s]
[183/224] both       err   rep=6 feas=False sel= 79 th=-0.64 th_res=-0.92 (pop -1.00) Ncz unres=-22.3 strat=-20.8 | Dz unres=+23.0 strat=+19.7 | R4_err / R4_err [5s]
[184/224] both       err   rep=7 feas=False sel= 75 th=-0.61 th_res=-0.89 (pop -1.00) Ncz unres=-23.2 strat=-18.7 | Dz unres=+22.2 strat=+18.8 | R4_err / R4_err [4s]
[185/224] both       mix   rep=0 feas=True sel= 73 th=+0.09 th_res=+0.36 (pop +0.30) Ncz unres=+5.2 strat=+11.0 | Dz unres=+30.1 strat=+21.3 | R3_mixed / R3_mixed [4s]
[186/224] both       mix   rep=1 feas=True sel= 68 th=+0.06 th_res=+0.35 (pop +0.30) Ncz unres=+3.0 strat=+8.0 | Dz unres=+27.9 strat=+20.9 | R3_mixed / R3_mixed [4s]
[187/224] both       mix   rep=2 feas=True sel= 67 th=+0.13 th_res=+0.41 (pop +0.30) Ncz unres=+6.8 strat=+10.6 | Dz unres=+23.7 strat=+18.6 | R3_mixed / R3_mixed [5s]
[188/224] both       mix   rep=3 feas=True sel= 75 th=+0.11 th_res=+0.45 (pop +0.30) Ncz unres=+5.0 strat=+9.7 | Dz unres=+25.5 strat=+19.8 | R3_mixed / R3_mixed [5s]
[189/224] both       mix   rep=4 feas=True sel= 64 th=+0.11 th_res=+0.35 (pop +0.30) Ncz unres=+5.0 strat=+9.2 | Dz unres=+24.3 strat=+21.3 | R3_mixed / R3_mixed [5s]
[190/224] both       mix   rep=5 feas=True sel= 63 th=+0.11 th_res=+0.47 (pop +0.30) Ncz unres=+4.8 strat=+9.5 | Dz unres=+24.2 strat=+19.4 | R3_mixed / R3_mixed [5s]
[191/224] both       mix   rep=6 feas=True sel= 70 th=+0.12 th_res=+0.32 (pop +0.30) Ncz unres=+5.9 strat=+10.4 | Dz unres=+27.3 strat=+20.5 | R3_mixed / R3_mixed [5s]
[192/224] both       mix   rep=7 feas=True sel= 66 th=+0.09 th_res=+0.38 (pop +0.30) Ncz unres=+4.5 strat=+9.4 | Dz unres=+27.5 strat=+21.3 | R3_mixed / R3_mixed [5s]
[193/224] accrualX   post  rep=0 feas=True sel= 53 th=+0.11 th_res=-0.09 (pop +0.00) Ncz unres=+4.8 strat=-0.6 | Dz unres=+21.8 strat=+19.9 | R3_mixed / R1_post [5s]
[194/224] accrualX   post  rep=1 feas=True sel= 51 th=+0.15 th_res=-0.04 (pop +0.00) Ncz unres=+6.3 strat=+1.5 | Dz unres=+23.8 strat=+20.5 | R3_mixed / R1_post [5s]
[195/224] accrualX   post  rep=2 feas=True sel= 76 th=+0.12 th_res=-0.09 (pop +0.00) Ncz unres=+6.2 strat=-0.6 | Dz unres=+27.9 strat=+24.6 | R3_mixed / R1_post [5s]
[196/224] accrualX   post  rep=3 feas=True sel= 52 th=+0.08 th_res=-0.08 (pop +0.00) Ncz unres=+3.4 strat=-1.5 | Dz unres=+21.1 strat=+19.4 | R3_mixed / R1_post [5s]
[197/224] accrualX   post  rep=4 feas=True sel= 68 th=+0.07 th_res=-0.10 (pop +0.00) Ncz unres=+3.6 strat=-2.3 | Dz unres=+27.6 strat=+21.4 | R3_mixed / R1_post [5s]
[198/224] accrualX   post  rep=5 feas=True sel= 47 th=+0.12 th_res=-0.05 (pop +0.00) Ncz unres=+4.8 strat=-0.1 | Dz unres=+20.7 strat=+19.7 | R3_mixed / R1_post [5s]
[199/224] accrualX   post  rep=6 feas=True sel= 73 th=+0.12 th_res=-0.09 (pop +0.00) Ncz unres=+5.7 strat=-0.4 | Dz unres=+28.2 strat=+23.5 | R3_mixed / R1_post [5s]
[200/224] accrualX   post  rep=7 feas=True sel= 68 th=+0.11 th_res=-0.06 (pop +0.00) Ncz unres=+5.4 strat=-0.1 | Dz unres=+25.0 strat=+22.9 | R3_mixed / R1_post [5s]
[201/224] accrualX   noise rep=0 feas=True sel=117 th=+0.85 th_res=+0.86 (pop +1.00) Ncz unres=+32.6 strat=+19.1 | Dz unres=+25.0 strat=+18.5 | R2_noise_compatible / R2_noise_compatible [5s]
[202/224] accrualX   noise rep=1 feas=True sel=126 th=+0.99 th_res=+1.09 (pop +1.00) Ncz unres=+32.4 strat=+22.3 | Dz unres=+26.2 strat=+18.3 | R2_noise_compatible / R2_noise_compatible [4s]
[203/224] accrualX   noise rep=2 feas=True sel=104 th=+0.86 th_res=+0.85 (pop +1.00) Ncz unres=+27.8 strat=+22.9 | Dz unres=+22.3 strat=+17.4 | R2_noise_compatible / R2_noise_compatible [4s]
[204/224] accrualX   noise rep=3 feas=True sel=110 th=+0.75 th_res=+0.79 (pop +1.00) Ncz unres=+29.9 strat=+23.1 | Dz unres=+24.6 strat=+20.1 | R2_noise_compatible / R2_noise_compatible [4s]
[205/224] accrualX   noise rep=4 feas=True sel=114 th=+0.78 th_res=+0.72 (pop +1.00) Ncz unres=+29.6 strat=+22.1 | Dz unres=+25.8 strat=+18.4 | R2_noise_compatible / R2_noise_compatible [5s]
[206/224] accrualX   noise rep=5 feas=True sel=122 th=+0.80 th_res=+0.76 (pop +1.00) Ncz unres=+31.6 strat=+20.2 | Dz unres=+26.4 strat=+18.4 | R2_noise_compatible / R2_noise_compatible [4s]
[207/224] accrualX   noise rep=6 feas=True sel=124 th=+0.91 th_res=+0.86 (pop +1.00) Ncz unres=+32.0 strat=+22.0 | Dz unres=+25.7 strat=+19.1 | R2_noise_compatible / R2_noise_compatible [4s]
[208/224] accrualX   noise rep=7 feas=True sel=133 th=+0.95 th_res=+0.94 (pop +1.00) Ncz unres=+32.2 strat=+24.3 | Dz unres=+25.6 strat=+19.7 | R2_noise_compatible / R2_noise_compatible [5s]
[209/224] accrualX   err   rep=0 feas=False sel=108 th=-0.52 th_res=-1.02 (pop -1.00) Ncz unres=-18.9 strat=-27.9 | Dz unres=+26.9 strat=+23.4 | R4_err / R4_err [4s]
[210/224] accrualX   err   rep=1 feas=False sel=122 th=-0.56 th_res=-1.05 (pop -1.00) Ncz unres=-20.9 strat=-27.5 | Dz unres=+29.1 strat=+25.8 | R4_err / R4_err [5s]
[211/224] accrualX   err   rep=2 feas=False sel=103 th=-0.63 th_res=-1.06 (pop -1.00) Ncz unres=-20.3 strat=-23.3 | Dz unres=+25.0 strat=+20.7 | R4_err / R4_err [5s]
[212/224] accrualX   err   rep=3 feas=False sel=104 th=-0.58 th_res=-1.12 (pop -1.00) Ncz unres=-21.3 strat=-23.2 | Dz unres=+26.2 strat=+21.0 | R4_err / R4_err [4s]
[213/224] accrualX   err   rep=4 feas=False sel=105 th=-0.59 th_res=-1.03 (pop -1.00) Ncz unres=-21.0 strat=-25.4 | Dz unres=+27.9 strat=+21.3 | R4_err / R4_err [4s]
[214/224] accrualX   err   rep=5 feas=False sel=114 th=-0.54 th_res=-1.03 (pop -1.00) Ncz unres=-19.2 strat=-27.2 | Dz unres=+30.0 strat=+22.7 | R4_err / R4_err [5s]
[215/224] accrualX   err   rep=6 feas=False sel=103 th=-0.55 th_res=-1.16 (pop -1.00) Ncz unres=-18.8 strat=-24.7 | Dz unres=+26.8 strat=+21.5 | R4_err / R4_err [5s]
[216/224] accrualX   err   rep=7 feas=False sel=110 th=-0.64 th_res=-1.14 (pop -1.00) Ncz unres=-21.1 strat=-28.4 | Dz unres=+24.6 strat=+21.5 | R4_err / R4_err [4s]
[217/224] accrualX   mix   rep=0 feas=True sel= 96 th=+0.37 th_res=+0.19 (pop +0.30) Ncz unres=+20.5 strat=+11.5 | Dz unres=+29.7 strat=+21.8 | R3_mixed / R3_mixed [4s]
[218/224] accrualX   mix   rep=1 feas=True sel=104 th=+0.39 th_res=+0.13 (pop +0.30) Ncz unres=+20.2 strat=+12.9 | Dz unres=+29.9 strat=+21.9 | R3_mixed / R3_mixed [4s]
[219/224] accrualX   mix   rep=2 feas=True sel= 89 th=+0.37 th_res=+0.18 (pop +0.30) Ncz unres=+17.9 strat=+11.1 | Dz unres=+26.7 strat=+20.6 | R3_mixed / R3_mixed [5s]
[220/224] accrualX   mix   rep=3 feas=True sel=102 th=+0.39 th_res=+0.17 (pop +0.30) Ncz unres=+18.8 strat=+12.8 | Dz unres=+30.5 strat=+23.9 | R3_mixed / R3_mixed [4s]
[221/224] accrualX   mix   rep=4 feas=True sel= 88 th=+0.38 th_res=+0.18 (pop +0.30) Ncz unres=+18.3 strat=+12.1 | Dz unres=+28.1 strat=+23.3 | R3_mixed / R3_mixed [4s]
[222/224] accrualX   mix   rep=5 feas=True sel=108 th=+0.36 th_res=+0.16 (pop +0.30) Ncz unres=+20.2 strat=+15.1 | Dz unres=+30.7 strat=+25.7 | R3_mixed / R3_mixed [5s]
[223/224] accrualX   mix   rep=6 feas=True sel= 95 th=+0.41 th_res=+0.16 (pop +0.30) Ncz unres=+19.1 strat=+12.3 | Dz unres=+27.8 strat=+22.0 | R3_mixed / R3_mixed [5s]
[224/224] accrualX   mix   rep=7 feas=True sel= 98 th=+0.39 th_res=+0.18 (pop +0.30) Ncz unres=+21.3 strat=+13.5 | Dz unres=+32.0 strat=+24.0 | R3_mixed / R3_mixed [5s]
wrote sim_batchnull.csv (224 rows, 1048s)
