Sender: LSF System <lsfadmin@s003>
Subject: Job 75742041: <DX_EMB_DIR=/public/home/fjhui/ZW/cptac2_brca/emb_phikon_dense bash /public/home/fjhui/ZW/scripts_ts_arm/lsf_cptac2_ts_residual.sh dx> in cluster <hzauhpc> Done

Job <DX_EMB_DIR=/public/home/fjhui/ZW/cptac2_brca/emb_phikon_dense bash /public/home/fjhui/ZW/scripts_ts_arm/lsf_cptac2_ts_residual.sh dx> was submitted from host <mn02> by user <fjhui> in cluster <hzauhpc> at Fri Oct  9 17:56:13 2026
Job was executed on host(s) <s003>, in queue <smp>, as user <fjhui> in cluster <hzauhpc> at Fri Oct  9 17:56:13 2026
</public/home/fjhui> was used as the home directory.
</public/home/fjhui/ZW/scripts> was used as the working directory.
Started at Fri Oct  9 17:56:13 2026
Terminated at Fri Oct  9 22:07:18 2026
Results reported at Fri Oct  9 22:07:18 2026

Your job looked like:

------------------------------------------------------------
# LSBATCH: User input
DX_EMB_DIR=/public/home/fjhui/ZW/cptac2_brca/emb_phikon_dense bash /public/home/fjhui/ZW/scripts_ts_arm/lsf_cptac2_ts_residual.sh dx
------------------------------------------------------------

Successfully completed.

Resource usage summary:

    CPU time :                                   14859.65 sec.
    Max Memory :                                 1057 MB
    Average Memory :                             889.64 MB
    Total Requested Memory :                     10000.00 MB
    Delta Memory :                               8943.00 MB
    Max Swap :                                   -
    Max Processes :                              4
    Max Threads :                                6
    Run time :                                   15064 sec.
    Turnaround time :                            15065 sec.

The output (if any) follows:

=== resid start: arm=dx host=s003 date=2026-10-09T09:56:13Z args= ===
dx embeddings: /public/home/fjhui/ZW/cptac2_brca/emb_phikon_dense (107 .pt)
[TCGA-BRCA] slide-type=dx pool=slide EMB=/public/home/fjhui/ZW/cptac2_brca/emb_phikon_dense OUT=/public/home/fjhui/ZW/cptac2_brca/results_dx_repro
[TCGA-BRCA] cases: protein 108, rna 102, wsi 102, common 102
[TCGA-BRCA] testing 10369 proteins present in RNA -- this is a multi-hour CPU job, progress prints every 200 genes
  [400/10369] ...
  [600/10369] ...
  [800/10369] ...
  [1000/10369] ...
  [1200/10369] ...
  [1400/10369] ...
  [1600/10369] ...
  [1800/10369] ...
  [2000/10369] ...
  [2200/10369] ...
  [2400/10369] ...
  [2600/10369] ...
  [2800/10369] ...
  [3000/10369] ...
  [3200/10369] ...
  [3400/10369] ...
  [3600/10369] ...
  [3800/10369] ...
  [4000/10369] ...
  [4200/10369] ...
  [4400/10369] ...
  [4600/10369] ...
  [4800/10369] ...
  [5000/10369] ...
  [5200/10369] ...
  [5600/10369] ...
  [5800/10369] ...
  [6000/10369] ...
  [6200/10369] ...
  [6400/10369] ...
  [6600/10369] ...
  [6800/10369] ...
  [7000/10369] ...
  [7200/10369] ...
  [7400/10369] ...
  [7600/10369] ...
  [7800/10369] ...
  [8000/10369] ...
  [8200/10369] ...
  [8400/10369] ...
  [8600/10369] ...
  [8800/10369] ...
  [9000/10369] ...
  [9200/10369] ...
  [9400/10369] ...
  [9600/10369] ...
  [9800/10369] ...
  [10000/10369] ...
  [10200/10369] ...
[TCGA-BRCA] increment matrix 10031 genes x 1001 -> /public/home/fjhui/ZW/cptac2_brca/results_dx_repro/brca_incr_matrix.npz

==================== CPTAC-2 MS EXTERNAL TEST TCGA-BRCA ====================
 project: TCGA-BRCA
 n_cases: 102
 tested: 10031
 significant: 0
 pct_sig: 0.00
 median_incr_sig: nan
 negative_frac_all: 0.99
 -> /public/home/fjhui/ZW/cptac2_brca/results_dx_repro/brca_protein_results.csv , summary_brca.csv
 next: python cptac2_enrichment.py TCGA-BRCA
=== resid end: arm=dx rc=0 date=2026-10-09T14:07:17Z ===


PS:

Read file </public/home/fjhui/ZW/cptac2_brca/dx_repro.err> for stderr output of this job.

