Sender: LSF System <lsfadmin@gpu02>
Subject: Job 75737719: <bash /public/home/fjhui/ZW/scripts_ts_arm/lsf_cptac2_ts_extract.sh 1/2> in cluster <hzauhpc> Done

Job <bash /public/home/fjhui/ZW/scripts_ts_arm/lsf_cptac2_ts_extract.sh 1/2> was submitted from host <mn02> by user <fjhui> in cluster <hzauhpc> at Thu Oct  8 09:25:19 2026
Job was executed on host(s) <gpu02>, in queue <interactive>, as user <fjhui> in cluster <hzauhpc> at Thu Oct  8 09:25:21 2026
</public/home/fjhui> was used as the home directory.
</public/home/fjhui/ZW/cptac2_brca/slides_ts> was used as the working directory.
Started at Thu Oct  8 09:25:21 2026
Terminated at Thu Oct  8 13:21:20 2026
Results reported at Thu Oct  8 13:21:20 2026

Your job looked like:

------------------------------------------------------------
# LSBATCH: User input
bash /public/home/fjhui/ZW/scripts_ts_arm/lsf_cptac2_ts_extract.sh 1/2
------------------------------------------------------------

Successfully completed.

Resource usage summary:

    CPU time :                                   13973.61 sec.
    Max Memory :                                 920 MB
    Average Memory :                             775.93 MB
    Total Requested Memory :                     -
    Delta Memory :                               -
    Max Swap :                                   2 MB
    Max Processes :                              4
    Max Threads :                                10
    Run time :                                   14160 sec.
    Turnaround time :                            14161 sec.

The output (if any) follows:

=== job start: host=gpu02 date=Thu Oct  8 09:25:21 CST 2026 shard=1/2 args= ===
GPU 0: NVIDIA L20 (UUID: GPU-0de280e4-0c4c-247e-ae0a-01f5358536b7)
device=cuda
manifest /public/home/fjhui/ZW/cptac2_brca/manifest_brca_ts_slides.txt: 189 listed, 189 present, 0 present-but-unlisted (ignored), 0 listed-but-missing
found 94 slides under /public/home/fjhui/ZW/cptac2_brca/slides_ts shard 1/2
[1/94] skip (done): TCGA-A2-A0CM-01A-03-TSC.7f2cc1ed-793e-4717-92fd-da1aa4424aed
[2/94] embedding TCGA-A2-A0D0-01A-01-TSA.231084a7-765a-481e-9e40-2c9b131b38ea ...
  saved 8831 tiles x 768d -> /public/home/fjhui/ZW/cptac2_brca/emb_phikon_ts/TCGA-A2-A0D0-01A-01-TSA.231084a7-765a-481e-9e40-2c9b131b38ea.pt
[3/94] embedding TCGA-A2-A0EQ-01A-01-TSA.c64d0ac8-9849-47c7-86e1-2e2037b02422 ...
  saved 18616 tiles x 768d -> /public/home/fjhui/ZW/cptac2_brca/emb_phikon_ts/TCGA-A2-A0EQ-01A-01-TSA.c64d0ac8-9849-47c7-86e1-2e2037b02422.pt
[4/94] embedding TCGA-A2-A0EV-01A-01-TSA.49658afd-55bd-4adb-a3c2-06a4e633efc5 ...
  saved 9936 tiles x 768d -> /public/home/fjhui/ZW/cptac2_brca/emb_phikon_ts/TCGA-A2-A0EV-01A-01-TSA.49658afd-55bd-4adb-a3c2-06a4e633efc5.pt
[5/94] embedding TCGA-A2-A0EX-01A-02-TSB.8880934b-a491-492b-b6bc-32b50276ba99 ...
  saved 8437 tiles x 768d -> /public/home/fjhui/ZW/cptac2_brca/emb_phikon_ts/TCGA-A2-A0EX-01A-02-TSB.8880934b-a491-492b-b6bc-32b50276ba99.pt
[6/94] embedding TCGA-A2-A0EY-01A-01-TSA.b3cf2e58-b037-4496-b85e-6fefe2d42e01 ...
  saved 4457 tiles x 768d -> /public/home/fjhui/ZW/cptac2_brca/emb_phikon_ts/TCGA-A2-A0EY-01A-01-TSA.b3cf2e58-b037-4496-b85e-6fefe2d42e01.pt
[7/94] embedding TCGA-A2-A0SW-01A-01-TSA.dff06b29-6dfc-4d17-8b78-0ef50f9aa985 ...
  saved 6643 tiles x 768d -> /public/home/fjhui/ZW/cptac2_brca/emb_phikon_ts/TCGA-A2-A0SW-01A-01-TSA.dff06b29-6dfc-4d17-8b78-0ef50f9aa985.pt
[8/94] embedding TCGA-A2-A0SX-01A-01-TSA.3830b6f0-c05a-4d09-a1bc-c7018bc5e458 ...
  saved 14409 tiles x 768d -> /public/home/fjhui/ZW/cptac2_brca/emb_phikon_ts/TCGA-A2-A0SX-01A-01-TSA.3830b6f0-c05a-4d09-a1bc-c7018bc5e458.pt
[9/94] embedding TCGA-A2-A0T1-01A-02-TSB.63e971bf-39ec-41c9-986e-a1937437dea8 ...
  saved 5732 tiles x 768d -> /public/home/fjhui/ZW/cptac2_brca/emb_phikon_ts/TCGA-A2-A0T1-01A-02-TSB.63e971bf-39ec-41c9-986e-a1937437dea8.pt
[10/94] embedding TCGA-A2-A0T2-01A-01-TSA.8595967b-5bf7-447f-9310-10b53a1c1dfa ...
  saved 8642 tiles x 768d -> /public/home/fjhui/ZW/cptac2_brca/emb_phikon_ts/TCGA-A2-A0T2-01A-01-TSA.8595967b-5bf7-447f-9310-10b53a1c1dfa.pt
[11/94] embedding TCGA-A2-A0T3-01A-02-TSB.5833680c-4d57-4657-acd7-879e52cfd8c4 ...
  saved 17363 tiles x 768d -> /public/home/fjhui/ZW/cptac2_brca/emb_phikon_ts/TCGA-A2-A0T3-01A-02-TSB.5833680c-4d57-4657-acd7-879e52cfd8c4.pt
[12/94] embedding TCGA-A2-A0T6-01A-01-TSA.a91e20c4-e88b-4f25-a691-1ed38fbca876 ...
  saved 7699 tiles x 768d -> /public/home/fjhui/ZW/cptac2_brca/emb_phikon_ts/TCGA-A2-A0T6-01A-01-TSA.a91e20c4-e88b-4f25-a691-1ed38fbca876.pt
[13/94] embedding TCGA-A2-A0T7-01A-02-TSB.d37d2184-6f53-4c98-88fd-aa854fd50700 ...
  saved 13042 tiles x 768d -> /public/home/fjhui/ZW/cptac2_brca/emb_phikon_ts/TCGA-A2-A0T7-01A-02-TSB.d37d2184-6f53-4c98-88fd-aa854fd50700.pt
[14/94] embedding TCGA-A2-A0YC-01A-01-TSA.dfb0f795-b54a-44fd-8ddd-105ac7c51d35 ...
  saved 6757 tiles x 768d -> /public/home/fjhui/ZW/cptac2_brca/emb_phikon_ts/TCGA-A2-A0YC-01A-01-TSA.dfb0f795-b54a-44fd-8ddd-105ac7c51d35.pt
[15/94] embedding TCGA-A2-A0YD-01A-01-TSA.7cbd1fbb-d5dd-4bc1-94fc-acff71e2b6c9 ...
  saved 7033 tiles x 768d -> /public/home/fjhui/ZW/cptac2_brca/emb_phikon_ts/TCGA-A2-A0YD-01A-01-TSA.7cbd1fbb-d5dd-4bc1-94fc-acff71e2b6c9.pt
[16/94] embedding TCGA-A2-A0YF-01A-02-TSB.65b05e09-46e2-47f8-8ef6-ccc5914752c5 ...
  saved 10286 tiles x 768d -> /public/home/fjhui/ZW/cptac2_brca/emb_phikon_ts/TCGA-A2-A0YF-01A-02-TSB.65b05e09-46e2-47f8-8ef6-ccc5914752c5.pt
[17/94] embedding TCGA-A2-A0YG-01A-02-TSB.8bd4f37a-7944-4379-910c-621a80229783 ...
  saved 11656 tiles x 768d -> /public/home/fjhui/ZW/cptac2_brca/emb_phikon_ts/TCGA-A2-A0YG-01A-02-TSB.8bd4f37a-7944-4379-910c-621a80229783.pt
[18/94] embedding TCGA-A2-A0YI-01A-03-TSC.315f5bb4-4ef4-471e-b5b4-ae73a6038c20 ...
  saved 7198 tiles x 768d -> /public/home/fjhui/ZW/cptac2_brca/emb_phikon_ts/TCGA-A2-A0YI-01A-03-TSC.315f5bb4-4ef4-471e-b5b4-ae73a6038c20.pt
[19/94] embedding TCGA-A2-A0YL-01A-02-TSB.12b73a8a-ac2d-4cd5-b8c2-de8fd1357dea ...
  saved 4060 tiles x 768d -> /public/home/fjhui/ZW/cptac2_brca/emb_phikon_ts/TCGA-A2-A0YL-01A-02-TSB.12b73a8a-ac2d-4cd5-b8c2-de8fd1357dea.pt
[20/94] embedding TCGA-A2-A0YM-01A-01-TSA.af2a6b3d-dbf4-4323-aebe-d8b95053fff3 ...
  saved 9501 tiles x 768d -> /public/home/fjhui/ZW/cptac2_brca/emb_phikon_ts/TCGA-A2-A0YM-01A-01-TSA.af2a6b3d-dbf4-4323-aebe-d8b95053fff3.pt
[21/94] embedding TCGA-A7-A0CD-01A-01-TSA.8966c3d7-c0d2-47a4-badf-df9412a1e5f0 ...
  saved 28749 tiles x 768d -> /public/home/fjhui/ZW/cptac2_brca/emb_phikon_ts/TCGA-A7-A0CD-01A-01-TSA.8966c3d7-c0d2-47a4-badf-df9412a1e5f0.pt
[22/94] embedding TCGA-A7-A0CE-01A-01-TS1.3025a9c8-a7e4-4048-bcf0-a28720c0f96b ...
  saved 18698 tiles x 768d -> /public/home/fjhui/ZW/cptac2_brca/emb_phikon_ts/TCGA-A7-A0CE-01A-01-TS1.3025a9c8-a7e4-4048-bcf0-a28720c0f96b.pt
[23/94] embedding TCGA-A7-A0CJ-01A-02-TSB.e090ba35-b5b7-469f-a267-8c8c68bc2c2b ...
  saved 9554 tiles x 768d -> /public/home/fjhui/ZW/cptac2_brca/emb_phikon_ts/TCGA-A7-A0CJ-01A-02-TSB.e090ba35-b5b7-469f-a267-8c8c68bc2c2b.pt
[24/94] embedding TCGA-A7-A13F-01A-01-TS1.6e5cfefb-e31f-447e-b8cf-d3d5294d3421 ...
  saved 11602 tiles x 768d -> /public/home/fjhui/ZW/cptac2_brca/emb_phikon_ts/TCGA-A7-A13F-01A-01-TS1.6e5cfefb-e31f-447e-b8cf-d3d5294d3421.pt
[25/94] embedding TCGA-A8-A06N-01A-01-TS1.0e8d431f-4df4-4e2e-a8d2-3febb0f1beb9 ...
  saved 15110 tiles x 768d -> /public/home/fjhui/ZW/cptac2_brca/emb_phikon_ts/TCGA-A8-A06N-01A-01-TS1.0e8d431f-4df4-4e2e-a8d2-3febb0f1beb9.pt
[26/94] embedding TCGA-A8-A06Z-01A-01-TS1.7bbdf988-c2f4-4c2a-975d-249efe34d802 ...
  saved 5974 tiles x 768d -> /public/home/fjhui/ZW/cptac2_brca/emb_phikon_ts/TCGA-A8-A06Z-01A-01-TS1.7bbdf988-c2f4-4c2a-975d-249efe34d802.pt
[27/94] embedding TCGA-A8-A076-01A-02-TSB.6a8058db-d92b-4a26-8b84-5ccd4cb198e3 ...
  saved 5859 tiles x 768d -> /public/home/fjhui/ZW/cptac2_brca/emb_phikon_ts/TCGA-A8-A076-01A-02-TSB.6a8058db-d92b-4a26-8b84-5ccd4cb198e3.pt
[28/94] embedding TCGA-A8-A079-01A-02-MS2.62d794d5-a44b-493b-be71-30f31bc80b9e ...
  saved 13481 tiles x 768d -> /public/home/fjhui/ZW/cptac2_brca/emb_phikon_ts/TCGA-A8-A079-01A-02-MS2.62d794d5-a44b-493b-be71-30f31bc80b9e.pt
[29/94] embedding TCGA-A8-A08G-01A-01-TS1.00c53463-683f-443f-b693-5673b3b564ff ...
  saved 6842 tiles x 768d -> /public/home/fjhui/ZW/cptac2_brca/emb_phikon_ts/TCGA-A8-A08G-01A-01-TS1.00c53463-683f-443f-b693-5673b3b564ff.pt
[30/94] embedding TCGA-A8-A08Z-01A-02-BS2.5d948ef0-cfa3-40bd-a383-ba99e6b28378 ...
  saved 24581 tiles x 768d -> /public/home/fjhui/ZW/cptac2_brca/emb_phikon_ts/TCGA-A8-A08Z-01A-02-BS2.5d948ef0-cfa3-40bd-a383-ba99e6b28378.pt
[31/94] embedding TCGA-A8-A09G-01A-02-BS2.e110bb6c-7c19-4ace-9507-14ef5714a74d ...
  saved 8733 tiles x 768d -> /public/home/fjhui/ZW/cptac2_brca/emb_phikon_ts/TCGA-A8-A09G-01A-02-BS2.e110bb6c-7c19-4ace-9507-14ef5714a74d.pt
[32/94] embedding TCGA-A8-A09I-01A-02-BS2.ca9aacf2-573b-4af2-bc50-5213526eb3a3 ...
  saved 6951 tiles x 768d -> /public/home/fjhui/ZW/cptac2_brca/emb_phikon_ts/TCGA-A8-A09I-01A-02-BS2.ca9aacf2-573b-4af2-bc50-5213526eb3a3.pt
[33/94] embedding TCGA-AN-A0AJ-01A-01-TSA.c21f9dd1-b47c-406f-9ad6-6969bd6f3246 ...
  saved 6657 tiles x 768d -> /public/home/fjhui/ZW/cptac2_brca/emb_phikon_ts/TCGA-AN-A0AJ-01A-01-TSA.c21f9dd1-b47c-406f-9ad6-6969bd6f3246.pt
[34/94] embedding TCGA-AN-A0AL-01A-01-TSA.3651da9c-bdad-4944-a3ac-c5bc9754fdeb ...
  saved 10458 tiles x 768d -> /public/home/fjhui/ZW/cptac2_brca/emb_phikon_ts/TCGA-AN-A0AL-01A-01-TSA.3651da9c-bdad-4944-a3ac-c5bc9754fdeb.pt
[35/94] embedding TCGA-AN-A0AM-01A-01-TSA.63a22828-01b7-4b90-976d-7c32ccb9889d ...
  saved 15302 tiles x 768d -> /public/home/fjhui/ZW/cptac2_brca/emb_phikon_ts/TCGA-AN-A0AM-01A-01-TSA.63a22828-01b7-4b90-976d-7c32ccb9889d.pt
[36/94] embedding TCGA-AN-A0AS-01A-01-TSA.b7c27ab8-435a-4e9d-bf0a-899d7616b660 ...
  saved 9108 tiles x 768d -> /public/home/fjhui/ZW/cptac2_brca/emb_phikon_ts/TCGA-AN-A0AS-01A-01-TSA.b7c27ab8-435a-4e9d-bf0a-899d7616b660.pt
[37/94] embedding TCGA-AN-A0FK-01A-01-TSA.4cbfd31d-1a58-4ee1-8359-7fd4fc9c4cbe ...
  saved 7732 tiles x 768d -> /public/home/fjhui/ZW/cptac2_brca/emb_phikon_ts/TCGA-AN-A0FK-01A-01-TSA.4cbfd31d-1a58-4ee1-8359-7fd4fc9c4cbe.pt
[38/94] embedding TCGA-AN-A0FL-01A-01-TSA.a9270e98-40e9-45f5-935a-681708f170c9 ...
  saved 22794 tiles x 768d -> /public/home/fjhui/ZW/cptac2_brca/emb_phikon_ts/TCGA-AN-A0FL-01A-01-TSA.a9270e98-40e9-45f5-935a-681708f170c9.pt
[39/94] embedding TCGA-AO-A03O-01A-01-TS1.dbeaa688-64e0-48ce-bd9a-cfba3407bca6 ...
  saved 4890 tiles x 768d -> /public/home/fjhui/ZW/cptac2_brca/emb_phikon_ts/TCGA-AO-A03O-01A-01-TS1.dbeaa688-64e0-48ce-bd9a-cfba3407bca6.pt
[40/94] embedding TCGA-AO-A0J6-01A-01-TSA.d62f4c33-ae94-4321-b833-53663942e846 ...
  saved 23839 tiles x 768d -> /public/home/fjhui/ZW/cptac2_brca/emb_phikon_ts/TCGA-AO-A0J6-01A-01-TSA.d62f4c33-ae94-4321-b833-53663942e846.pt
[41/94] embedding TCGA-AO-A0J9-01A-01-TSA.526836e1-20e5-42a2-89b4-014a69e4838d ...
  saved 5893 tiles x 768d -> /public/home/fjhui/ZW/cptac2_brca/emb_phikon_ts/TCGA-AO-A0J9-01A-01-TSA.526836e1-20e5-42a2-89b4-014a69e4838d.pt
[42/94] embedding TCGA-AO-A0JC-01A-01-TSA.261a41f2-e0b3-4c3b-bd16-ce6a61d1454c ...
  saved 9771 tiles x 768d -> /public/home/fjhui/ZW/cptac2_brca/emb_phikon_ts/TCGA-AO-A0JC-01A-01-TSA.261a41f2-e0b3-4c3b-bd16-ce6a61d1454c.pt
[43/94] embedding TCGA-AO-A0JE-01A-01-TSA.2ade56dd-a085-472b-b92c-c7a63d7ce4ac ...
  saved 21980 tiles x 768d -> /public/home/fjhui/ZW/cptac2_brca/emb_phikon_ts/TCGA-AO-A0JE-01A-01-TSA.2ade56dd-a085-472b-b92c-c7a63d7ce4ac.pt
[44/94] embedding TCGA-AO-A0JJ-01A-01-TSA.fe4ee1f2-09e8-46a7-9c62-b20fc8042934 ...
  saved 14531 tiles x 768d -> /public/home/fjhui/ZW/cptac2_brca/emb_phikon_ts/TCGA-AO-A0JJ-01A-01-TSA.fe4ee1f2-09e8-46a7-9c62-b20fc8042934.pt
[45/94] embedding TCGA-AO-A0JL-01A-01-TSA.b6151e7a-75be-425c-b9b0-d93111659ce9 ...
  saved 7600 tiles x 768d -> /public/home/fjhui/ZW/cptac2_brca/emb_phikon_ts/TCGA-AO-A0JL-01A-01-TSA.b6151e7a-75be-425c-b9b0-d93111659ce9.pt
[46/94] embedding TCGA-AO-A0JM-01A-02-TSB.d19f822d-0237-41cb-be13-4d3023dcb507 ...
  saved 5769 tiles x 768d -> /public/home/fjhui/ZW/cptac2_brca/emb_phikon_ts/TCGA-AO-A0JM-01A-02-TSB.d19f822d-0237-41cb-be13-4d3023dcb507.pt
[47/94] embedding TCGA-AO-A126-01A-01-TSA.399484a5-e833-4acd-a73b-1fd5a684e7c1 ...
  saved 10964 tiles x 768d -> /public/home/fjhui/ZW/cptac2_brca/emb_phikon_ts/TCGA-AO-A126-01A-01-TSA.399484a5-e833-4acd-a73b-1fd5a684e7c1.pt
[48/94] embedding TCGA-AO-A12B-01A-01-TSA.635646b4-dc81-45e2-92b1-8f087abc5240 ...
  saved 5776 tiles x 768d -> /public/home/fjhui/ZW/cptac2_brca/emb_phikon_ts/TCGA-AO-A12B-01A-01-TSA.635646b4-dc81-45e2-92b1-8f087abc5240.pt
[49/94] embedding TCGA-AO-A12D-01A-01-TSA.f28ffd60-5d5f-4fec-8776-bf587f1f2496 ...
  saved 11413 tiles x 768d -> /public/home/fjhui/ZW/cptac2_brca/emb_phikon_ts/TCGA-AO-A12D-01A-01-TSA.f28ffd60-5d5f-4fec-8776-bf587f1f2496.pt
[50/94] embedding TCGA-AO-A12E-01A-01-TSA.5c7b82d0-dca5-4778-bc30-1201e08dd832 ...
  saved 9730 tiles x 768d -> /public/home/fjhui/ZW/cptac2_brca/emb_phikon_ts/TCGA-AO-A12E-01A-01-TSA.5c7b82d0-dca5-4778-bc30-1201e08dd832.pt
[51/94] embedding TCGA-AO-A12F-01A-01-TSA.6ed8979a-e4f3-42b1-950f-64908238f50b ...
  saved 4572 tiles x 768d -> /public/home/fjhui/ZW/cptac2_brca/emb_phikon_ts/TCGA-AO-A12F-01A-01-TSA.6ed8979a-e4f3-42b1-950f-64908238f50b.pt
[52/94] embedding TCGA-AR-A0TR-01A-01-TSA.c7ef8351-ef5c-44a3-bf32-d06dde6ca154 ...
  saved 8369 tiles x 768d -> /public/home/fjhui/ZW/cptac2_brca/emb_phikon_ts/TCGA-AR-A0TR-01A-01-TSA.c7ef8351-ef5c-44a3-bf32-d06dde6ca154.pt
[53/94] embedding TCGA-AR-A0TT-01A-03-TSC.6e42fa9f-569c-45cf-a316-b3d41a946f57 ...
  saved 5467 tiles x 768d -> /public/home/fjhui/ZW/cptac2_brca/emb_phikon_ts/TCGA-AR-A0TT-01A-03-TSC.6e42fa9f-569c-45cf-a316-b3d41a946f57.pt
[54/94] embedding TCGA-AR-A0TV-01A-02-TSB.9f3ece24-69a8-4d4d-9c2d-ab674faf9ee0 ...
  saved 8957 tiles x 768d -> /public/home/fjhui/ZW/cptac2_brca/emb_phikon_ts/TCGA-AR-A0TV-01A-02-TSB.9f3ece24-69a8-4d4d-9c2d-ab674faf9ee0.pt
[55/94] embedding TCGA-AR-A0TX-01A-01-TSA.4f6a2ef2-8c09-4c9a-aea9-5601722f4e4c ...
  saved 11504 tiles x 768d -> /public/home/fjhui/ZW/cptac2_brca/emb_phikon_ts/TCGA-AR-A0TX-01A-01-TSA.4f6a2ef2-8c09-4c9a-aea9-5601722f4e4c.pt
[56/94] embedding TCGA-AR-A0TY-01A-01-TSA.44dd02fc-5205-42df-ae58-0686e1355bdc ...
  saved 7329 tiles x 768d -> /public/home/fjhui/ZW/cptac2_brca/emb_phikon_ts/TCGA-AR-A0TY-01A-01-TSA.44dd02fc-5205-42df-ae58-0686e1355bdc.pt
[57/94] embedding TCGA-AR-A0U4-01A-01-TSA.e671596e-6974-40ec-8013-07cd699843d6 ...
  saved 10584 tiles x 768d -> /public/home/fjhui/ZW/cptac2_brca/emb_phikon_ts/TCGA-AR-A0U4-01A-01-TSA.e671596e-6974-40ec-8013-07cd699843d6.pt
[58/94] embedding TCGA-AR-A1AQ-01A-01-TSA.113b2018-7bb9-44bd-aa80-63eaf688b555 ...
  saved 12618 tiles x 768d -> /public/home/fjhui/ZW/cptac2_brca/emb_phikon_ts/TCGA-AR-A1AQ-01A-01-TSA.113b2018-7bb9-44bd-aa80-63eaf688b555.pt
[59/94] embedding TCGA-AR-A1AV-01A-02-TSB.8aac8e77-5af5-4958-86e8-5883c88630fb ...
  saved 5628 tiles x 768d -> /public/home/fjhui/ZW/cptac2_brca/emb_phikon_ts/TCGA-AR-A1AV-01A-02-TSB.8aac8e77-5af5-4958-86e8-5883c88630fb.pt
[60/94] embedding TCGA-BH-A0AV-01A-03-BSC.7a107632-b8d8-4b82-ab74-628fff0f10de ...
  saved 10590 tiles x 768d -> /public/home/fjhui/ZW/cptac2_brca/emb_phikon_ts/TCGA-BH-A0AV-01A-03-BSC.7a107632-b8d8-4b82-ab74-628fff0f10de.pt
[61/94] embedding TCGA-BH-A0BV-01A-01-BSA.1d27d74a-405e-4a7f-befa-6d5f7b1fa8e9 ...
  saved 28655 tiles x 768d -> /public/home/fjhui/ZW/cptac2_brca/emb_phikon_ts/TCGA-BH-A0BV-01A-01-BSA.1d27d74a-405e-4a7f-befa-6d5f7b1fa8e9.pt
[62/94] embedding TCGA-BH-A0BZ-01A-03-BSC.875682e9-3d99-4189-8ad1-f1e4e4bb7610 ...
  saved 28582 tiles x 768d -> /public/home/fjhui/ZW/cptac2_brca/emb_phikon_ts/TCGA-BH-A0BZ-01A-03-BSC.875682e9-3d99-4189-8ad1-f1e4e4bb7610.pt
[63/94] embedding TCGA-BH-A0C0-01A-02-BSB.4b112630-4214-42cb-8db9-56df1ce4c6ea ...
  saved 27994 tiles x 768d -> /public/home/fjhui/ZW/cptac2_brca/emb_phikon_ts/TCGA-BH-A0C0-01A-02-BSB.4b112630-4214-42cb-8db9-56df1ce4c6ea.pt
[64/94] embedding TCGA-BH-A0C1-01B-01-BS1.2fa43733-dfce-4806-99d1-ef0834132ff6 ...
  saved 10671 tiles x 768d -> /public/home/fjhui/ZW/cptac2_brca/emb_phikon_ts/TCGA-BH-A0C1-01B-01-BS1.2fa43733-dfce-4806-99d1-ef0834132ff6.pt
[65/94] embedding TCGA-BH-A0C7-01B-01-BSA.eff3406d-2af0-435f-8aa9-fd77dbba35dd ...
  saved 6549 tiles x 768d -> /public/home/fjhui/ZW/cptac2_brca/emb_phikon_ts/TCGA-BH-A0C7-01B-01-BSA.eff3406d-2af0-435f-8aa9-fd77dbba35dd.pt
[66/94] embedding TCGA-BH-A0DD-01A-03-BSC.c1eded57-13d8-48ff-9389-5467a8455fe6 ...
  saved 13974 tiles x 768d -> /public/home/fjhui/ZW/cptac2_brca/emb_phikon_ts/TCGA-BH-A0DD-01A-03-BSC.c1eded57-13d8-48ff-9389-5467a8455fe6.pt
[67/94] embedding TCGA-BH-A0DG-01A-02-BSB.991bb656-5e82-4698-8618-27c6a0b1616e ...
  saved 14983 tiles x 768d -> /public/home/fjhui/ZW/cptac2_brca/emb_phikon_ts/TCGA-BH-A0DG-01A-02-BSB.991bb656-5e82-4698-8618-27c6a0b1616e.pt
[68/94] embedding TCGA-BH-A0E0-01A-01-BSA.b224536e-7d49-421d-a3bb-815fc01556a9 ...
  saved 8390 tiles x 768d -> /public/home/fjhui/ZW/cptac2_brca/emb_phikon_ts/TCGA-BH-A0E0-01A-01-BSA.b224536e-7d49-421d-a3bb-815fc01556a9.pt
[69/94] embedding TCGA-BH-A0E1-01A-01-BSA.57534115-65b7-48cc-b124-13b8f3c15d48 ...
  saved 18846 tiles x 768d -> /public/home/fjhui/ZW/cptac2_brca/emb_phikon_ts/TCGA-BH-A0E1-01A-01-BSA.57534115-65b7-48cc-b124-13b8f3c15d48.pt
[70/94] embedding TCGA-BH-A0E9-01B-01-BSA.a92a2910-0c73-4abb-9c85-b1d1f7d19618 ...
  saved 9080 tiles x 768d -> /public/home/fjhui/ZW/cptac2_brca/emb_phikon_ts/TCGA-BH-A0E9-01B-01-BSA.a92a2910-0c73-4abb-9c85-b1d1f7d19618.pt
[71/94] embedding TCGA-BH-A0EE-01A-01-BSA.3b661349-b956-42ea-8872-db00f9a397f2 ...
  saved 19048 tiles x 768d -> /public/home/fjhui/ZW/cptac2_brca/emb_phikon_ts/TCGA-BH-A0EE-01A-01-BSA.3b661349-b956-42ea-8872-db00f9a397f2.pt
[72/94] embedding TCGA-BH-A0HK-01A-01-BSA.9503c4b2-4f84-4b5e-80a1-2e29605606b2 ...
  saved 6120 tiles x 768d -> /public/home/fjhui/ZW/cptac2_brca/emb_phikon_ts/TCGA-BH-A0HK-01A-01-BSA.9503c4b2-4f84-4b5e-80a1-2e29605606b2.pt
[73/94] embedding TCGA-BH-A0HP-01A-01-BSA.c795ed04-0ade-4ed8-9a8b-526b4b789838 ...
  saved 16956 tiles x 768d -> /public/home/fjhui/ZW/cptac2_brca/emb_phikon_ts/TCGA-BH-A0HP-01A-01-BSA.c795ed04-0ade-4ed8-9a8b-526b4b789838.pt
[74/94] embedding TCGA-BH-A18N-01A-01-TSA.fa28d892-c8d9-4e85-af22-24c75bb952f9 ...
  saved 8671 tiles x 768d -> /public/home/fjhui/ZW/cptac2_brca/emb_phikon_ts/TCGA-BH-A18N-01A-01-TSA.fa28d892-c8d9-4e85-af22-24c75bb952f9.pt
[75/94] embedding TCGA-BH-A18R-01A-01-TSA.d57b08ae-35a1-40ca-9a74-7ebac8c8cc53 ...
  saved 9306 tiles x 768d -> /public/home/fjhui/ZW/cptac2_brca/emb_phikon_ts/TCGA-BH-A18R-01A-01-TSA.d57b08ae-35a1-40ca-9a74-7ebac8c8cc53.pt
[76/94] embedding TCGA-BH-A18V-01A-01-TSA.c53853f8-5b57-4695-9d13-58cfd0d5819b ...
  saved 15249 tiles x 768d -> /public/home/fjhui/ZW/cptac2_brca/emb_phikon_ts/TCGA-BH-A18V-01A-01-TSA.c53853f8-5b57-4695-9d13-58cfd0d5819b.pt
[77/94] embedding TCGA-C8-A12L-01A-01-TSA.0e63ef85-144d-4827-9e61-fd54a5320ddf ...
  saved 10463 tiles x 768d -> /public/home/fjhui/ZW/cptac2_brca/emb_phikon_ts/TCGA-C8-A12L-01A-01-TSA.0e63ef85-144d-4827-9e61-fd54a5320ddf.pt
[78/94] embedding TCGA-C8-A12P-01A-01-TSA.a635ee87-3392-4ce7-93a3-87fc5680e4e9 ...
  saved 4817 tiles x 768d -> /public/home/fjhui/ZW/cptac2_brca/emb_phikon_ts/TCGA-C8-A12P-01A-01-TSA.a635ee87-3392-4ce7-93a3-87fc5680e4e9.pt
[79/94] embedding TCGA-C8-A12Q-01A-01-TSA.b3023358-4c0f-4d25-a1e6-cd23f160f901 ...
  saved 15425 tiles x 768d -> /public/home/fjhui/ZW/cptac2_brca/emb_phikon_ts/TCGA-C8-A12Q-01A-01-TSA.b3023358-4c0f-4d25-a1e6-cd23f160f901.pt
[80/94] embedding TCGA-C8-A12T-01A-01-TSA.c02a2d06-ae14-49da-9f03-5f2f296ad012 ...
  saved 13096 tiles x 768d -> /public/home/fjhui/ZW/cptac2_brca/emb_phikon_ts/TCGA-C8-A12T-01A-01-TSA.c02a2d06-ae14-49da-9f03-5f2f296ad012.pt
[81/94] embedding TCGA-C8-A12U-01A-01-TSA.46d73ab3-ab0b-4739-aabc-3a678d422419 ...
  saved 3892 tiles x 768d -> /public/home/fjhui/ZW/cptac2_brca/emb_phikon_ts/TCGA-C8-A12U-01A-01-TSA.46d73ab3-ab0b-4739-aabc-3a678d422419.pt
[82/94] embedding TCGA-C8-A12V-01A-01-TSA.e3f84baa-0829-4683-a26c-b50c7f732f4a ...
  saved 9133 tiles x 768d -> /public/home/fjhui/ZW/cptac2_brca/emb_phikon_ts/TCGA-C8-A12V-01A-01-TSA.e3f84baa-0829-4683-a26c-b50c7f732f4a.pt
[83/94] embedding TCGA-C8-A12W-01A-01-TSA.763f7b10-e613-4d9a-be67-4329e670f882 ...
  saved 28228 tiles x 768d -> /public/home/fjhui/ZW/cptac2_brca/emb_phikon_ts/TCGA-C8-A12W-01A-01-TSA.763f7b10-e613-4d9a-be67-4329e670f882.pt
[84/94] embedding TCGA-C8-A12Z-01A-01-TSA.d85a700f-8886-4b59-8ceb-d1d8e15fdd19 ...
  saved 8345 tiles x 768d -> /public/home/fjhui/ZW/cptac2_brca/emb_phikon_ts/TCGA-C8-A12Z-01A-01-TSA.d85a700f-8886-4b59-8ceb-d1d8e15fdd19.pt
[85/94] embedding TCGA-C8-A130-01A-03-TSC.251e7faa-da83-468e-ad6e-4c14768a595e ...
  saved 9750 tiles x 768d -> /public/home/fjhui/ZW/cptac2_brca/emb_phikon_ts/TCGA-C8-A130-01A-03-TSC.251e7faa-da83-468e-ad6e-4c14768a595e.pt
[86/94] embedding TCGA-C8-A131-01A-01-TSA.accbe649-9fc6-4f5b-b001-a27366ac9024 ...
  saved 11466 tiles x 768d -> /public/home/fjhui/ZW/cptac2_brca/emb_phikon_ts/TCGA-C8-A131-01A-01-TSA.accbe649-9fc6-4f5b-b001-a27366ac9024.pt
[87/94] embedding TCGA-C8-A134-01A-01-TSA.76591f60-9e71-495f-beca-e4b91ef3dd68 ...
  saved 4909 tiles x 768d -> /public/home/fjhui/ZW/cptac2_brca/emb_phikon_ts/TCGA-C8-A134-01A-01-TSA.76591f60-9e71-495f-beca-e4b91ef3dd68.pt
[88/94] embedding TCGA-C8-A135-01A-01-TSA.c03f75de-8d25-4f74-8ca4-498db35d5df9 ...
  saved 16333 tiles x 768d -> /public/home/fjhui/ZW/cptac2_brca/emb_phikon_ts/TCGA-C8-A135-01A-01-TSA.c03f75de-8d25-4f74-8ca4-498db35d5df9.pt
[89/94] embedding TCGA-C8-A138-01A-01-TSA.51e98f1b-b02a-4c46-92d4-73bc15a006d0 ...
  saved 4017 tiles x 768d -> /public/home/fjhui/ZW/cptac2_brca/emb_phikon_ts/TCGA-C8-A138-01A-01-TSA.51e98f1b-b02a-4c46-92d4-73bc15a006d0.pt
[90/94] embedding TCGA-D8-A13Y-01A-01-TSA.3b97c805-0681-4e8d-9dd9-f24a9c2bb4cd ...
  saved 7794 tiles x 768d -> /public/home/fjhui/ZW/cptac2_brca/emb_phikon_ts/TCGA-D8-A13Y-01A-01-TSA.3b97c805-0681-4e8d-9dd9-f24a9c2bb4cd.pt
[91/94] embedding TCGA-D8-A142-01A-01-TS1.c9a5ce5f-59a8-4e02-8168-269ec044dbd9 ...
  saved 20836 tiles x 768d -> /public/home/fjhui/ZW/cptac2_brca/emb_phikon_ts/TCGA-D8-A142-01A-01-TS1.c9a5ce5f-59a8-4e02-8168-269ec044dbd9.pt
[92/94] embedding TCGA-E2-A10A-01A-02-TSB.36e0494e-10c5-4b95-a77c-d8dbe2532135 ...
  saved 7115 tiles x 768d -> /public/home/fjhui/ZW/cptac2_brca/emb_phikon_ts/TCGA-E2-A10A-01A-02-TSB.36e0494e-10c5-4b95-a77c-d8dbe2532135.pt
[93/94] embedding TCGA-E2-A154-01A-01-TS1.49b5b0d1-36eb-486f-bcf2-e575ac4764bd ...
  saved 8966 tiles x 768d -> /public/home/fjhui/ZW/cptac2_brca/emb_phikon_ts/TCGA-E2-A154-01A-01-TS1.49b5b0d1-36eb-486f-bcf2-e575ac4764bd.pt
[94/94] embedding TCGA-E2-A159-01A-01-TSA.257b9eec-d799-4545-bae4-b279258bba63 ...
  saved 11712 tiles x 768d -> /public/home/fjhui/ZW/cptac2_brca/emb_phikon_ts/TCGA-E2-A159-01A-01-TSA.257b9eec-d799-4545-bae4-b279258bba63.pt

done. ok=94 fail=0 out_dir=/public/home/fjhui/ZW/cptac2_brca/emb_phikon_ts
=== job end rc=0 date=Thu Oct  8 13:21:19 CST 2026 ===


PS:

Read file </public/home/fjhui/ZW/cptac2_brca/ts_ext1.err> for stderr output of this job.

