Sender: LSF System <lsfadmin@gpu02>
Subject: Job 75737718: <bash /public/home/fjhui/ZW/scripts_ts_arm/lsf_cptac2_ts_extract.sh 0/2> in cluster <hzauhpc> Done

Job <bash /public/home/fjhui/ZW/scripts_ts_arm/lsf_cptac2_ts_extract.sh 0/2> was submitted from host <mn02> by user <fjhui> in cluster <hzauhpc> at Thu Oct  8 09:25:19 2026
Job was executed on host(s) <gpu02>, in queue <interactive>, as user <fjhui> in cluster <hzauhpc> at Thu Oct  8 09:25:20 2026
</public/home/fjhui> was used as the home directory.
</public/home/fjhui/ZW/cptac2_brca/slides_ts> was used as the working directory.
Started at Thu Oct  8 09:25:20 2026
Terminated at Thu Oct  8 13:13:26 2026
Results reported at Thu Oct  8 13:13:26 2026

Your job looked like:

------------------------------------------------------------
# LSBATCH: User input
bash /public/home/fjhui/ZW/scripts_ts_arm/lsf_cptac2_ts_extract.sh 0/2
------------------------------------------------------------

Successfully completed.

Resource usage summary:

    CPU time :                                   13503.59 sec.
    Max Memory :                                 796 MB
    Average Memory :                             698.73 MB
    Total Requested Memory :                     -
    Delta Memory :                               -
    Max Swap :                                   2 MB
    Max Processes :                              4
    Max Threads :                                10
    Run time :                                   13687 sec.
    Turnaround time :                            13687 sec.

The output (if any) follows:

=== job start: host=gpu02 date=Thu Oct  8 09:25:21 CST 2026 shard=0/2 args= ===
GPU 0: NVIDIA L20 (UUID: GPU-0de280e4-0c4c-247e-ae0a-01f5358536b7)
device=cuda
manifest /public/home/fjhui/ZW/cptac2_brca/manifest_brca_ts_slides.txt: 189 listed, 189 present, 0 present-but-unlisted (ignored), 0 listed-but-missing
found 95 slides under /public/home/fjhui/ZW/cptac2_brca/slides_ts shard 0/2
[1/95] skip (done): TCGA-A2-A0CM-01A-03-BSC.c240a44d-0583-496e-bdef-5cdb5e0ee167
[2/95] skip (done): TCGA-A2-A0D0-01A-01-BSA.de3699b8-cd5b-4bac-af17-b63d447c55e7
[3/95] embedding TCGA-A2-A0EQ-01A-01-BSA.fa7a323e-2939-4941-a56f-3b7352b16050 ...
  saved 15779 tiles x 768d -> /public/home/fjhui/ZW/cptac2_brca/emb_phikon_ts/TCGA-A2-A0EQ-01A-01-BSA.fa7a323e-2939-4941-a56f-3b7352b16050.pt
[4/95] embedding TCGA-A2-A0EV-01A-01-BSA.895f4272-acc0-48e5-8c91-58209e6aa849 ...
  saved 13707 tiles x 768d -> /public/home/fjhui/ZW/cptac2_brca/emb_phikon_ts/TCGA-A2-A0EV-01A-01-BSA.895f4272-acc0-48e5-8c91-58209e6aa849.pt
[5/95] embedding TCGA-A2-A0EX-01A-02-MSB.8a884510-c00e-442d-bf13-1eb36f4ee10b ...
  saved 12008 tiles x 768d -> /public/home/fjhui/ZW/cptac2_brca/emb_phikon_ts/TCGA-A2-A0EX-01A-02-MSB.8a884510-c00e-442d-bf13-1eb36f4ee10b.pt
[6/95] embedding TCGA-A2-A0EY-01A-01-BSA.dbf1ad9c-0529-4b08-90fc-5b1d7da797aa ...
  saved 10516 tiles x 768d -> /public/home/fjhui/ZW/cptac2_brca/emb_phikon_ts/TCGA-A2-A0EY-01A-01-BSA.dbf1ad9c-0529-4b08-90fc-5b1d7da797aa.pt
[7/95] embedding TCGA-A2-A0SW-01A-01-BSA.7a710f66-502f-43fa-94eb-742243cf2aff ...
  saved 4914 tiles x 768d -> /public/home/fjhui/ZW/cptac2_brca/emb_phikon_ts/TCGA-A2-A0SW-01A-01-BSA.7a710f66-502f-43fa-94eb-742243cf2aff.pt
[8/95] embedding TCGA-A2-A0SX-01A-01-BSA.7c3c820b-1ddc-4a92-a59d-7ac2df9a7313 ...
  saved 7079 tiles x 768d -> /public/home/fjhui/ZW/cptac2_brca/emb_phikon_ts/TCGA-A2-A0SX-01A-01-BSA.7c3c820b-1ddc-4a92-a59d-7ac2df9a7313.pt
[9/95] embedding TCGA-A2-A0T1-01A-02-BSB.3bba2447-a52a-4ed3-88b5-c91124ecbcac ...
  saved 8243 tiles x 768d -> /public/home/fjhui/ZW/cptac2_brca/emb_phikon_ts/TCGA-A2-A0T1-01A-02-BSB.3bba2447-a52a-4ed3-88b5-c91124ecbcac.pt
[10/95] embedding TCGA-A2-A0T2-01A-01-BSA.3613219b-687b-419f-ac8f-33b668b72446 ...
  saved 5717 tiles x 768d -> /public/home/fjhui/ZW/cptac2_brca/emb_phikon_ts/TCGA-A2-A0T2-01A-01-BSA.3613219b-687b-419f-ac8f-33b668b72446.pt
[11/95] embedding TCGA-A2-A0T3-01A-02-BSB.19f759a7-4b0f-43f3-b1ac-bce827f93fc6 ...
  saved 9632 tiles x 768d -> /public/home/fjhui/ZW/cptac2_brca/emb_phikon_ts/TCGA-A2-A0T3-01A-02-BSB.19f759a7-4b0f-43f3-b1ac-bce827f93fc6.pt
[12/95] embedding TCGA-A2-A0T6-01A-01-BSA.b82fe5ae-dafc-45d6-9410-b6ef20725739 ...
  saved 3914 tiles x 768d -> /public/home/fjhui/ZW/cptac2_brca/emb_phikon_ts/TCGA-A2-A0T6-01A-01-BSA.b82fe5ae-dafc-45d6-9410-b6ef20725739.pt
[13/95] embedding TCGA-A2-A0T7-01A-02-BSB.8f69b301-dcf9-4a7f-a504-187f9a11252a ...
  saved 14911 tiles x 768d -> /public/home/fjhui/ZW/cptac2_brca/emb_phikon_ts/TCGA-A2-A0T7-01A-02-BSB.8f69b301-dcf9-4a7f-a504-187f9a11252a.pt
[14/95] embedding TCGA-A2-A0YC-01A-01-MSA.05ee8628-8199-466f-9e26-012186642f25 ...
  saved 4827 tiles x 768d -> /public/home/fjhui/ZW/cptac2_brca/emb_phikon_ts/TCGA-A2-A0YC-01A-01-MSA.05ee8628-8199-466f-9e26-012186642f25.pt
[15/95] embedding TCGA-A2-A0YD-01A-01-BSA.dbbc3956-3306-4e98-904d-15ed9c0ff148 ...
  saved 9991 tiles x 768d -> /public/home/fjhui/ZW/cptac2_brca/emb_phikon_ts/TCGA-A2-A0YD-01A-01-BSA.dbbc3956-3306-4e98-904d-15ed9c0ff148.pt
[16/95] embedding TCGA-A2-A0YF-01A-02-MSB.2e4e34a9-4701-4b96-b3d6-22d46c792fa9 ...
  saved 8331 tiles x 768d -> /public/home/fjhui/ZW/cptac2_brca/emb_phikon_ts/TCGA-A2-A0YF-01A-02-MSB.2e4e34a9-4701-4b96-b3d6-22d46c792fa9.pt
[17/95] embedding TCGA-A2-A0YG-01A-02-BSB.23b5c2d3-91a2-4091-bd43-04210baa9941 ...
  saved 17900 tiles x 768d -> /public/home/fjhui/ZW/cptac2_brca/emb_phikon_ts/TCGA-A2-A0YG-01A-02-BSB.23b5c2d3-91a2-4091-bd43-04210baa9941.pt
[18/95] embedding TCGA-A2-A0YI-01A-03-BSC.29006cd1-80d6-4b68-a760-ba91a34b9942 ...
  saved 9702 tiles x 768d -> /public/home/fjhui/ZW/cptac2_brca/emb_phikon_ts/TCGA-A2-A0YI-01A-03-BSC.29006cd1-80d6-4b68-a760-ba91a34b9942.pt
[19/95] embedding TCGA-A2-A0YL-01A-02-BSB.b9a27669-4484-41f2-ae55-85eeb3792e60 ...
  saved 7725 tiles x 768d -> /public/home/fjhui/ZW/cptac2_brca/emb_phikon_ts/TCGA-A2-A0YL-01A-02-BSB.b9a27669-4484-41f2-ae55-85eeb3792e60.pt
[20/95] embedding TCGA-A2-A0YM-01A-01-BSA.26fc4cb8-24ef-494a-9334-db3a9099199f ...
  saved 4000 tiles x 768d -> /public/home/fjhui/ZW/cptac2_brca/emb_phikon_ts/TCGA-A2-A0YM-01A-01-BSA.26fc4cb8-24ef-494a-9334-db3a9099199f.pt
[21/95] embedding TCGA-A7-A0CD-01A-01-BSA.a48267de-7bf0-409f-a8b5-9712f2e06a90 ...
  saved 20338 tiles x 768d -> /public/home/fjhui/ZW/cptac2_brca/emb_phikon_ts/TCGA-A7-A0CD-01A-01-BSA.a48267de-7bf0-409f-a8b5-9712f2e06a90.pt
[22/95] embedding TCGA-A7-A0CE-01A-01-BS1.33fde61b-7c02-43d1-978f-56808f6a278e ...
  saved 22820 tiles x 768d -> /public/home/fjhui/ZW/cptac2_brca/emb_phikon_ts/TCGA-A7-A0CE-01A-01-BS1.33fde61b-7c02-43d1-978f-56808f6a278e.pt
[23/95] embedding TCGA-A7-A0CJ-01A-02-BSB.c0dd564e-d0a6-4e94-b050-824b05d29f23 ...
  saved 14427 tiles x 768d -> /public/home/fjhui/ZW/cptac2_brca/emb_phikon_ts/TCGA-A7-A0CJ-01A-02-BSB.c0dd564e-d0a6-4e94-b050-824b05d29f23.pt
[24/95] embedding TCGA-A7-A13F-01A-01-BS1.96f41b20-1b8b-4a7d-93ed-6b8b2cbe1150 ...
  saved 6771 tiles x 768d -> /public/home/fjhui/ZW/cptac2_brca/emb_phikon_ts/TCGA-A7-A13F-01A-01-BS1.96f41b20-1b8b-4a7d-93ed-6b8b2cbe1150.pt
[25/95] embedding TCGA-A8-A06N-01A-01-BS1.12bf6cf9-767e-469a-ab07-accd6b3b134e ...
  saved 19795 tiles x 768d -> /public/home/fjhui/ZW/cptac2_brca/emb_phikon_ts/TCGA-A8-A06N-01A-01-BS1.12bf6cf9-767e-469a-ab07-accd6b3b134e.pt
[26/95] embedding TCGA-A8-A06Z-01A-01-BS1.d29f4573-c196-4e24-813d-131a00f55b78 ...
  saved 11611 tiles x 768d -> /public/home/fjhui/ZW/cptac2_brca/emb_phikon_ts/TCGA-A8-A06Z-01A-01-BS1.d29f4573-c196-4e24-813d-131a00f55b78.pt
[27/95] embedding TCGA-A8-A076-01A-02-BSB.7619e564-4d3c-40b9-ad85-5bb8dd934d3b ...
  saved 5660 tiles x 768d -> /public/home/fjhui/ZW/cptac2_brca/emb_phikon_ts/TCGA-A8-A076-01A-02-BSB.7619e564-4d3c-40b9-ad85-5bb8dd934d3b.pt
[28/95] embedding TCGA-A8-A079-01A-02-BS2.af4b2721-1e8c-4b61-b03f-1a50c2366832 ...
  saved 5051 tiles x 768d -> /public/home/fjhui/ZW/cptac2_brca/emb_phikon_ts/TCGA-A8-A079-01A-02-BS2.af4b2721-1e8c-4b61-b03f-1a50c2366832.pt
[29/95] embedding TCGA-A8-A08G-01A-01-BS1.1db0beb9-ba79-4391-8e89-ba0ece7fd68c ...
  saved 16320 tiles x 768d -> /public/home/fjhui/ZW/cptac2_brca/emb_phikon_ts/TCGA-A8-A08G-01A-01-BS1.1db0beb9-ba79-4391-8e89-ba0ece7fd68c.pt
[30/95] embedding TCGA-A8-A08Z-01A-01-BS1.1fb87e93-fd85-4c69-a7e0-a8e3d889851a ...
  saved 26032 tiles x 768d -> /public/home/fjhui/ZW/cptac2_brca/emb_phikon_ts/TCGA-A8-A08Z-01A-01-BS1.1fb87e93-fd85-4c69-a7e0-a8e3d889851a.pt
[31/95] embedding TCGA-A8-A09G-01A-01-BS1.d16e6e1e-268a-4973-97c5-8aa9cdef622b ...
  saved 3899 tiles x 768d -> /public/home/fjhui/ZW/cptac2_brca/emb_phikon_ts/TCGA-A8-A09G-01A-01-BS1.d16e6e1e-268a-4973-97c5-8aa9cdef622b.pt
[32/95] embedding TCGA-A8-A09I-01A-01-BS1.b0debb62-86b0-459f-b62b-604bb9f17e5d ...
  saved 4130 tiles x 768d -> /public/home/fjhui/ZW/cptac2_brca/emb_phikon_ts/TCGA-A8-A09I-01A-01-BS1.b0debb62-86b0-459f-b62b-604bb9f17e5d.pt
[33/95] embedding TCGA-AN-A0AJ-01A-01-BSA.e768585b-8fac-4998-88a6-29983ae06c92 ...
  saved 7990 tiles x 768d -> /public/home/fjhui/ZW/cptac2_brca/emb_phikon_ts/TCGA-AN-A0AJ-01A-01-BSA.e768585b-8fac-4998-88a6-29983ae06c92.pt
[34/95] embedding TCGA-AN-A0AL-01A-01-BSA.56e46756-aa0f-4c59-a189-ee4c9601b3ea ...
  saved 7675 tiles x 768d -> /public/home/fjhui/ZW/cptac2_brca/emb_phikon_ts/TCGA-AN-A0AL-01A-01-BSA.56e46756-aa0f-4c59-a189-ee4c9601b3ea.pt
[35/95] embedding TCGA-AN-A0AM-01A-01-BSA.1736e9ff-6a00-45e7-8ab9-b81018eea03f ...
  saved 19476 tiles x 768d -> /public/home/fjhui/ZW/cptac2_brca/emb_phikon_ts/TCGA-AN-A0AM-01A-01-BSA.1736e9ff-6a00-45e7-8ab9-b81018eea03f.pt
[36/95] embedding TCGA-AN-A0AS-01A-01-BSA.1c59c3dd-eebc-421c-ad6f-953c0b924b13 ...
  saved 8372 tiles x 768d -> /public/home/fjhui/ZW/cptac2_brca/emb_phikon_ts/TCGA-AN-A0AS-01A-01-BSA.1c59c3dd-eebc-421c-ad6f-953c0b924b13.pt
[37/95] embedding TCGA-AN-A0FK-01A-01-BSA.532b125c-98bb-44d7-a041-fb2506b70e26 ...
  saved 9268 tiles x 768d -> /public/home/fjhui/ZW/cptac2_brca/emb_phikon_ts/TCGA-AN-A0FK-01A-01-BSA.532b125c-98bb-44d7-a041-fb2506b70e26.pt
[38/95] embedding TCGA-AN-A0FL-01A-01-BSA.78d30e6e-2bd3-439c-8063-5ca6a09828cc ...
  saved 14111 tiles x 768d -> /public/home/fjhui/ZW/cptac2_brca/emb_phikon_ts/TCGA-AN-A0FL-01A-01-BSA.78d30e6e-2bd3-439c-8063-5ca6a09828cc.pt
[39/95] embedding TCGA-AO-A03O-01A-01-BS1.8b349194-04c1-4a85-947c-9397d5267823 ...
  saved 7017 tiles x 768d -> /public/home/fjhui/ZW/cptac2_brca/emb_phikon_ts/TCGA-AO-A03O-01A-01-BS1.8b349194-04c1-4a85-947c-9397d5267823.pt
[40/95] embedding TCGA-AO-A0J6-01A-01-BSA.094c1ad0-5cd5-4b13-af5e-9c7d3688aa23 ...
  saved 22600 tiles x 768d -> /public/home/fjhui/ZW/cptac2_brca/emb_phikon_ts/TCGA-AO-A0J6-01A-01-BSA.094c1ad0-5cd5-4b13-af5e-9c7d3688aa23.pt
[41/95] embedding TCGA-AO-A0J9-01A-01-BSA.a5487965-8c66-4e0d-9dfe-53bb39d7f9fa ...
  saved 2849 tiles x 768d -> /public/home/fjhui/ZW/cptac2_brca/emb_phikon_ts/TCGA-AO-A0J9-01A-01-BSA.a5487965-8c66-4e0d-9dfe-53bb39d7f9fa.pt
[42/95] embedding TCGA-AO-A0JC-01A-01-BSA.2a81630f-81ee-4c33-ba26-0e825cfa5f72 ...
  saved 8074 tiles x 768d -> /public/home/fjhui/ZW/cptac2_brca/emb_phikon_ts/TCGA-AO-A0JC-01A-01-BSA.2a81630f-81ee-4c33-ba26-0e825cfa5f72.pt
[43/95] embedding TCGA-AO-A0JE-01A-01-BSA.8f04fdde-1427-45f9-bcd9-4449d501c109 ...
  saved 26955 tiles x 768d -> /public/home/fjhui/ZW/cptac2_brca/emb_phikon_ts/TCGA-AO-A0JE-01A-01-BSA.8f04fdde-1427-45f9-bcd9-4449d501c109.pt
[44/95] embedding TCGA-AO-A0JJ-01A-01-BSA.132f03bb-3b31-485c-b814-0f4bf204440e ...
  saved 6194 tiles x 768d -> /public/home/fjhui/ZW/cptac2_brca/emb_phikon_ts/TCGA-AO-A0JJ-01A-01-BSA.132f03bb-3b31-485c-b814-0f4bf204440e.pt
[45/95] embedding TCGA-AO-A0JL-01A-01-BSA.796a85da-b722-4311-89f8-8b397ea10c85 ...
  saved 10985 tiles x 768d -> /public/home/fjhui/ZW/cptac2_brca/emb_phikon_ts/TCGA-AO-A0JL-01A-01-BSA.796a85da-b722-4311-89f8-8b397ea10c85.pt
[46/95] embedding TCGA-AO-A0JM-01A-02-BSB.2f3cfa20-a735-4e35-ae2d-2d2dd211339d ...
  saved 7535 tiles x 768d -> /public/home/fjhui/ZW/cptac2_brca/emb_phikon_ts/TCGA-AO-A0JM-01A-02-BSB.2f3cfa20-a735-4e35-ae2d-2d2dd211339d.pt
[47/95] embedding TCGA-AO-A126-01A-01-BSA.d9c05421-91fc-4fdd-988d-2b404fa24095 ...
  saved 5190 tiles x 768d -> /public/home/fjhui/ZW/cptac2_brca/emb_phikon_ts/TCGA-AO-A126-01A-01-BSA.d9c05421-91fc-4fdd-988d-2b404fa24095.pt
[48/95] embedding TCGA-AO-A12B-01A-01-BSA.ec654e0e-2adc-488b-8653-acbf6164419e ...
  saved 11802 tiles x 768d -> /public/home/fjhui/ZW/cptac2_brca/emb_phikon_ts/TCGA-AO-A12B-01A-01-BSA.ec654e0e-2adc-488b-8653-acbf6164419e.pt
[49/95] embedding TCGA-AO-A12D-01A-01-BSA.e75eaf83-11b8-49a2-b6b1-77f98fa6660a ...
  saved 13029 tiles x 768d -> /public/home/fjhui/ZW/cptac2_brca/emb_phikon_ts/TCGA-AO-A12D-01A-01-BSA.e75eaf83-11b8-49a2-b6b1-77f98fa6660a.pt
[50/95] embedding TCGA-AO-A12E-01A-01-BSA.9b55ad59-32de-4238-9958-b54e3a43eb2e ...
  saved 3633 tiles x 768d -> /public/home/fjhui/ZW/cptac2_brca/emb_phikon_ts/TCGA-AO-A12E-01A-01-BSA.9b55ad59-32de-4238-9958-b54e3a43eb2e.pt
[51/95] embedding TCGA-AO-A12F-01A-01-BSA.54904b26-0053-4e3e-8f3e-dd67ed8194a5 ...
  saved 3808 tiles x 768d -> /public/home/fjhui/ZW/cptac2_brca/emb_phikon_ts/TCGA-AO-A12F-01A-01-BSA.54904b26-0053-4e3e-8f3e-dd67ed8194a5.pt
[52/95] embedding TCGA-AR-A0TR-01A-01-BSA.f1455ed0-393b-495c-9618-bbe3088baf4d ...
  saved 10886 tiles x 768d -> /public/home/fjhui/ZW/cptac2_brca/emb_phikon_ts/TCGA-AR-A0TR-01A-01-BSA.f1455ed0-393b-495c-9618-bbe3088baf4d.pt
[53/95] embedding TCGA-AR-A0TT-01A-03-BSC.06e9fb5e-1c6e-4778-9c52-d026628f39c7 ...
  saved 6041 tiles x 768d -> /public/home/fjhui/ZW/cptac2_brca/emb_phikon_ts/TCGA-AR-A0TT-01A-03-BSC.06e9fb5e-1c6e-4778-9c52-d026628f39c7.pt
[54/95] embedding TCGA-AR-A0TV-01A-02-BSB.e4adf5bf-398f-402f-997e-7b5ef9facbe8 ...
  saved 4859 tiles x 768d -> /public/home/fjhui/ZW/cptac2_brca/emb_phikon_ts/TCGA-AR-A0TV-01A-02-BSB.e4adf5bf-398f-402f-997e-7b5ef9facbe8.pt
[55/95] embedding TCGA-AR-A0TX-01A-01-BSA.2d59aca1-69fd-4105-830a-a687eddd27c9 ...
  saved 2687 tiles x 768d -> /public/home/fjhui/ZW/cptac2_brca/emb_phikon_ts/TCGA-AR-A0TX-01A-01-BSA.2d59aca1-69fd-4105-830a-a687eddd27c9.pt
[56/95] embedding TCGA-AR-A0TY-01A-01-MSA.94fa564d-0f66-4307-bfcc-41b0fe4886b9 ...
  saved 14947 tiles x 768d -> /public/home/fjhui/ZW/cptac2_brca/emb_phikon_ts/TCGA-AR-A0TY-01A-01-MSA.94fa564d-0f66-4307-bfcc-41b0fe4886b9.pt
[57/95] embedding TCGA-AR-A0U4-01A-01-BSA.abebefec-9cf4-47c8-8c70-a7b17dc97171 ...
  saved 10064 tiles x 768d -> /public/home/fjhui/ZW/cptac2_brca/emb_phikon_ts/TCGA-AR-A0U4-01A-01-BSA.abebefec-9cf4-47c8-8c70-a7b17dc97171.pt
[58/95] embedding TCGA-AR-A1AP-01A-01-TSA.462d1ac8-1c00-4690-9d0e-975853c4c5f2 ...
  saved 8527 tiles x 768d -> /public/home/fjhui/ZW/cptac2_brca/emb_phikon_ts/TCGA-AR-A1AP-01A-01-TSA.462d1ac8-1c00-4690-9d0e-975853c4c5f2.pt
[59/95] embedding TCGA-AR-A1AS-01A-01-TSA.235f24b3-d72a-419e-8f5c-ffc808dc06be ...
  saved 10445 tiles x 768d -> /public/home/fjhui/ZW/cptac2_brca/emb_phikon_ts/TCGA-AR-A1AS-01A-01-TSA.235f24b3-d72a-419e-8f5c-ffc808dc06be.pt
[60/95] embedding TCGA-AR-A1AW-01A-02-TSB.d237252f-1ece-4bc3-b84c-d7de505c0a56 ...
  saved 7835 tiles x 768d -> /public/home/fjhui/ZW/cptac2_brca/emb_phikon_ts/TCGA-AR-A1AW-01A-02-TSB.d237252f-1ece-4bc3-b84c-d7de505c0a56.pt
[61/95] embedding TCGA-BH-A0AV-01A-03-MSC.f769a3c4-ee58-45c2-931e-d94b31981169 ...
  saved 18277 tiles x 768d -> /public/home/fjhui/ZW/cptac2_brca/emb_phikon_ts/TCGA-BH-A0AV-01A-03-MSC.f769a3c4-ee58-45c2-931e-d94b31981169.pt
[62/95] embedding TCGA-BH-A0BV-01A-01-TSA.f5f04523-e30b-4204-99f4-0003ceec2724 ...
  saved 25101 tiles x 768d -> /public/home/fjhui/ZW/cptac2_brca/emb_phikon_ts/TCGA-BH-A0BV-01A-01-TSA.f5f04523-e30b-4204-99f4-0003ceec2724.pt
[63/95] embedding TCGA-BH-A0BZ-01A-03-TSC.18e04e86-9ccb-4773-bcf3-d7f0c54c6e2a ...
  saved 28839 tiles x 768d -> /public/home/fjhui/ZW/cptac2_brca/emb_phikon_ts/TCGA-BH-A0BZ-01A-03-TSC.18e04e86-9ccb-4773-bcf3-d7f0c54c6e2a.pt
[64/95] embedding TCGA-BH-A0C0-01A-02-TSB.b5d6fdae-cc88-4ded-a599-f778187bdc37 ...
  saved 16252 tiles x 768d -> /public/home/fjhui/ZW/cptac2_brca/emb_phikon_ts/TCGA-BH-A0C0-01A-02-TSB.b5d6fdae-cc88-4ded-a599-f778187bdc37.pt
[65/95] embedding TCGA-BH-A0C1-01B-01-TS1.34796b87-c808-47ff-8a33-ce181cd00674 ...
  saved 14745 tiles x 768d -> /public/home/fjhui/ZW/cptac2_brca/emb_phikon_ts/TCGA-BH-A0C1-01B-01-TS1.34796b87-c808-47ff-8a33-ce181cd00674.pt
[66/95] embedding TCGA-BH-A0C7-01B-01-TSA.deec957f-1264-4169-945e-24d4bd1988cd ...
  saved 10153 tiles x 768d -> /public/home/fjhui/ZW/cptac2_brca/emb_phikon_ts/TCGA-BH-A0C7-01B-01-TSA.deec957f-1264-4169-945e-24d4bd1988cd.pt
[67/95] embedding TCGA-BH-A0DD-01A-03-TSC.0088505b-5e18-49c4-bc2b-7946b2780383 ...
  saved 22448 tiles x 768d -> /public/home/fjhui/ZW/cptac2_brca/emb_phikon_ts/TCGA-BH-A0DD-01A-03-TSC.0088505b-5e18-49c4-bc2b-7946b2780383.pt
[68/95] embedding TCGA-BH-A0DG-01A-02-MSB.46920fd1-be28-491c-87cd-01ae77283a76 ...
  saved 8094 tiles x 768d -> /public/home/fjhui/ZW/cptac2_brca/emb_phikon_ts/TCGA-BH-A0DG-01A-02-MSB.46920fd1-be28-491c-87cd-01ae77283a76.pt
[69/95] embedding TCGA-BH-A0E0-01A-01-TSA.6d266771-231b-4305-afd9-ec77a67f2e73 ...
  saved 11342 tiles x 768d -> /public/home/fjhui/ZW/cptac2_brca/emb_phikon_ts/TCGA-BH-A0E0-01A-01-TSA.6d266771-231b-4305-afd9-ec77a67f2e73.pt
[70/95] embedding TCGA-BH-A0E1-01A-01-TSA.01da1142-7d58-419d-998b-acd3be403d31 ...
  saved 11936 tiles x 768d -> /public/home/fjhui/ZW/cptac2_brca/emb_phikon_ts/TCGA-BH-A0E1-01A-01-TSA.01da1142-7d58-419d-998b-acd3be403d31.pt
[71/95] embedding TCGA-BH-A0E9-01B-01-MSA.dd6f8fe7-ceaa-4396-82c2-f27d12a6dd6b ...
  saved 16210 tiles x 768d -> /public/home/fjhui/ZW/cptac2_brca/emb_phikon_ts/TCGA-BH-A0E9-01B-01-MSA.dd6f8fe7-ceaa-4396-82c2-f27d12a6dd6b.pt
[72/95] embedding TCGA-BH-A0EE-01A-01-TSA.73130d8d-377f-4924-b023-0908ec862747 ...
  saved 14998 tiles x 768d -> /public/home/fjhui/ZW/cptac2_brca/emb_phikon_ts/TCGA-BH-A0EE-01A-01-TSA.73130d8d-377f-4924-b023-0908ec862747.pt
[73/95] embedding TCGA-BH-A0HK-01A-01-TSA.baefe9ea-a565-4ec1-92b2-6b62ed9944e3 ...
  saved 6788 tiles x 768d -> /public/home/fjhui/ZW/cptac2_brca/emb_phikon_ts/TCGA-BH-A0HK-01A-01-TSA.baefe9ea-a565-4ec1-92b2-6b62ed9944e3.pt
[74/95] embedding TCGA-BH-A0HP-01A-01-TSA.f21bc9c8-67ad-4b4c-b9ac-5d824f2c0df8 ...
  saved 25671 tiles x 768d -> /public/home/fjhui/ZW/cptac2_brca/emb_phikon_ts/TCGA-BH-A0HP-01A-01-TSA.f21bc9c8-67ad-4b4c-b9ac-5d824f2c0df8.pt
[75/95] embedding TCGA-BH-A18Q-01A-01-TSA.53679e88-228a-40c4-b82b-742c601e3096 ...
  saved 13835 tiles x 768d -> /public/home/fjhui/ZW/cptac2_brca/emb_phikon_ts/TCGA-BH-A18Q-01A-01-TSA.53679e88-228a-40c4-b82b-742c601e3096.pt
[76/95] embedding TCGA-BH-A18U-01A-02-TSB.157a84f2-044a-4414-a029-d5b626e1b53e ...
  saved 6806 tiles x 768d -> /public/home/fjhui/ZW/cptac2_brca/emb_phikon_ts/TCGA-BH-A18U-01A-02-TSB.157a84f2-044a-4414-a029-d5b626e1b53e.pt
[77/95] embedding TCGA-C8-A12L-01A-01-BSA.f97cb175-3951-4f67-ac52-18ad07e74726 ...
  saved 11714 tiles x 768d -> /public/home/fjhui/ZW/cptac2_brca/emb_phikon_ts/TCGA-C8-A12L-01A-01-BSA.f97cb175-3951-4f67-ac52-18ad07e74726.pt
[78/95] embedding TCGA-C8-A12P-01A-01-BSA.0c86a6ed-1d8f-47a9-ab33-7d232c3e359b ...
  saved 18962 tiles x 768d -> /public/home/fjhui/ZW/cptac2_brca/emb_phikon_ts/TCGA-C8-A12P-01A-01-BSA.0c86a6ed-1d8f-47a9-ab33-7d232c3e359b.pt
[79/95] embedding TCGA-C8-A12Q-01A-01-BSA.0ca5b171-d61d-4e6d-b365-4cd6bd288aec ...
  saved 13673 tiles x 768d -> /public/home/fjhui/ZW/cptac2_brca/emb_phikon_ts/TCGA-C8-A12Q-01A-01-BSA.0ca5b171-d61d-4e6d-b365-4cd6bd288aec.pt
[80/95] embedding TCGA-C8-A12T-01A-01-BSA.bad01673-9581-4bac-b060-56e5bbc2fcd3 ...
  saved 11790 tiles x 768d -> /public/home/fjhui/ZW/cptac2_brca/emb_phikon_ts/TCGA-C8-A12T-01A-01-BSA.bad01673-9581-4bac-b060-56e5bbc2fcd3.pt
[81/95] embedding TCGA-C8-A12U-01A-01-BSA.7c5796ff-ef35-4ced-8216-254cd8cbc271 ...
  saved 5910 tiles x 768d -> /public/home/fjhui/ZW/cptac2_brca/emb_phikon_ts/TCGA-C8-A12U-01A-01-BSA.7c5796ff-ef35-4ced-8216-254cd8cbc271.pt
[82/95] embedding TCGA-C8-A12V-01A-01-BSA.786f1496-199f-41ae-a487-540f3f599600 ...
  saved 6725 tiles x 768d -> /public/home/fjhui/ZW/cptac2_brca/emb_phikon_ts/TCGA-C8-A12V-01A-01-BSA.786f1496-199f-41ae-a487-540f3f599600.pt
[83/95] embedding TCGA-C8-A12W-01A-01-BSA.16af5fbe-7bcf-4274-8762-e255595462f6 ...
  saved 9544 tiles x 768d -> /public/home/fjhui/ZW/cptac2_brca/emb_phikon_ts/TCGA-C8-A12W-01A-01-BSA.16af5fbe-7bcf-4274-8762-e255595462f6.pt
[84/95] embedding TCGA-C8-A12Z-01A-01-BSA.e7ddd80e-4b44-49f3-ac1c-4cf2b061c0a6 ...
  saved 14097 tiles x 768d -> /public/home/fjhui/ZW/cptac2_brca/emb_phikon_ts/TCGA-C8-A12Z-01A-01-BSA.e7ddd80e-4b44-49f3-ac1c-4cf2b061c0a6.pt
[85/95] embedding TCGA-C8-A130-01A-03-BSC.f362f3af-a66f-4a3b-a3cc-3768a59602f3 ...
  saved 10075 tiles x 768d -> /public/home/fjhui/ZW/cptac2_brca/emb_phikon_ts/TCGA-C8-A130-01A-03-BSC.f362f3af-a66f-4a3b-a3cc-3768a59602f3.pt
[86/95] embedding TCGA-C8-A131-01A-01-BSA.df5faaa8-e4ac-4a4b-8ef2-ff2063c9ae2f ...
  saved 12598 tiles x 768d -> /public/home/fjhui/ZW/cptac2_brca/emb_phikon_ts/TCGA-C8-A131-01A-01-BSA.df5faaa8-e4ac-4a4b-8ef2-ff2063c9ae2f.pt
[87/95] embedding TCGA-C8-A134-01A-01-BSA.f8e29c16-ea94-4398-8e3b-c50294afc3e8 ...
  saved 918 tiles x 768d -> /public/home/fjhui/ZW/cptac2_brca/emb_phikon_ts/TCGA-C8-A134-01A-01-BSA.f8e29c16-ea94-4398-8e3b-c50294afc3e8.pt
[88/95] embedding TCGA-C8-A135-01A-01-BSA.4871792f-d00b-4541-815b-7aaa44c43f94 ...
  saved 8698 tiles x 768d -> /public/home/fjhui/ZW/cptac2_brca/emb_phikon_ts/TCGA-C8-A135-01A-01-BSA.4871792f-d00b-4541-815b-7aaa44c43f94.pt
[89/95] embedding TCGA-C8-A138-01A-01-BSA.27aba9f8-6a6e-41b5-b15d-89206cc475a6 ...
  saved 7278 tiles x 768d -> /public/home/fjhui/ZW/cptac2_brca/emb_phikon_ts/TCGA-C8-A138-01A-01-BSA.27aba9f8-6a6e-41b5-b15d-89206cc475a6.pt
[90/95] embedding TCGA-D8-A13Y-01A-01-BSA.e5ebf2b4-7022-45da-8001-e499964080fd ...
  saved 11129 tiles x 768d -> /public/home/fjhui/ZW/cptac2_brca/emb_phikon_ts/TCGA-D8-A13Y-01A-01-BSA.e5ebf2b4-7022-45da-8001-e499964080fd.pt
[91/95] embedding TCGA-D8-A142-01A-01-BS1.82a62b94-698c-4047-a13d-083bf49170ed ...
  saved 7811 tiles x 768d -> /public/home/fjhui/ZW/cptac2_brca/emb_phikon_ts/TCGA-D8-A142-01A-01-BS1.82a62b94-698c-4047-a13d-083bf49170ed.pt
[92/95] embedding TCGA-E2-A10A-01A-02-BSB.79389df7-59f1-427f-80d4-3a959407407e ...
  saved 1577 tiles x 768d -> /public/home/fjhui/ZW/cptac2_brca/emb_phikon_ts/TCGA-E2-A10A-01A-02-BSB.79389df7-59f1-427f-80d4-3a959407407e.pt
[93/95] embedding TCGA-E2-A150-01A-01-TSA.c32feae0-434d-4e04-9cfa-5b0d89547711 ...
  saved 4306 tiles x 768d -> /public/home/fjhui/ZW/cptac2_brca/emb_phikon_ts/TCGA-E2-A150-01A-01-TSA.c32feae0-434d-4e04-9cfa-5b0d89547711.pt
[94/95] embedding TCGA-E2-A158-01A-01-TS1.7dc3c147-bcdb-4e14-83ef-71e24102846a ...
  saved 7933 tiles x 768d -> /public/home/fjhui/ZW/cptac2_brca/emb_phikon_ts/TCGA-E2-A158-01A-01-TS1.7dc3c147-bcdb-4e14-83ef-71e24102846a.pt
[95/95] embedding TCGA-E2-A15A-01A-01-TS1.12b3eabe-32d3-4772-8337-e4ae024911bb ...
  saved 9357 tiles x 768d -> /public/home/fjhui/ZW/cptac2_brca/emb_phikon_ts/TCGA-E2-A15A-01A-01-TS1.12b3eabe-32d3-4772-8337-e4ae024911bb.pt

done. ok=95 fail=0 out_dir=/public/home/fjhui/ZW/cptac2_brca/emb_phikon_ts
=== job end rc=0 date=Thu Oct  8 13:13:26 CST 2026 ===


PS:

Read file </public/home/fjhui/ZW/cptac2_brca/ts_ext0.err> for stderr output of this job.

