Sender: LSF System <lsfadmin@s003>
Subject: Job 75742043: <bash /public/home/fjhui/ZW/scripts_ts_arm/lsf_cptac2_ts_residual.sh ts --pool tile> in cluster <hzauhpc> Done

Job <bash /public/home/fjhui/ZW/scripts_ts_arm/lsf_cptac2_ts_residual.sh ts --pool tile> was submitted from host <mn02> by user <fjhui> in cluster <hzauhpc> at Fri Oct  9 17:56:13 2026
Job was executed on host(s) <s003>, in queue <smp>, as user <fjhui> in cluster <hzauhpc> at Fri Oct  9 22:23:37 2026
</public/home/fjhui> was used as the home directory.
</public/home/fjhui/ZW/scripts> was used as the working directory.
Started at Fri Oct  9 22:23:37 2026
Terminated at Sat Oct 10 02:38:43 2026
Results reported at Sat Oct 10 02:38:43 2026

Your job looked like:

------------------------------------------------------------
# LSBATCH: User input
bash /public/home/fjhui/ZW/scripts_ts_arm/lsf_cptac2_ts_residual.sh ts --pool tile
------------------------------------------------------------

Successfully completed.

Resource usage summary:

    CPU time :                                   15200.70 sec.
    Max Memory :                                 1083 MB
    Average Memory :                             904.65 MB
    Total Requested Memory :                     10000.00 MB
    Delta Memory :                               8917.00 MB
    Max Swap :                                   -
    Max Processes :                              4
    Max Threads :                                6
    Run time :                                   15306 sec.
    Turnaround time :                            31350 sec.

The output (if any) follows:

=== resid start: arm=ts host=s003 date=2026-10-09T14:23:37Z args=--pool tile ===
ts slide check OK: frozen 189, analysed list 189, recorded skips 0, embeddings 189
[TCGA-BRCA] slide-type=ts pool=tile EMB=/public/home/fjhui/ZW/cptac2_brca/emb_phikon_ts OUT=/public/home/fjhui/ZW/cptac2_brca/results_ts
[TCGA-BRCA] embeddings: 189 kept, 0 skipped by sample-code filter, 102 cases
[TCGA-BRCA] --case-list /public/home/fjhui/ZW/cptac2_brca/dx_case_list.tsv: 102 cases requested, 0 not in common: []
[TCGA-BRCA] cases: protein 108, rna 102, wsi 102, common 102
[TCGA-BRCA] testing 10369 proteins present in RNA -- this is a multi-hour CPU job, progress prints every 200 genes
  [400/10369] ...
  [600/10369] ...
  [800/10369] ...
  [1000/10369] ...
  [1200/10369] ...
  [1400/10369] ...
  [1600/10369] ...
  [1800/10369] ...
  [2000/10369] ...
  [2200/10369] ...
  [2400/10369] ...
  [2600/10369] ...
  [2800/10369] ...
  [3000/10369] ...
  [3200/10369] ...
  [3400/10369] ...
  [3600/10369] ...
  [3800/10369] ...
  [4000/10369] ...
  [4200/10369] ...
  [4400/10369] ...
  [4600/10369] ...
  [4800/10369] ...
  [5000/10369] ...
  [5200/10369] ...
  [5600/10369] ...
  [5800/10369] ...
  [6000/10369] ...
  [6200/10369] ...
  [6400/10369] ...
  [6600/10369] ...
  [6800/10369] ...
  [7000/10369] ...
  [7200/10369] ...
  [7400/10369] ...
  [7600/10369] ...
  [7800/10369] ...
  [8000/10369] ...
  [8200/10369] ...
  [8400/10369] ...
  [8600/10369] ...
  [8800/10369] ...
  [9000/10369] ...
  [9200/10369] ...
  [9400/10369] ...
  [9600/10369] ...
  [9800/10369] ...
  [10000/10369] ...
  [10200/10369] ...
[TCGA-BRCA] increment matrix 10031 genes x 1001 -> /public/home/fjhui/ZW/cptac2_brca/results_ts/brca_incr_matrix_ts_tilepool.npz

==================== CPTAC-2 MS EXTERNAL TEST TCGA-BRCA ====================
 project: TCGA-BRCA
 n_cases: 102
 tested: 10031
 significant: 0
 pct_sig: 0.00
 median_incr_sig: nan
 negative_frac_all: 0.99
 slide_type: ts
 pool: tile
 -> /public/home/fjhui/ZW/cptac2_brca/results_ts/brca_protein_results_ts_tilepool.csv , summary_brca_ts_tilepool.csv
 next: python cptac2_enrichment.py TCGA-BRCA
=== resid end: arm=ts rc=0 date=2026-10-09T18:38:43Z ===


PS:

Read file </public/home/fjhui/ZW/cptac2_brca/ts_resid_tile.err> for stderr output of this job.

