Sender: LSF System <lsfadmin@s003>
Subject: Job 75430378: <MORPHO_WSI_EMB_DIR=/public/home/fjhui/ZW/cptac2_brca/emb_phikon_dense python cptac2_residual.py --project TCGA-BRCA> in cluster <hzauhpc> Done

Job <MORPHO_WSI_EMB_DIR=/public/home/fjhui/ZW/cptac2_brca/emb_phikon_dense python cptac2_residual.py --project TCGA-BRCA> was submitted from host <mn02> by user <fjhui> in cluster <hzauhpc> at Mon Sep 14 10:13:09 2026
Job was executed on host(s) <s003>, in queue <smp>, as user <fjhui> in cluster <hzauhpc> at Mon Sep 14 10:13:09 2026
</public/home/fjhui> was used as the home directory.
</public/home/fjhui/ZW/scripts> was used as the working directory.
Started at Mon Sep 14 10:13:09 2026
Terminated at Mon Sep 14 14:35:27 2026
Results reported at Mon Sep 14 14:35:27 2026

Your job looked like:

------------------------------------------------------------
# LSBATCH: User input
MORPHO_WSI_EMB_DIR=/public/home/fjhui/ZW/cptac2_brca/emb_phikon_dense python cptac2_residual.py --project TCGA-BRCA
------------------------------------------------------------

Successfully completed.

Resource usage summary:

    CPU time :                                   15633.79 sec.
    Max Memory :                                 1031 MB
    Average Memory :                             884.32 MB
    Total Requested Memory :                     10000.00 MB
    Delta Memory :                               8969.00 MB
    Max Swap :                                   -
    Max Processes :                              3
    Max Threads :                                4
    Run time :                                   15737 sec.
    Turnaround time :                            15738 sec.

The output (if any) follows:

[TCGA-BRCA] cases: protein 108, rna 102, wsi 102, common 102
[TCGA-BRCA] testing 10369 proteins present in RNA -- this is a multi-hour CPU job, progress prints every 200 genes
  [400/10369] ...
  [600/10369] ...
  [800/10369] ...
  [1000/10369] ...
  [1200/10369] ...
  [1400/10369] ...
  [1600/10369] ...
  [1800/10369] ...
  [2000/10369] ...
  [2200/10369] ...
  [2400/10369] ...
  [2600/10369] ...
  [2800/10369] ...
  [3000/10369] ...
  [3200/10369] ...
  [3400/10369] ...
  [3600/10369] ...
  [3800/10369] ...
  [4000/10369] ...
  [4200/10369] ...
  [4400/10369] ...
  [4600/10369] ...
  [4800/10369] ...
  [5000/10369] ...
  [5200/10369] ...
  [5600/10369] ...
  [5800/10369] ...
  [6000/10369] ...
  [6200/10369] ...
  [6400/10369] ...
  [6600/10369] ...
  [6800/10369] ...
  [7000/10369] ...
  [7200/10369] ...
  [7400/10369] ...
  [7600/10369] ...
  [7800/10369] ...
  [8000/10369] ...
  [8200/10369] ...
  [8400/10369] ...
  [8600/10369] ...
  [8800/10369] ...
  [9000/10369] ...
  [9200/10369] ...
  [9400/10369] ...
  [9600/10369] ...
  [9800/10369] ...
  [10000/10369] ...
  [10200/10369] ...

==================== CPTAC-2 MS EXTERNAL TEST TCGA-BRCA ====================
 project: TCGA-BRCA
 n_cases: 102
 tested: 10031
 significant: 0
 pct_sig: 0.00
 median_incr_sig: nan
 negative_frac_all: 0.99
 -> /public/home/fjhui/ZW/cptac2_brca/results/brca_protein_results.csv , summary_brca.csv
 next: python cptac2_enrichment.py TCGA-BRCA
